Archive member included to satisfy reference by file (symbol)

.\CortexM0\ARM_GCC_541\Debug\Dashboard.a(CAN.o)
                              .\CortexM0\ARM_GCC_541\Debug\main.o (CAN_GlobalIntEnable)
.\CortexM0\ARM_GCC_541\Debug\Dashboard.a(CAN_INT.o)
                              .\CortexM0\ARM_GCC_541\Debug\Dashboard.a(CAN.o) (CAN_ISR)
.\CortexM0\ARM_GCC_541\Debug\Dashboard.a(CAN_TX_RX_func.o)
                              .\CortexM0\ARM_GCC_541\Debug\can_manga.o (CAN_SendMsg)
.\CortexM0\ARM_GCC_541\Debug\Dashboard.a(Buzzer.o)
                              .\CortexM0\ARM_GCC_541\Debug\main.o (Buzzer_Write)
.\CortexM0\ARM_GCC_541\Debug\Dashboard.a(HV.o)
                              .\CortexM0\ARM_GCC_541\Debug\main.o (HV_Read)
.\CortexM0\ARM_GCC_541\Debug\Dashboard.a(Drive.o)
                              .\CortexM0\ARM_GCC_541\Debug\main.o (Drive_Read)
.\CortexM0\ARM_GCC_541\Debug\Dashboard.a(RGB3_1.o)
                              .\CortexM0\ARM_GCC_541\Debug\main.o (RGB3_1_Write)
.\CortexM0\ARM_GCC_541\Debug\Dashboard.a(RGB2_1.o)
                              .\CortexM0\ARM_GCC_541\Debug\main.o (RGB2_1_Write)
.\CortexM0\ARM_GCC_541\Debug\Dashboard.a(RGB1_1.o)
                              .\CortexM0\ARM_GCC_541\Debug\main.o (RGB1_1_Write)
.\CortexM0\ARM_GCC_541\Debug\Dashboard.a(GraphicLCDIntf.o)
                              .\CortexM0\ARM_GCC_541\Debug\main.o (GraphicLCDIntf_Start)
.\CortexM0\ARM_GCC_541\Debug\Dashboard.a(D_BL.o)
                              .\CortexM0\ARM_GCC_541\Debug\main.o (D_BL_Write)
.\CortexM0\ARM_GCC_541\Debug\Dashboard.a(D_RST.o)
                              .\CortexM0\ARM_GCC_541\Debug\ugui_SSD1963.o (D_RST_Write)
.\CortexM0\ARM_GCC_541\Debug\Dashboard.a(BMS_LED.o)
                              .\CortexM0\ARM_GCC_541\Debug\main.o (BMS_LED_Write)
.\CortexM0\ARM_GCC_541\Debug\Dashboard.a(IMD_LED.o)
                              .\CortexM0\ARM_GCC_541\Debug\main.o (IMD_LED_Write)
.\CortexM0\ARM_GCC_541\Debug\Dashboard.a(CyLib.o)
                              .\CortexM0\ARM_GCC_541\Debug\Dashboard.a(CAN.o) (CyIntSetVector)
.\CortexM0\ARM_GCC_541\Debug\Dashboard.a(CyLFClk.o)
                              .\CortexM0\ARM_GCC_541\Debug\Dashboard.a(CyLib.o) (CySysClkWcoEnabled)
.\CortexM0\ARM_GCC_541\Debug\Dashboard.a(ReadyToDrive_Int.o)
                              .\CortexM0\ARM_GCC_541\Debug\main.o (ReadyToDrive_Int_Start)
.\CortexM0\ARM_GCC_541\Debug\Dashboard.a(ReadyToDrive_Timer.o)
                              .\CortexM0\ARM_GCC_541\Debug\main.o (ReadyToDrive_Timer_Enable)
.\CortexM0\ARM_GCC_541\Debug\Dashboard.a(ADC_GLV_V.o)
                              .\CortexM0\ARM_GCC_541\Debug\main.o (ADC_GLV_V_Start)
.\CortexM0\ARM_GCC_541\Debug\Dashboard.a(ADC_GLV_V_INT.o)
                              .\CortexM0\ARM_GCC_541\Debug\Dashboard.a(ADC_GLV_V.o) (ADC_GLV_V_ISR)
.\CortexM0\ARM_GCC_541\Debug\Dashboard.a(CyBootAsmGnu.o)
                              .\CortexM0\ARM_GCC_541\Debug\Dashboard.a(CyLib.o) (CyDelayCycles)
.\CortexM0\ARM_GCC_541\Debug\Dashboard.a(CyFlash.o)
                              .\CortexM0\ARM_GCC_541\Debug\Dashboard.a(CyLib.o) (CySysFlashSetWaitCycles)
.\CortexM0\ARM_GCC_541\Debug\Dashboard.a(cyutils.o)
                              .\CortexM0\ARM_GCC_541\Debug\Dashboard.a(ReadyToDrive_Timer.o) (CySetReg24)
c:/program files (x86)/cypress/psoc creator/4.4/psoc creator/import/gnu/arm/5.4.1/bin/../lib/gcc/arm-none-eabi/5.4.1/armv6-m\libgcc.a(_thumb1_case_uqi.o)
                              .\CortexM0\ARM_GCC_541\Debug\frucd_display.o (__gnu_thumb1_case_uqi)
c:/program files (x86)/cypress/psoc creator/4.4/psoc creator/import/gnu/arm/5.4.1/bin/../lib/gcc/arm-none-eabi/5.4.1/armv6-m\libgcc.a(_udivsi3.o)
                              .\CortexM0\ARM_GCC_541\Debug\frucd_display.o (__aeabi_uidiv)
c:/program files (x86)/cypress/psoc creator/4.4/psoc creator/import/gnu/arm/5.4.1/bin/../lib/gcc/arm-none-eabi/5.4.1/armv6-m\libgcc.a(_divsi3.o)
                              .\CortexM0\ARM_GCC_541\Debug\Dashboard.a(CyLFClk.o) (__aeabi_idiv)
c:/program files (x86)/cypress/psoc creator/4.4/psoc creator/import/gnu/arm/5.4.1/bin/../lib/gcc/arm-none-eabi/5.4.1/armv6-m\libgcc.a(_dvmd_tls.o)
                              c:/program files (x86)/cypress/psoc creator/4.4/psoc creator/import/gnu/arm/5.4.1/bin/../lib/gcc/arm-none-eabi/5.4.1/armv6-m\libgcc.a(_udivsi3.o) (__aeabi_idiv0)
c:/program files (x86)/cypress/psoc creator/4.4/psoc creator/import/gnu/arm/5.4.1/bin/../lib/gcc/arm-none-eabi/5.4.1/armv6-m\libgcc.a(_aeabi_ldivmod.o)
                              .\CortexM0\ARM_GCC_541\Debug\Dashboard.a(ADC_GLV_V.o) (__aeabi_ldivmod)
c:/program files (x86)/cypress/psoc creator/4.4/psoc creator/import/gnu/arm/5.4.1/bin/../lib/gcc/arm-none-eabi/5.4.1/armv6-m\libgcc.a(_muldi3.o)
                              .\CortexM0\ARM_GCC_541\Debug\Dashboard.a(ADC_GLV_V.o) (__aeabi_lmul)
[...]
Memory Configuration

Name             Origin             Length             Attributes
rom              0x00000000         0x00020000         xr
ram              0x20000000         0x00004000         xrw
*default*        0x00000000         0xffffffff

Linker script and memory map

LOAD c:/program files (x86)/cypress/psoc creator/4.4/psoc creator/import/gnu/arm/5.4.1/bin/../lib/gcc/arm-none-eabi/5.4.1/armv6-m/crti.o
LOAD c:/program files (x86)/cypress/psoc creator/4.4/psoc creator/import/gnu/arm/5.4.1/bin/../lib/gcc/arm-none-eabi/5.4.1/armv6-m/crtbegin.o
LOAD c:/program files (x86)/cypress/psoc creator/4.4/psoc creator/import/gnu/arm/5.4.1/bin/../lib/gcc/arm-none-eabi/5.4.1/../../../../arm-none-eabi/lib/armv6-m/crt0.o
START GROUP
LOAD .\CortexM0\ARM_GCC_541\Debug\ugui.o
LOAD .\CortexM0\ARM_GCC_541\Debug\ugui_SSD1963.o
LOAD .\CortexM0\ARM_GCC_541\Debug\frucd_display.o
LOAD .\CortexM0\ARM_GCC_541\Debug\main.o
LOAD .\CortexM0\ARM_GCC_541\Debug\can_manga.o
LOAD .\CortexM0\ARM_GCC_541\Debug\cyfitter_cfg.o
LOAD .\CortexM0\ARM_GCC_541\Debug\cymetadata.o
LOAD .\CortexM0\ARM_GCC_541\Debug\Cm0Start.o
LOAD .\CortexM0\ARM_GCC_541\Debug\Dashboard.a
END GROUP
START GROUP
LOAD c:/program files (x86)/cypress/psoc creator/4.4/psoc creator/import/gnu/arm/5.4.1/bin/../lib/gcc/arm-none-eabi/5.4.1/armv6-m\libgcc.a
LOAD c:/program files (x86)/cypress/psoc creator/4.4/psoc creator/import/gnu/arm/5.4.1/bin/../lib/gcc/arm-none-eabi/5.4.1/../../../../arm-none-eabi/lib/armv6-m\libg_nano.a
LOAD c:/program files (x86)/cypress/psoc creator/4.4/psoc creator/import/gnu/arm/5.4.1/bin/../lib/gcc/arm-none-eabi/5.4.1/../../../../arm-none-eabi/lib/armv6-m\libc_nano.a
END GROUP
START GROUP
LOAD c:/program files (x86)/cypress/psoc creator/4.4/psoc creator/import/gnu/arm/5.4.1/bin/../lib/gcc/arm-none-eabi/5.4.1/armv6-m\libgcc.a
LOAD c:/program files (x86)/cypress/psoc creator/4.4/psoc creator/import/gnu/arm/5.4.1/bin/../lib/gcc/arm-none-eabi/5.4.1/../../../../arm-none-eabi/lib/armv6-m\libc_nano.a
END GROUP
LOAD c:/program files (x86)/cypress/psoc creator/4.4/psoc creator/import/gnu/arm/5.4.1/bin/../lib/gcc/arm-none-eabi/5.4.1/armv6-m/crtend.o
LOAD c:/program files (x86)/cypress/psoc creator/4.4/psoc creator/import/gnu/arm/5.4.1/bin/../lib/gcc/arm-none-eabi/5.4.1/armv6-m/crtn.o
START GROUP
LOAD c:/program files (x86)/cypress/psoc creator/4.4/psoc creator/import/gnu/arm/5.4.1/bin/../lib/gcc/arm-none-eabi/5.4.1/armv6-m\libgcc.a
LOAD c:/program files (x86)/cypress/psoc creator/4.4/psoc creator/import/gnu/arm/5.4.1/bin/../lib/gcc/arm-none-eabi/5.4.1/../../../../arm-none-eabi/lib/armv6-m\libc.a
LOAD c:/program files (x86)/cypress/psoc creator/4.4/psoc creator/import/gnu/arm/5.4.1/bin/../lib/gcc/arm-none-eabi/5.4.1/../../../../arm-none-eabi/lib/armv6-m\libnosys.a
END GROUP
                0x00000000                CY_APPL_ORIGIN = 0x0
                0x00000080                CY_FLASH_ROW_SIZE = 0x80
                0x00000001                CY_APPL_NUM = 0x1
                0x00000001                CY_APPL_MAX = 0x1
                0x00000040                CY_METADATA_SIZE = 0x40
                0x00000000                CY_APPL_LOADABLE = 0x0
                0x00000000                CY_CHECKSUM_EXCLUDE_SIZE = ALIGN (0x0, CY_FLASH_ROW_SIZE)
                0x00000000                CY_APP_FOR_STACK_AND_COPIER = 0x0
                [!provide]                PROVIDE (__cy_heap_start, _end)
                0x00000001                PROVIDE (__cy_region_num, ((__cy_regions_end - __cy_regions) / 0x10))
                0x20004000                PROVIDE (__cy_stack, (ORIGIN (ram) + LENGTH (ram)))
                [!provide]                PROVIDE (__cy_heap_end, (__cy_stack - 0x800))

.cybootloader   0x00000000        0x0
 *(.cybootloader)
                0x00000000                appl1_start = CY_APPL_ORIGIN?CY_APPL_ORIGIN:ALIGN (CY_FLASH_ROW_SIZE)
                0x0000ff80                appl2_start = (appl1_start + ALIGN ((((LENGTH (rom) - appl1_start) - (0x2 * CY_FLASH_ROW_SIZE)) / 0x2), CY_FLASH_ROW_SIZE))
                0x00000000                appl_start = (CY_APPL_NUM == 0x1)?appl1_start:appl2_start
                0x00000001                cy_project_type_bootloader = (appl_start == 0x0)?0x1:0x0
                0x00000000                cy_project_type_app_for_stack_and_copier = (CY_APP_FOR_STACK_AND_COPIER == 0x1)?0x1:0x0

.text           0x00000000     0x2dd6
 CREATE_OBJECT_SYMBOLS
                0x00000000                PROVIDE (__cy_interrupt_vector, RomVectors)
 *(.romvectors)
 .romvectors    0x00000000       0x10 .\CortexM0\ARM_GCC_541\Debug\Cm0Start.o
                0x00000000                RomVectors
                0x00000001                ASSERT ((. != __cy_interrupt_vector), No interrupt vector)
                0x00000001                ASSERT (CY_APPL_ORIGIN?(SIZEOF (.cybootloader) <= CY_APPL_ORIGIN):0x1, Wrong image location)
                0x00000010                PROVIDE (__cy_reset, Reset)
 *(.text.Reset)
 .text.Reset    0x00000010        0x6 .\CortexM0\ARM_GCC_541\Debug\Cm0Start.o
                0x00000010                Reset
                0x00000001                ASSERT ((. != __cy_reset), No reset code)
 *(.psocinit)
 *fill*         0x00000016        0x2 
 .psocinit      0x00000018      0x280 .\CortexM0\ARM_GCC_541\Debug\cyfitter_cfg.o
                0x00000018                cyfitter_cfg
                0x00000298                . = MAX (., 0x100)
 *(.text .text.* .gnu.linkonce.t.*)
 .text          0x00000298       0x60 c:/program files (x86)/cypress/psoc creator/4.4/psoc creator/import/gnu/arm/5.4.1/bin/../lib/gcc/arm-none-eabi/5.4.1/armv6-m/crtbegin.o
 .text.UG_Init  0x000002f8       0x6c .\CortexM0\ARM_GCC_541\Debug\ugui.o
                0x000002f8                UG_Init
 .text.UG_FontSelect
                0x00000364       0x18 .\CortexM0\ARM_GCC_541\Debug\ugui.o
                0x00000364                UG_FontSelect
 .text.UG_FillFrame
                0x0000037c       0x6c .\CortexM0\ARM_GCC_541\Debug\ugui.o
                0x0000037c                UG_FillFrame
 .text.UG_FillScreen
                0x000003e8       0x24 .\CortexM0\ARM_GCC_541\Debug\ugui.o
                0x000003e8                UG_FillScreen
 .text.UG_SetForecolor
                0x0000040c        0xc .\CortexM0\ARM_GCC_541\Debug\ugui.o
                0x0000040c                UG_SetForecolor
 .text.UG_SetBackcolor
                0x00000418        0xc .\CortexM0\ARM_GCC_541\Debug\ugui.o
                0x00000418                UG_SetBackcolor
 .text._UG_PutChar
                0x00000424      0x31c .\CortexM0\ARM_GCC_541\Debug\ugui.o
                0x00000424                _UG_PutChar
 .text.UG_PutChar
                0x00000740       0x18 .\CortexM0\ARM_GCC_541\Debug\ugui.o
                0x00000740                UG_PutChar
 .text.UG_PutString
                0x00000758       0x80 .\CortexM0\ARM_GCC_541\Debug\ugui.o
                0x00000758                UG_PutString
 .text.UG_PutColorString
                0x000007d8       0x84 .\CortexM0\ARM_GCC_541\Debug\ugui.o
                0x000007d8                UG_PutColorString
 .text.UG_DriverRegister
                0x0000085c       0x1c .\CortexM0\ARM_GCC_541\Debug\ugui.o
                0x0000085c                UG_DriverRegister
 .text.Display_Init
                0x00000878      0x254 .\CortexM0\ARM_GCC_541\Debug\ugui_SSD1963.o
                0x00000878                Display_Init
 .text.Display_WindowSet
                0x00000acc       0x46 .\CortexM0\ARM_GCC_541\Debug\ugui_SSD1963.o
                0x00000acc                Display_WindowSet
 .text.Display_PSet
                0x00000b12       0x42 .\CortexM0\ARM_GCC_541\Debug\ugui_SSD1963.o
                0x00000b12                Display_PSet
 .text.HW_FillFrame
                0x00000b54       0x7c .\CortexM0\ARM_GCC_541\Debug\ugui_SSD1963.o
                0x00000b54                HW_FillFrame
 .text.HW_DrawLine
                0x00000bd0       0x3c .\CortexM0\ARM_GCC_541\Debug\ugui_SSD1963.o
                0x00000bd0                HW_DrawLine
 .text.HW_DrawImage
                0x00000c0c       0x58 .\CortexM0\ARM_GCC_541\Debug\ugui_SSD1963.o
                0x00000c0c                HW_DrawImage
 .text.calibrateScreen
                0x00000c64       0x70 .\CortexM0\ARM_GCC_541\Debug\frucd_display.o
                0x00000c64                calibrateScreen
 .text.driveTemplate
                0x00000cd4       0x38 .\CortexM0\ARM_GCC_541\Debug\frucd_display.o
                0x00000cd4                driveTemplate
 .text.disp_SOC
                0x00000d0c      0x16c .\CortexM0\ARM_GCC_541\Debug\frucd_display.o
                0x00000d0c                disp_SOC
 .text.disp_max_pack_temp
                0x00000e78      0x114 .\CortexM0\ARM_GCC_541\Debug\frucd_display.o
                0x00000e78                disp_max_pack_temp
 .text.disp_state
                0x00000f8c      0x2b8 .\CortexM0\ARM_GCC_541\Debug\frucd_display.o
                0x00000f8c                disp_state
 .text.LED_color
                0x00001244       0x5a .\CortexM0\ARM_GCC_541\Debug\main.o
                0x00001244                LED_color
 .text.LED_color_wheel
                0x0000129e       0x1a .\CortexM0\ARM_GCC_541\Debug\main.o
                0x0000129e                LED_color_wheel
 .text.startup.main
                0x000012b8      0x174 .\CortexM0\ARM_GCC_541\Debug\main.o
                0x000012b8                main
 .text.can_send
                0x0000142c       0x2e .\CortexM0\ARM_GCC_541\Debug\can_manga.o
                0x0000142c                can_send
 *fill*         0x0000145a        0x2 
 .text.can_send_switches
                0x0000145c       0x1c .\CortexM0\ARM_GCC_541\Debug\can_manga.o
                0x0000145c                can_send_switches
 .text.can_send_cmd
                0x00001478       0x2c .\CortexM0\ARM_GCC_541\Debug\can_manga.o
                0x00001478                can_send_cmd
 .text.SetAnalogRoutingPumps
                0x000014a4       0x1c .\CortexM0\ARM_GCC_541\Debug\cyfitter_cfg.o
                0x000014a4                SetAnalogRoutingPumps
 .text.IntDefaultHandler
                0x000014c0       0x10 .\CortexM0\ARM_GCC_541\Debug\Cm0Start.o
                0x000014c0                IntDefaultHandler
 .text._sbrk    0x000014d0       0x2c .\CortexM0\ARM_GCC_541\Debug\Cm0Start.o
                0x000014d0                _sbrk
 .text.Start_c  0x000014fc       0x4c .\CortexM0\ARM_GCC_541\Debug\Cm0Start.o
                0x000014fc                Start_c
 .text.startup.initialize_psoc
                0x00001548       0x48 .\CortexM0\ARM_GCC_541\Debug\Cm0Start.o
                0x00001548                initialize_psoc
 .text.CAN_GlobalIntEnable
                0x00001590       0x14 .\CortexM0\ARM_GCC_541\Debug\Dashboard.a(CAN.o)
                0x00001590                CAN_GlobalIntEnable
 .text.CAN_Enable
                0x000015a4       0x44 .\CortexM0\ARM_GCC_541\Debug\Dashboard.a(CAN.o)
                0x000015a4                CAN_Enable
 .text.CAN_SetTsegSample
                0x000015e8       0x80 .\CortexM0\ARM_GCC_541\Debug\Dashboard.a(CAN.o)
                0x000015e8                CAN_SetTsegSample
 .text.CAN_SetIrqMask
                0x00001668       0x18 .\CortexM0\ARM_GCC_541\Debug\Dashboard.a(CAN.o)
                0x00001668                CAN_SetIrqMask
 .text.CAN_RxBufConfig
                0x00001680       0x90 .\CortexM0\ARM_GCC_541\Debug\Dashboard.a(CAN.o)
                0x00001680                CAN_RxBufConfig
 .text.CAN_TxBufConfig
                0x00001710       0x58 .\CortexM0\ARM_GCC_541\Debug\Dashboard.a(CAN.o)
                0x00001710                CAN_TxBufConfig
 .text.CAN_RxTxBuffersConfig
                0x00001768       0x38 .\CortexM0\ARM_GCC_541\Debug\Dashboard.a(CAN.o)
                0x00001768                CAN_RxTxBuffersConfig
 .text.CAN_Init
                0x000017a0       0xf4 .\CortexM0\ARM_GCC_541\Debug\Dashboard.a(CAN.o)
                0x000017a0                CAN_Init
 .text.CAN_Start
                0x00001894       0x24 .\CortexM0\ARM_GCC_541\Debug\Dashboard.a(CAN.o)
                0x00001894                CAN_Start
 .text.CAN_MsgRXIsr
                0x000018b8       0x7c .\CortexM0\ARM_GCC_541\Debug\Dashboard.a(CAN_INT.o)
                0x000018b8                CAN_MsgRXIsr
 .text.CAN_ISR  0x00001934       0x14 .\CortexM0\ARM_GCC_541\Debug\Dashboard.a(CAN_INT.o)
                0x00001934                CAN_ISR
 .text.CAN_SendMsg
                0x00001948      0x100 .\CortexM0\ARM_GCC_541\Debug\Dashboard.a(CAN_TX_RX_func.o)
                0x00001948                CAN_SendMsg
 .text.CAN_SendMsgDRIVER_SWITCHES
                0x00001a48       0x18 .\CortexM0\ARM_GCC_541\Debug\Dashboard.a(CAN_TX_RX_func.o)
                0x00001a48                CAN_SendMsgDRIVER_SWITCHES
 .text.CAN_ReceiveMsg
                0x00001a60       0x1c .\CortexM0\ARM_GCC_541\Debug\Dashboard.a(CAN_TX_RX_func.o)
                0x00001a60                CAN_ReceiveMsg
 .text.CAN_ReceiveMsgTORQUE_REQUEST
                0x00001a7c       0x10 .\CortexM0\ARM_GCC_541\Debug\Dashboard.a(CAN_TX_RX_func.o)
                0x00001a7c                CAN_ReceiveMsgTORQUE_REQUEST
 .text.CAN_ReceiveMsgBMS_STATUS_MSG
                0x00001a8c       0x10 .\CortexM0\ARM_GCC_541\Debug\Dashboard.a(CAN_TX_RX_func.o)
                0x00001a8c                CAN_ReceiveMsgBMS_STATUS_MSG
 .text.CAN_ReceiveMsgBMS_TEMPERATURES
                0x00001a9c       0x10 .\CortexM0\ARM_GCC_541\Debug\Dashboard.a(CAN_TX_RX_func.o)
                0x00001a9c                CAN_ReceiveMsgBMS_TEMPERATURES
 .text.CAN_ReceiveMsgMC_PDO_SEND
                0x00001aac       0x10 .\CortexM0\ARM_GCC_541\Debug\Dashboard.a(CAN_TX_RX_func.o)
                0x00001aac                CAN_ReceiveMsgMC_PDO_SEND
 .text.CAN_ReceiveMsgMC_PDO_ACK
                0x00001abc       0x10 .\CortexM0\ARM_GCC_541\Debug\Dashboard.a(CAN_TX_RX_func.o)
                0x00001abc                CAN_ReceiveMsgMC_PDO_ACK
 .text.CAN_ReceiveMsgPEI_CURRENT
                0x00001acc       0x10 .\CortexM0\ARM_GCC_541\Debug\Dashboard.a(CAN_TX_RX_func.o)
                0x00001acc                CAN_ReceiveMsgPEI_CURRENT
 .text.Buzzer_Write
                0x00001adc       0x18 .\CortexM0\ARM_GCC_541\Debug\Dashboard.a(Buzzer.o)
                0x00001adc                Buzzer_Write
 .text.HV_Read  0x00001af4       0x10 .\CortexM0\ARM_GCC_541\Debug\Dashboard.a(HV.o)
                0x00001af4                HV_Read
 .text.Drive_Read
                0x00001b04       0x10 .\CortexM0\ARM_GCC_541\Debug\Dashboard.a(Drive.o)
                0x00001b04                Drive_Read
 .text.RGB3_1_Write
                0x00001b14       0x18 .\CortexM0\ARM_GCC_541\Debug\Dashboard.a(RGB3_1.o)
                0x00001b14                RGB3_1_Write
 .text.RGB2_1_Write
                0x00001b2c       0x18 .\CortexM0\ARM_GCC_541\Debug\Dashboard.a(RGB2_1.o)
                0x00001b2c                RGB2_1_Write
 .text.RGB1_1_Write
                0x00001b44       0x18 .\CortexM0\ARM_GCC_541\Debug\Dashboard.a(RGB1_1.o)
                0x00001b44                RGB1_1_Write
 .text.GraphicLCDIntf_Init
                0x00001b5c       0x18 .\CortexM0\ARM_GCC_541\Debug\Dashboard.a(GraphicLCDIntf.o)
                0x00001b5c                GraphicLCDIntf_Init
 .text.GraphicLCDIntf_Start
                0x00001b74       0x18 .\CortexM0\ARM_GCC_541\Debug\Dashboard.a(GraphicLCDIntf.o)
                0x00001b74                GraphicLCDIntf_Start
 .text.GraphicLCDIntf_Write8
                0x00001b8c       0x24 .\CortexM0\ARM_GCC_541\Debug\Dashboard.a(GraphicLCDIntf.o)
                0x00001b8c                GraphicLCDIntf_Write8
 .text.GraphicLCDIntf_WriteM8
                0x00001bb0       0x34 .\CortexM0\ARM_GCC_541\Debug\Dashboard.a(GraphicLCDIntf.o)
                0x00001bb0                GraphicLCDIntf_WriteM8
 .text.D_BL_Write
                0x00001be4       0x18 .\CortexM0\ARM_GCC_541\Debug\Dashboard.a(D_BL.o)
                0x00001be4                D_BL_Write
 .text.D_RST_Write
                0x00001bfc       0x18 .\CortexM0\ARM_GCC_541\Debug\Dashboard.a(D_RST.o)
                0x00001bfc                D_RST_Write
 .text.BMS_LED_Write
                0x00001c14       0x18 .\CortexM0\ARM_GCC_541\Debug\Dashboard.a(BMS_LED.o)
                0x00001c14                BMS_LED_Write
 .text.IMD_LED_Write
                0x00001c2c       0x18 .\CortexM0\ARM_GCC_541\Debug\Dashboard.a(IMD_LED.o)
                0x00001c2c                IMD_LED_Write
 .text.CySysClkImoDisableWcoLock
                0x00001c44       0x50 .\CortexM0\ARM_GCC_541\Debug\Dashboard.a(CyLib.o)
                0x00001c44                CySysClkImoDisableWcoLock
 .text.CySysClkImoGetWcoLock
                0x00001c94       0x10 .\CortexM0\ARM_GCC_541\Debug\Dashboard.a(CyLib.o)
                0x00001c94                CySysClkImoGetWcoLock
 .text.CyIntSetVector
                0x00001ca4       0x18 .\CortexM0\ARM_GCC_541\Debug\Dashboard.a(CyLib.o)
                0x00001ca4                CyIntSetVector
 .text.CyIntSetPriority
                0x00001cbc       0x40 .\CortexM0\ARM_GCC_541\Debug\Dashboard.a(CyLib.o)
                0x00001cbc                CyIntSetPriority
 .text.CyIntEnable
                0x00001cfc       0x14 .\CortexM0\ARM_GCC_541\Debug\Dashboard.a(CyLib.o)
                0x00001cfc                CyIntEnable
 .text.CyIntDisable
                0x00001d10       0x14 .\CortexM0\ARM_GCC_541\Debug\Dashboard.a(CyLib.o)
                0x00001d10                CyIntDisable
 .text.CyHalt   0x00001d24        0x4 .\CortexM0\ARM_GCC_541\Debug\Dashboard.a(CyLib.o)
                0x00001d24                CyHalt
 .text.CyDelay  0x00001d28       0x2c .\CortexM0\ARM_GCC_541\Debug\Dashboard.a(CyLib.o)
                0x00001d28                CyDelay
 .text.CySysClkImoEnableWcoLock
                0x00001d54       0xe4 .\CortexM0\ARM_GCC_541\Debug\Dashboard.a(CyLib.o)
                0x00001d54                CySysClkImoEnableWcoLock
 .text.CySysClkWriteImoFreq
                0x00001e38       0x80 .\CortexM0\ARM_GCC_541\Debug\Dashboard.a(CyLib.o)
                0x00001e38                CySysClkWriteImoFreq
 .text.CyDelayUs
                0x00001eb8       0x14 .\CortexM0\ARM_GCC_541\Debug\Dashboard.a(CyLib.o)
                0x00001eb8                CyDelayUs
 .text.CySysClkWcoEnabled
                0x00001ecc        0xc .\CortexM0\ARM_GCC_541\Debug\Dashboard.a(CyLFClk.o)
                0x00001ecc                CySysClkWcoEnabled
 .text.ReadyToDrive_Int_Interrupt
                0x00001ed8        0x2 .\CortexM0\ARM_GCC_541\Debug\Dashboard.a(ReadyToDrive_Int.o)
                0x00001ed8                ReadyToDrive_Int_Interrupt
 *fill*         0x00001eda        0x2 
 .text.ReadyToDrive_Int_SetPriority
                0x00001edc       0x20 .\CortexM0\ARM_GCC_541\Debug\Dashboard.a(ReadyToDrive_Int.o)
                0x00001edc                ReadyToDrive_Int_SetPriority
 .text.ReadyToDrive_Int_Start
                0x00001efc       0x2c .\CortexM0\ARM_GCC_541\Debug\Dashboard.a(ReadyToDrive_Int.o)
                0x00001efc                ReadyToDrive_Int_Start
 .text.ReadyToDrive_Timer_Enable
                0x00001f28       0x10 .\CortexM0\ARM_GCC_541\Debug\Dashboard.a(ReadyToDrive_Timer.o)
                0x00001f28                ReadyToDrive_Timer_Enable
 .text.ReadyToDrive_Timer_WritePeriod
                0x00001f38       0x10 .\CortexM0\ARM_GCC_541\Debug\Dashboard.a(ReadyToDrive_Timer.o)
                0x00001f38                ReadyToDrive_Timer_WritePeriod
 .text.ReadyToDrive_Timer_ReadCapture
                0x00001f48       0x10 .\CortexM0\ARM_GCC_541\Debug\Dashboard.a(ReadyToDrive_Timer.o)
                0x00001f48                ReadyToDrive_Timer_ReadCapture
 .text.ReadyToDrive_Timer_WriteCounter
                0x00001f58       0x10 .\CortexM0\ARM_GCC_541\Debug\Dashboard.a(ReadyToDrive_Timer.o)
                0x00001f58                ReadyToDrive_Timer_WriteCounter
 .text.ReadyToDrive_Timer_ClearFIFO
                0x00001f68       0x18 .\CortexM0\ARM_GCC_541\Debug\Dashboard.a(ReadyToDrive_Timer.o)
                0x00001f68                ReadyToDrive_Timer_ClearFIFO
 .text.ReadyToDrive_Timer_Init
                0x00001f80       0x3c .\CortexM0\ARM_GCC_541\Debug\Dashboard.a(ReadyToDrive_Timer.o)
                0x00001f80                ReadyToDrive_Timer_Init
 .text.ADC_GLV_V_Init
                0x00001fbc      0x100 .\CortexM0\ARM_GCC_541\Debug\Dashboard.a(ADC_GLV_V.o)
                0x00001fbc                ADC_GLV_V_Init
 .text.ADC_GLV_V_Enable
                0x000020bc       0x2c .\CortexM0\ARM_GCC_541\Debug\Dashboard.a(ADC_GLV_V.o)
                0x000020bc                ADC_GLV_V_Enable
 .text.ADC_GLV_V_Start
                0x000020e8       0x1c .\CortexM0\ARM_GCC_541\Debug\Dashboard.a(ADC_GLV_V.o)
                0x000020e8                ADC_GLV_V_Start
 .text.ADC_GLV_V_GetResult16
                0x00002104       0x24 .\CortexM0\ARM_GCC_541\Debug\Dashboard.a(ADC_GLV_V.o)
                0x00002104                ADC_GLV_V_GetResult16
 .text.ADC_GLV_V_CountsTo_mVolts
                0x00002128       0x4c .\CortexM0\ARM_GCC_541\Debug\Dashboard.a(ADC_GLV_V.o)
                0x00002128                ADC_GLV_V_CountsTo_mVolts
 .text.ADC_GLV_V_ISR
                0x00002174        0xc .\CortexM0\ARM_GCC_541\Debug\Dashboard.a(ADC_GLV_V_INT.o)
                0x00002174                ADC_GLV_V_ISR
 .text          0x00002180       0x20 .\CortexM0\ARM_GCC_541\Debug\Dashboard.a(CyBootAsmGnu.o)
                0x00002180                CyDelayCycles
                0x00002192                CyEnterCriticalSection
                0x0000219a                CyExitCriticalSection
 .text.CySysFlashSetWaitCycles
                0x000021a0       0x50 .\CortexM0\ARM_GCC_541\Debug\Dashboard.a(CyFlash.o)
                0x000021a0                CySysFlashSetWaitCycles
 .text.CySetReg24
                0x000021f0       0x12 .\CortexM0\ARM_GCC_541\Debug\Dashboard.a(cyutils.o)
                0x000021f0                CySetReg24
 .text.CyGetReg24
                0x00002202       0x12 .\CortexM0\ARM_GCC_541\Debug\Dashboard.a(cyutils.o)
                0x00002202                CyGetReg24
 .text          0x00002214       0x14 c:/program files (x86)/cypress/psoc creator/4.4/psoc creator/import/gnu/arm/5.4.1/bin/../lib/gcc/arm-none-eabi/5.4.1/armv6-m\libgcc.a(_thumb1_case_uqi.o)
                0x00002214                __gnu_thumb1_case_uqi
 .text          0x00002228      0x114 c:/program files (x86)/cypress/psoc creator/4.4/psoc creator/import/gnu/arm/5.4.1/bin/../lib/gcc/arm-none-eabi/5.4.1/armv6-m\libgcc.a(_udivsi3.o)
                0x00002228                __aeabi_uidiv
                0x00002228                __udivsi3
                0x00002334                __aeabi_uidivmod
 .text          0x0000233c      0x1d4 c:/program files (x86)/cypress/psoc creator/4.4/psoc creator/import/gnu/arm/5.4.1/bin/../lib/gcc/arm-none-eabi/5.4.1/armv6-m\libgcc.a(_divsi3.o)
                0x0000233c                __divsi3
                0x0000233c                __aeabi_idiv
                0x00002508                __aeabi_idivmod
 .text          0x00002510        0x4 c:/program files (x86)/cypress/psoc creator/4.4/psoc creator/import/gnu/arm/5.4.1/bin/../lib/gcc/arm-none-eabi/5.4.1/armv6-m\libgcc.a(_dvmd_tls.o)
                0x00002510                __aeabi_idiv0
                0x00002510                __aeabi_ldiv0
 .text.__errno  0x00002514        0xc c:/program files (x86)/cypress/psoc creator/4.4/psoc creator/import/gnu/arm/5.4.1/bin/../lib/gcc/arm-none-eabi/5.4.1/../../../../arm-none-eabi/lib/armv6-m\libg_nano.a(lib_a-errno.o)
                0x00002514                __errno
 .text.__libc_init_array
                0x00002520       0x4c c:/program files (x86)/cypress/psoc creator/4.4/psoc creator/import/gnu/arm/5.4.1/bin/../lib/gcc/arm-none-eabi/5.4.1/../../../../arm-none-eabi/lib/armv6-m\libg_nano.a(lib_a-init.o)
                0x00002520                __libc_init_array
 .text.memcpy   0x0000256c       0x12 c:/program files (x86)/cypress/psoc creator/4.4/psoc creator/import/gnu/arm/5.4.1/bin/../lib/gcc/arm-none-eabi/5.4.1/../../../../arm-none-eabi/lib/armv6-m\libg_nano.a(lib_a-memcpy-stub.o)
                0x0000256c                memcpy
 .text.memset   0x0000257e       0x10 c:/program files (x86)/cypress/psoc creator/4.4/psoc creator/import/gnu/arm/5.4.1/bin/../lib/gcc/arm-none-eabi/5.4.1/../../../../arm-none-eabi/lib/armv6-m\libg_nano.a(lib_a-memset.o)
                0x0000257e                memset
 *fill*         0x0000258e        0x2 
 .text.sprintf  0x00002590       0x44 c:/program files (x86)/cypress/psoc creator/4.4/psoc creator/import/gnu/arm/5.4.1/bin/../lib/gcc/arm-none-eabi/5.4.1/../../../../arm-none-eabi/lib/armv6-m\libg_nano.a(lib_a-sprintf.o)
                0x00002590                siprintf
                0x00002590                sprintf
 .text.__ssputs_r
                0x000025d4       0xc4 c:/program files (x86)/cypress/psoc creator/4.4/psoc creator/import/gnu/arm/5.4.1/bin/../lib/gcc/arm-none-eabi/5.4.1/../../../../arm-none-eabi/lib/armv6-m\libg_nano.a(lib_a-nano-svfprintf.o)
                0x000025d4                __ssputs_r
 .text._svfprintf_r
                0x00002698      0x1fc c:/program files (x86)/cypress/psoc creator/4.4/psoc creator/import/gnu/arm/5.4.1/bin/../lib/gcc/arm-none-eabi/5.4.1/../../../../arm-none-eabi/lib/armv6-m\libg_nano.a(lib_a-nano-svfprintf.o)
                0x00002698                _svfiprintf_r
                0x00002698                _svfprintf_r
 .text._printf_common
                0x00002894       0xdc c:/program files (x86)/cypress/psoc creator/4.4/psoc creator/import/gnu/arm/5.4.1/bin/../lib/gcc/arm-none-eabi/5.4.1/../../../../arm-none-eabi/lib/armv6-m\libg_nano.a(lib_a-nano-vfprintf_i.o)
                0x00002894                _printf_common
 .text._printf_i
                0x00002970      0x244 c:/program files (x86)/cypress/psoc creator/4.4/psoc creator/import/gnu/arm/5.4.1/bin/../lib/gcc/arm-none-eabi/5.4.1/../../../../arm-none-eabi/lib/armv6-m\libg_nano.a(lib_a-nano-vfprintf_i.o)
                0x00002970                _printf_i
 .text.memchr   0x00002bb4       0x16 c:/program files (x86)/cypress/psoc creator/4.4/psoc creator/import/gnu/arm/5.4.1/bin/../lib/gcc/arm-none-eabi/5.4.1/../../../../arm-none-eabi/lib/armv6-m\libg_nano.a(lib_a-memchr-stub.o)
                0x00002bb4                memchr
 .text.memmove  0x00002bca       0x2a c:/program files (x86)/cypress/psoc creator/4.4/psoc creator/import/gnu/arm/5.4.1/bin/../lib/gcc/arm-none-eabi/5.4.1/../../../../arm-none-eabi/lib/armv6-m\libg_nano.a(lib_a-memmove.o)
                0x00002bca                memmove
 .text._free_r  0x00002bf4       0x98 c:/program files (x86)/cypress/psoc creator/4.4/psoc creator/import/gnu/arm/5.4.1/bin/../lib/gcc/arm-none-eabi/5.4.1/../../../../arm-none-eabi/lib/armv6-m\libg_nano.a(lib_a-nano-freer.o)
                0x00002bf4                _free_r
 .text._malloc_r
                0x00002c8c       0xc0 c:/program files (x86)/cypress/psoc creator/4.4/psoc creator/import/gnu/arm/5.4.1/bin/../lib/gcc/arm-none-eabi/5.4.1/../../../../arm-none-eabi/lib/armv6-m\libg_nano.a(lib_a-nano-mallocr.o)
                0x00002c8c                _malloc_r
 .text._realloc_r
                0x00002d4c       0x4c c:/program files (x86)/cypress/psoc creator/4.4/psoc creator/import/gnu/arm/5.4.1/bin/../lib/gcc/arm-none-eabi/5.4.1/../../../../arm-none-eabi/lib/armv6-m\libg_nano.a(lib_a-nano-reallocr.o)
                0x00002d4c                _realloc_r
 .text._sbrk_r  0x00002d98       0x24 c:/program files (x86)/cypress/psoc creator/4.4/psoc creator/import/gnu/arm/5.4.1/bin/../lib/gcc/arm-none-eabi/5.4.1/../../../../arm-none-eabi/lib/armv6-m\libg_nano.a(lib_a-sbrkr.o)
                0x00002d98                _sbrk_r
 .text.__malloc_lock
                0x00002dbc        0x2 c:/program files (x86)/cypress/psoc creator/4.4/psoc creator/import/gnu/arm/5.4.1/bin/../lib/gcc/arm-none-eabi/5.4.1/../../../../arm-none-eabi/lib/armv6-m\libg_nano.a(lib_a-mlock.o)
                0x00002dbc                __malloc_lock
 .text.__malloc_unlock
                0x00002dbe        0x2 c:/program files (x86)/cypress/psoc creator/4.4/psoc creator/import/gnu/arm/5.4.1/bin/../lib/gcc/arm-none-eabi/5.4.1/../../../../arm-none-eabi/lib/armv6-m\libg_nano.a(lib_a-mlock.o)
                0x00002dbe                __malloc_unlock
 .text._malloc_usable_size_r
                0x00002dc0       0x16 c:/program files (x86)/cypress/psoc creator/4.4/psoc creator/import/gnu/arm/5.4.1/bin/../lib/gcc/arm-none-eabi/5.4.1/../../../../arm-none-eabi/lib/armv6-m\libg_nano.a(lib_a-nano-msizer.o)
                0x00002dc0                _malloc_usable_size_r
 *(.plt)
 *(.gnu.warning)
 *(.glue_7t)
 .glue_7t       0x00002dd6        0x0 linker stubs
 *(.glue_7)
 .glue_7        0x00002dd6        0x0 linker stubs
 *(.vfp11_veneer)
 .vfp11_veneer  0x00002dd6        0x0 linker stubs
 *(.bootloader)
 *(.ARM.extab* .gnu.linkonce.armextab.*)
 *(.gcc_except_table)

.v4_bx          0x00002dd8        0x0
 .v4_bx         0x00002dd8        0x0 linker stubs

.iplt           0x00002dd8        0x0
 .iplt          0x00002dd8        0x0 c:/program files (x86)/cypress/psoc creator/4.4/psoc creator/import/gnu/arm/5.4.1/bin/../lib/gcc/arm-none-eabi/5.4.1/armv6-m/crtbegin.o

.eh_frame_hdr
 *(.eh_frame_hdr)

.eh_frame       0x00002dd8        0x4
 *(.eh_frame)
 .eh_frame      0x00002dd8        0x0 c:/program files (x86)/cypress/psoc creator/4.4/psoc creator/import/gnu/arm/5.4.1/bin/../lib/gcc/arm-none-eabi/5.4.1/armv6-m/crtbegin.o
 .eh_frame      0x00002dd8        0x4 c:/program files (x86)/cypress/psoc creator/4.4/psoc creator/import/gnu/arm/5.4.1/bin/../lib/gcc/arm-none-eabi/5.4.1/armv6-m/crtend.o
                [!provide]                PROVIDE (__exidx_start, .)

.ARM.exidx
 *(.ARM.exidx* .gnu.linkonce.armexidx.*)
                0x00002ddc                __exidx_end = .

.rodata         0x00002ddc    0x1c77c
 *(.rodata .rodata.* .gnu.linkonce.r.*)
 .rodata        0x00002ddc    0x1c190 .\CortexM0\ARM_GCC_541\Debug\ugui.o
                0x00002ddc                pal_button_pressed
                0x00002e0c                pal_button_released
                0x00002e3c                pal_checkbox_pressed
                0x00002e6c                pal_checkbox_released
                0x00002e9c                pal_window
                0x00002ecc                FONT_32X53
                0x00002ee0                FONT_22X36
                0x00002ef4                FONT_16X26
                0x00002f08                FONT_12X16
                0x00002f1c                FONT_8X14
                0x00002f30                FONT_8X12
                0x00002f44                FONT_6X10
                0x00002f58                FONT_5X8
                0x00002f6c                font_32x53
                0x0001036c                font_22x36
                0x00016f6c                font_16x26
                0x0001a36c                font_12x16
                0x0001c36c                font_8x14
                0x0001d16c                font_8x12
                0x0001dd6c                font_6x10
                0x0001e76c                font_5x8
 .rodata.str1.1
                0x0001ef6c       0xbd .\CortexM0\ARM_GCC_541\Debug\frucd_display.o
 *fill*         0x0001f029        0x3 
 .rodata        0x0001f02c      0x334 .\CortexM0\ARM_GCC_541\Debug\cyfitter_cfg.o
 .rodata        0x0001f360      0x160 .\CortexM0\ARM_GCC_541\Debug\Dashboard.a(CAN.o)
 .rodata        0x0001f4c0       0x2e .\CortexM0\ARM_GCC_541\Debug\Dashboard.a(CyLib.o)
                0x0001f4c0                cyImoFreqMhz2Reg
 .rodata.str1.1
                0x0001f4ee       0xbd c:/program files (x86)/cypress/psoc creator/4.4/psoc creator/import/gnu/arm/5.4.1/bin/../lib/gcc/arm-none-eabi/5.4.1/../../../../arm-none-eabi/lib/armv6-m\libg_nano.a(lib_a-impure.o)
                                  0x2 (size before relaxing)
 .rodata.str1.1
                0x0001f4ee       0x11 c:/program files (x86)/cypress/psoc creator/4.4/psoc creator/import/gnu/arm/5.4.1/bin/../lib/gcc/arm-none-eabi/5.4.1/../../../../arm-none-eabi/lib/armv6-m\libg_nano.a(lib_a-nano-svfprintf.o)
 .rodata.str1.1
                0x0001f4ff       0x22 c:/program files (x86)/cypress/psoc creator/4.4/psoc creator/import/gnu/arm/5.4.1/bin/../lib/gcc/arm-none-eabi/5.4.1/../../../../arm-none-eabi/lib/armv6-m\libg_nano.a(lib_a-nano-vfprintf_i.o)
                0x0001f5ac                . = ALIGN (0x4)
 *fill*         0x0001f521        0x3 
 *(.init)
 .init          0x0001f524        0x4 c:/program files (x86)/cypress/psoc creator/4.4/psoc creator/import/gnu/arm/5.4.1/bin/../lib/gcc/arm-none-eabi/5.4.1/armv6-m/crti.o
                0x0001f524                _init
 .init          0x0001f528        0x8 c:/program files (x86)/cypress/psoc creator/4.4/psoc creator/import/gnu/arm/5.4.1/bin/../lib/gcc/arm-none-eabi/5.4.1/armv6-m/crtn.o
                0x0001f530                . = ALIGN (0x4)
                0x0001f530                __preinit_array_start = .
 *(.preinit_array)
                0x0001f530                __preinit_array_end = .
                0x0001f530                . = ALIGN (0x4)
                0x0001f530                __init_array_start = .
 *(SORT(.init_array.*))
 *(.init_array)
 .init_array    0x0001f530        0x4 c:/program files (x86)/cypress/psoc creator/4.4/psoc creator/import/gnu/arm/5.4.1/bin/../lib/gcc/arm-none-eabi/5.4.1/armv6-m/crtbegin.o
 .init_array    0x0001f534        0x4 .\CortexM0\ARM_GCC_541\Debug\Cm0Start.o
                0x0001f538                __init_array_end = .
                0x0001f538                . = ALIGN (0x4)
 *(.fini)
 .fini          0x0001f538        0x4 c:/program files (x86)/cypress/psoc creator/4.4/psoc creator/import/gnu/arm/5.4.1/bin/../lib/gcc/arm-none-eabi/5.4.1/armv6-m/crti.o
                0x0001f538                _fini
 .fini          0x0001f53c        0x8 c:/program files (x86)/cypress/psoc creator/4.4/psoc creator/import/gnu/arm/5.4.1/bin/../lib/gcc/arm-none-eabi/5.4.1/armv6-m/crtn.o
                0x0001f544                . = ALIGN (0x4)
                0x0001f544                __fini_array_start = .
 *(.fini_array)
 .fini_array    0x0001f544        0x4 c:/program files (x86)/cypress/psoc creator/4.4/psoc creator/import/gnu/arm/5.4.1/bin/../lib/gcc/arm-none-eabi/5.4.1/armv6-m/crtbegin.o
 *(SORT(.fini_array.*))
                0x0001f548                __fini_array_end = .
                0x0001f548                . = ALIGN (0x4)
 *crtbegin.o(.ctors)
 *(EXCLUDE_FILE(*crtend.o) .ctors)
 *(SORT(.ctors.*))
 *crtend.o(.ctors)
                0x0001f548                . = ALIGN (0x4)
 *crtbegin.o(.dtors)
 *(EXCLUDE_FILE(*crtend.o) .dtors)
 *(SORT(.dtors.*))
 *crtend.o(.dtors)
                0x0001f548                . = ALIGN (0x4)
                0x0001f548                __cy_regions = .
                0x0001f548        0x4 LONG 0x1f558 __cy_region_init_ram
                0x0001f54c        0x4 LONG 0x200000c0 __cy_region_start_data
                0x0001f550        0x4 LONG 0x88 __cy_region_init_size_ram
                0x0001f554        0x4 LONG 0x108 __cy_region_zero_size_ram
                0x0001f558                __cy_regions_end = .
                0x0001f558                . = ALIGN (0x8)
                0x0001f558                _etext = .

.cy_checksum_exclude
                0x0001f558        0x0
 *(.cy_checksum_exclude)

.ramvectors     0x20000000       0xc0
                0x20000000                __cy_region_start_ram = .
 *(.ramvectors)
 .ramvectors    0x20000000       0xc0 .\CortexM0\ARM_GCC_541\Debug\Cm0Start.o
                0x20000000                CyRamVectors

.noinit
 *(.noinit)

.data           0x200000c0       0x88 load address 0x0001f558
                0x200000c0                __cy_region_start_data = .
 *(.jcr)
 .jcr           0x200000c0        0x0 c:/program files (x86)/cypress/psoc creator/4.4/psoc creator/import/gnu/arm/5.4.1/bin/../lib/gcc/arm-none-eabi/5.4.1/armv6-m/crtbegin.o
 .jcr           0x200000c0        0x4 c:/program files (x86)/cypress/psoc creator/4.4/psoc creator/import/gnu/arm/5.4.1/bin/../lib/gcc/arm-none-eabi/5.4.1/armv6-m/crtend.o
 *(.got.plt)
 *(.got)
 *(.shdata)
 *(.data .data.* .gnu.linkonce.d.*)
 .data          0x200000c4        0x8 .\CortexM0\ARM_GCC_541\Debug\main.o
                0x200000c4                BIG_FONT
                0x200000c8                previous_state
 .data          0x200000cc        0x4 .\CortexM0\ARM_GCC_541\Debug\Cm0Start.o
 .data          0x200000d0       0x14 .\CortexM0\ARM_GCC_541\Debug\Dashboard.a(CyLib.o)
                0x200000d0                CySysClkPumpConfig
                0x200000d4                cydelay32kMs
                0x200000d8                cydelayFreqKhz
                0x200000dc                cydelayFreqMhz
                0x200000e0                cydelayFreqHz
 .data.impure_data
                0x200000e4       0x60 c:/program files (x86)/cypress/psoc creator/4.4/psoc creator/import/gnu/arm/5.4.1/bin/../lib/gcc/arm-none-eabi/5.4.1/../../../../arm-none-eabi/lib/armv6-m\libg_nano.a(lib_a-impure.o)
 .data._impure_ptr
                0x20000144        0x4 c:/program files (x86)/cypress/psoc creator/4.4/psoc creator/import/gnu/arm/5.4.1/bin/../lib/gcc/arm-none-eabi/5.4.1/../../../../arm-none-eabi/lib/armv6-m\libg_nano.a(lib_a-impure.o)
                0x20000144                _impure_ptr
                0x20000148                . = ALIGN (0x8)
 *(.ram)
                0x20000148                _edata = .

.igot.plt       0x20000148        0x0 load address 0x0001f5e0
 .igot.plt      0x20000148        0x0 c:/program files (x86)/cypress/psoc creator/4.4/psoc creator/import/gnu/arm/5.4.1/bin/../lib/gcc/arm-none-eabi/5.4.1/armv6-m/crtbegin.o

.bss            0x20000148      0x108 load address 0x0001f5e0
                0x20000148                PROVIDE (__bss_start__, .)
 *(.shbss)
 *(.bss .bss.* .gnu.linkonce.b.*)
 .bss           0x20000148       0x1c c:/program files (x86)/cypress/psoc creator/4.4/psoc creator/import/gnu/arm/5.4.1/bin/../lib/gcc/arm-none-eabi/5.4.1/armv6-m/crtbegin.o
 .bss           0x20000164        0xc .\CortexM0\ARM_GCC_541\Debug\ugui.o
 .bss           0x20000170       0x32 .\CortexM0\ARM_GCC_541\Debug\main.o
                0x20000170                BSPD_CATCH
                0x20000171                SMALL_FONT
                0x20000174                pedalOK
                0x20000178                state
                0x2000017a                bms_status
                0x2000017c                switches
                0x2000017d                shutdown_flags
                0x2000017e                soc
                0x2000017f                PACK_TEMP
                0x20000180                motor_temp
                0x20000182                mc_temp
                0x20000184                fault
                0x20000188                firstDrive
                0x2000018c                firstHV
                0x20000190                firstLV
                0x20000194                firstStart
                0x20000198                curr_voltage
                0x2000019a                charge
                0x2000019c                voltage
                0x200001a0                CURRENT
 .bss           0x200001a2        0x1 .\CortexM0\ARM_GCC_541\Debug\Dashboard.a(CAN.o)
                0x200001a2                CAN_initVar
 .bss           0x200001a3        0x1 .\CortexM0\ARM_GCC_541\Debug\Dashboard.a(GraphicLCDIntf.o)
                0x200001a3                GraphicLCDIntf_initVar
 .bss           0x200001a4        0x1 .\CortexM0\ARM_GCC_541\Debug\Dashboard.a(ADC_GLV_V.o)
                0x200001a4                ADC_GLV_V_initVar
 *fill*         0x200001a5        0x3 
 .bss.__malloc_sbrk_start
                0x200001a8        0x4 c:/program files (x86)/cypress/psoc creator/4.4/psoc creator/import/gnu/arm/5.4.1/bin/../lib/gcc/arm-none-eabi/5.4.1/../../../../arm-none-eabi/lib/armv6-m\libg_nano.a(lib_a-nano-mallocr.o)
                0x200001a8                __malloc_sbrk_start
 .bss.__malloc_free_list
                0x200001ac        0x4 c:/program files (x86)/cypress/psoc creator/4.4/psoc creator/import/gnu/arm/5.4.1/bin/../lib/gcc/arm-none-eabi/5.4.1/../../../../arm-none-eabi/lib/armv6-m\libg_nano.a(lib_a-nano-mallocr.o)
                0x200001ac                __malloc_free_list
 *(COMMON)
 COMMON         0x200001b0       0x78 .\CortexM0\ARM_GCC_541\Debug\ugui_SSD1963.o
                0x200001b0                gui1963
 COMMON         0x20000228       0x18 .\CortexM0\ARM_GCC_541\Debug\frucd_display.o
                0x20000228                last_glv_v_color
                0x2000022c                last_SOC_color
                0x20000230                last_mc_temp_color
                0x20000234                last_state_color
                0x20000238                last_motor_temp_color
                0x2000023c                last_max_pack_temp_color
 COMMON         0x20000240        0xc .\CortexM0\ARM_GCC_541\Debug\Dashboard.a(ADC_GLV_V.o)
                0x20000240                ADC_GLV_V_offset
                0x20000244                ADC_GLV_V_countsPer10Volt
 COMMON         0x2000024c        0x4 c:/program files (x86)/cypress/psoc creator/4.4/psoc creator/import/gnu/arm/5.4.1/bin/../lib/gcc/arm-none-eabi/5.4.1/../../../../arm-none-eabi/lib/armv6-m\libg_nano.a(lib_a-reent.o)
                0x2000024c                errno
                0x20000250                . = ALIGN (0x8)
 *(.ram.b)
                0x20000250                _end = .
                0x20000250                __end = .
                0x20000250                PROVIDE (end, .)
                0x20000250                PROVIDE (__bss_end__, .)
                0x0001f558                __cy_region_init_ram = LOADADDR (.data)
                0x00000088                __cy_region_init_size_ram = (_edata - ADDR (.data))
                0x00000108                __cy_region_zero_size_ram = (_end - _edata)

.heap           0x20000250       0x80 load address 0x0001f5e0
                0x20000250                . = _end
                0x200002d0                . = (. + 0x80)
 *fill*         0x20000250       0x80 
                0x200002d0                __cy_heap_limit = .

.stack          0x20003800      0x800
                0x20003800                __cy_stack_limit = .
                0x20004000                . = (. + 0x800)
 *fill*         0x20003800      0x800 
                0x00000001                ASSERT ((__cy_stack_limit >= __cy_heap_limit), region RAM overflowed with stack)
                0x00000000                cy_checksum_exclude_size = (CY_APPL_LOADABLE == 0x1)?SIZEOF (.cy_checksum_exclude):0x0
                0x00000001                ASSERT ((cy_checksum_exclude_size <= CY_CHECKSUM_EXCLUDE_SIZE), CY_BOOT: Section .cy_checksum_exclude size exceedes specified limit.)
                0x0001ffc0                cyloadermeta_start = (cy_project_type_bootloader || cy_project_type_app_for_stack_and_copier)?(LENGTH (rom) - CY_METADATA_SIZE):0xf0000000

.cyloadermeta
 *(.cyloadermeta)
                0x0001ffc0                cyloadablemeta_start = cy_project_type_app_for_stack_and_copier?((LENGTH (rom) - CY_FLASH_ROW_SIZE) - CY_METADATA_SIZE):((LENGTH (rom) - (CY_FLASH_ROW_SIZE * (CY_APPL_NUM - 0x1))) - CY_METADATA_SIZE)

.cyloadablemeta
 *(.cyloadablemeta)

.cyflashprotect
                0x90400000       0x80
 *(.cyflashprotect)
 .cyflashprotect
                0x90400000       0x80 .\CortexM0\ARM_GCC_541\Debug\cymetadata.o
                0x90400000                cy_meta_flashprotect

.cymeta         0x90500000        0xc
 *(.cymeta)
 .cymeta        0x90500000        0xc .\CortexM0\ARM_GCC_541\Debug\cymetadata.o
                0x90500000                cy_metadata

.cychipprotect  0x90600000        0x1
 *(.cychipprotect)
 .cychipprotect
                0x90600000        0x1 .\CortexM0\ARM_GCC_541\Debug\cymetadata.o
                0x90600000                cy_meta_chipprotect

.rel.dyn        0x0001f5e0        0x0 load address 0x90600004
 .rel.iplt      0x0001f5e0        0x0 c:/program files (x86)/cypress/psoc creator/4.4/psoc creator/import/gnu/arm/5.4.1/bin/../lib/gcc/arm-none-eabi/5.4.1/armv6-m/crtbegin.o

.stab
 *(.stab)

.stabstr
 *(.stabstr)

.debug
 *(.debug)

.line
 *(.line)

.debug_srcinfo
 *(.debug_srcinfo)

.debug_sfnames
 *(.debug_sfnames)

.debug_aranges  0x00000000     0x11a8
 *(.debug_aranges)
 .debug_aranges
                0x00000000      0x568 .\CortexM0\ARM_GCC_541\Debug\ugui.o
 .debug_aranges
                0x00000568       0x48 .\CortexM0\ARM_GCC_541\Debug\ugui_SSD1963.o
 .debug_aranges
                0x000005b0       0x68 .\CortexM0\ARM_GCC_541\Debug\frucd_display.o
 .debug_aranges
                0x00000618       0x38 .\CortexM0\ARM_GCC_541\Debug\main.o
 .debug_aranges
                0x00000650       0x78 .\CortexM0\ARM_GCC_541\Debug\can_manga.o
 .debug_aranges
                0x000006c8       0x28 .\CortexM0\ARM_GCC_541\Debug\cyfitter_cfg.o
 .debug_aranges
                0x000006f0       0x18 .\CortexM0\ARM_GCC_541\Debug\cymetadata.o
 .debug_aranges
                0x00000708       0x48 .\CortexM0\ARM_GCC_541\Debug\Cm0Start.o
 .debug_aranges
                0x00000750       0xe8 .\CortexM0\ARM_GCC_541\Debug\Dashboard.a(CAN.o)
 .debug_aranges
                0x00000838       0x28 .\CortexM0\ARM_GCC_541\Debug\Dashboard.a(CAN_INT.o)
 .debug_aranges
                0x00000860       0x68 .\CortexM0\ARM_GCC_541\Debug\Dashboard.a(CAN_TX_RX_func.o)
 .debug_aranges
                0x000008c8       0x48 .\CortexM0\ARM_GCC_541\Debug\Dashboard.a(Buzzer.o)
 .debug_aranges
                0x00000910       0x48 .\CortexM0\ARM_GCC_541\Debug\Dashboard.a(HV.o)
 .debug_aranges
                0x00000958       0x48 .\CortexM0\ARM_GCC_541\Debug\Dashboard.a(Drive.o)
 .debug_aranges
                0x000009a0       0x48 .\CortexM0\ARM_GCC_541\Debug\Dashboard.a(RGB3_1.o)
 .debug_aranges
                0x000009e8       0x48 .\CortexM0\ARM_GCC_541\Debug\Dashboard.a(RGB2_1.o)
 .debug_aranges
                0x00000a30       0x48 .\CortexM0\ARM_GCC_541\Debug\Dashboard.a(RGB1_1.o)
 .debug_aranges
                0x00000a78       0x80 .\CortexM0\ARM_GCC_541\Debug\Dashboard.a(GraphicLCDIntf.o)
 .debug_aranges
                0x00000af8       0x48 .\CortexM0\ARM_GCC_541\Debug\Dashboard.a(D_BL.o)
 .debug_aranges
                0x00000b40       0x48 .\CortexM0\ARM_GCC_541\Debug\Dashboard.a(D_RST.o)
 .debug_aranges
                0x00000b88       0x48 .\CortexM0\ARM_GCC_541\Debug\Dashboard.a(BMS_LED.o)
 .debug_aranges
                0x00000bd0       0x48 .\CortexM0\ARM_GCC_541\Debug\Dashboard.a(IMD_LED.o)
 .debug_aranges
                0x00000c18      0x1c8 .\CortexM0\ARM_GCC_541\Debug\Dashboard.a(CyLib.o)
 .debug_aranges
                0x00000de0      0x178 .\CortexM0\ARM_GCC_541\Debug\Dashboard.a(CyLFClk.o)
 .debug_aranges
                0x00000f58       0x80 .\CortexM0\ARM_GCC_541\Debug\Dashboard.a(ReadyToDrive_Int.o)
 .debug_aranges
                0x00000fd8       0x90 .\CortexM0\ARM_GCC_541\Debug\Dashboard.a(ReadyToDrive_Timer.o)
 .debug_aranges
                0x00001068       0xa8 .\CortexM0\ARM_GCC_541\Debug\Dashboard.a(ADC_GLV_V.o)
 .debug_aranges
                0x00001110       0x20 .\CortexM0\ARM_GCC_541\Debug\Dashboard.a(ADC_GLV_V_INT.o)
 .debug_aranges
                0x00001130       0x20 .\CortexM0\ARM_GCC_541\Debug\Dashboard.a(CyBootAsmGnu.o)
 .debug_aranges
                0x00001150       0x30 .\CortexM0\ARM_GCC_541\Debug\Dashboard.a(CyFlash.o)
 .debug_aranges
                0x00001180       0x28 .\CortexM0\ARM_GCC_541\Debug\Dashboard.a(cyutils.o)

.debug_pubnames
 *(.debug_pubnames)

.debug_info     0x00000000    0x10b73
 *(.debug_info .gnu.linkonce.wi.*)
 .debug_info    0x00000000     0x5f71 .\CortexM0\ARM_GCC_541\Debug\ugui.o
 .debug_info    0x00005f71     0x1866 .\CortexM0\ARM_GCC_541\Debug\ugui_SSD1963.o
 .debug_info    0x000077d7     0x15a1 .\CortexM0\ARM_GCC_541\Debug\frucd_display.o
 .debug_info    0x00008d78      0xf36 .\CortexM0\ARM_GCC_541\Debug\main.o
 .debug_info    0x00009cae      0xbe1 .\CortexM0\ARM_GCC_541\Debug\can_manga.o
 .debug_info    0x0000a88f      0x3f1 .\CortexM0\ARM_GCC_541\Debug\cyfitter_cfg.o
 .debug_info    0x0000ac80       0xf8 .\CortexM0\ARM_GCC_541\Debug\cymetadata.o
 .debug_info    0x0000ad78      0x39e .\CortexM0\ARM_GCC_541\Debug\Cm0Start.o
 .debug_info    0x0000b116      0xcaa .\CortexM0\ARM_GCC_541\Debug\Dashboard.a(CAN.o)
 .debug_info    0x0000bdc0      0x291 .\CortexM0\ARM_GCC_541\Debug\Dashboard.a(CAN_INT.o)
 .debug_info    0x0000c051      0x413 .\CortexM0\ARM_GCC_541\Debug\Dashboard.a(CAN_TX_RX_func.o)
 .debug_info    0x0000c464      0x19b .\CortexM0\ARM_GCC_541\Debug\Dashboard.a(Buzzer.o)
 .debug_info    0x0000c5ff      0x19b .\CortexM0\ARM_GCC_541\Debug\Dashboard.a(HV.o)
 .debug_info    0x0000c79a      0x19b .\CortexM0\ARM_GCC_541\Debug\Dashboard.a(Drive.o)
 .debug_info    0x0000c935      0x19b .\CortexM0\ARM_GCC_541\Debug\Dashboard.a(RGB3_1.o)
 .debug_info    0x0000cad0      0x19b .\CortexM0\ARM_GCC_541\Debug\Dashboard.a(RGB2_1.o)
 .debug_info    0x0000cc6b      0x19b .\CortexM0\ARM_GCC_541\Debug\Dashboard.a(RGB1_1.o)
 .debug_info    0x0000ce06      0x38f .\CortexM0\ARM_GCC_541\Debug\Dashboard.a(GraphicLCDIntf.o)
 .debug_info    0x0000d195      0x19b .\CortexM0\ARM_GCC_541\Debug\Dashboard.a(D_BL.o)
 .debug_info    0x0000d330      0x19b .\CortexM0\ARM_GCC_541\Debug\Dashboard.a(D_RST.o)
 .debug_info    0x0000d4cb      0x19b .\CortexM0\ARM_GCC_541\Debug\Dashboard.a(BMS_LED.o)
 .debug_info    0x0000d666      0x19b .\CortexM0\ARM_GCC_541\Debug\Dashboard.a(IMD_LED.o)
 .debug_info    0x0000d801      0xed3 .\CortexM0\ARM_GCC_541\Debug\Dashboard.a(CyLib.o)
 .debug_info    0x0000e6d4     0x1237 .\CortexM0\ARM_GCC_541\Debug\Dashboard.a(CyLFClk.o)
 .debug_info    0x0000f90b      0x352 .\CortexM0\ARM_GCC_541\Debug\Dashboard.a(ReadyToDrive_Int.o)
 .debug_info    0x0000fc5d      0x3b1 .\CortexM0\ARM_GCC_541\Debug\Dashboard.a(ReadyToDrive_Timer.o)
 .debug_info    0x0001000e      0x5b1 .\CortexM0\ARM_GCC_541\Debug\Dashboard.a(ADC_GLV_V.o)
 .debug_info    0x000105bf       0xcb .\CortexM0\ARM_GCC_541\Debug\Dashboard.a(ADC_GLV_V_INT.o)
 .debug_info    0x0001068a       0x89 .\CortexM0\ARM_GCC_541\Debug\Dashboard.a(CyBootAsmGnu.o)
 .debug_info    0x00010713      0x315 .\CortexM0\ARM_GCC_541\Debug\Dashboard.a(CyFlash.o)
 .debug_info    0x00010a28      0x14b .\CortexM0\ARM_GCC_541\Debug\Dashboard.a(cyutils.o)

.debug_abbrev   0x00000000     0x2e42
 *(.debug_abbrev)
 .debug_abbrev  0x00000000      0x345 .\CortexM0\ARM_GCC_541\Debug\ugui.o
 .debug_abbrev  0x00000345      0x271 .\CortexM0\ARM_GCC_541\Debug\ugui_SSD1963.o
 .debug_abbrev  0x000005b6      0x2dd .\CortexM0\ARM_GCC_541\Debug\frucd_display.o
 .debug_abbrev  0x00000893      0x263 .\CortexM0\ARM_GCC_541\Debug\main.o
 .debug_abbrev  0x00000af6      0x205 .\CortexM0\ARM_GCC_541\Debug\can_manga.o
 .debug_abbrev  0x00000cfb      0x20d .\CortexM0\ARM_GCC_541\Debug\cyfitter_cfg.o
 .debug_abbrev  0x00000f08       0x5d .\CortexM0\ARM_GCC_541\Debug\cymetadata.o
 .debug_abbrev  0x00000f65      0x1d5 .\CortexM0\ARM_GCC_541\Debug\Cm0Start.o
 .debug_abbrev  0x0000113a      0x242 .\CortexM0\ARM_GCC_541\Debug\Dashboard.a(CAN.o)
 .debug_abbrev  0x0000137c       0xbe .\CortexM0\ARM_GCC_541\Debug\Dashboard.a(CAN_INT.o)
 .debug_abbrev  0x0000143a      0x171 .\CortexM0\ARM_GCC_541\Debug\Dashboard.a(CAN_TX_RX_func.o)
 .debug_abbrev  0x000015ab       0xc6 .\CortexM0\ARM_GCC_541\Debug\Dashboard.a(Buzzer.o)
 .debug_abbrev  0x00001671       0xc6 .\CortexM0\ARM_GCC_541\Debug\Dashboard.a(HV.o)
 .debug_abbrev  0x00001737       0xc6 .\CortexM0\ARM_GCC_541\Debug\Dashboard.a(Drive.o)
 .debug_abbrev  0x000017fd       0xc6 .\CortexM0\ARM_GCC_541\Debug\Dashboard.a(RGB3_1.o)
 .debug_abbrev  0x000018c3       0xc6 .\CortexM0\ARM_GCC_541\Debug\Dashboard.a(RGB2_1.o)
 .debug_abbrev  0x00001989       0xc6 .\CortexM0\ARM_GCC_541\Debug\Dashboard.a(RGB1_1.o)
 .debug_abbrev  0x00001a4f      0x197 .\CortexM0\ARM_GCC_541\Debug\Dashboard.a(GraphicLCDIntf.o)
 .debug_abbrev  0x00001be6       0xc6 .\CortexM0\ARM_GCC_541\Debug\Dashboard.a(D_BL.o)
 .debug_abbrev  0x00001cac       0xc6 .\CortexM0\ARM_GCC_541\Debug\Dashboard.a(D_RST.o)
 .debug_abbrev  0x00001d72       0xc6 .\CortexM0\ARM_GCC_541\Debug\Dashboard.a(BMS_LED.o)
 .debug_abbrev  0x00001e38       0xc6 .\CortexM0\ARM_GCC_541\Debug\Dashboard.a(IMD_LED.o)
 .debug_abbrev  0x00001efe      0x345 .\CortexM0\ARM_GCC_541\Debug\Dashboard.a(CyLib.o)
 .debug_abbrev  0x00002243      0x381 .\CortexM0\ARM_GCC_541\Debug\Dashboard.a(CyLFClk.o)
 .debug_abbrev  0x000025c4      0x244 .\CortexM0\ARM_GCC_541\Debug\Dashboard.a(ReadyToDrive_Int.o)
 .debug_abbrev  0x00002808      0x1ee .\CortexM0\ARM_GCC_541\Debug\Dashboard.a(ReadyToDrive_Timer.o)
 .debug_abbrev  0x000029f6      0x19a .\CortexM0\ARM_GCC_541\Debug\Dashboard.a(ADC_GLV_V.o)
 .debug_abbrev  0x00002b90       0x65 .\CortexM0\ARM_GCC_541\Debug\Dashboard.a(ADC_GLV_V_INT.o)
 .debug_abbrev  0x00002bf5       0x14 .\CortexM0\ARM_GCC_541\Debug\Dashboard.a(CyBootAsmGnu.o)
 .debug_abbrev  0x00002c09      0x179 .\CortexM0\ARM_GCC_541\Debug\Dashboard.a(CyFlash.o)
 .debug_abbrev  0x00002d82       0xc0 .\CortexM0\ARM_GCC_541\Debug\Dashboard.a(cyutils.o)

.debug_line     0x00000000     0x52f8
 *(.debug_line)
 .debug_line    0x00000000     0x1a76 .\CortexM0\ARM_GCC_541\Debug\ugui.o
 .debug_line    0x00001a76      0x348 .\CortexM0\ARM_GCC_541\Debug\ugui_SSD1963.o
 .debug_line    0x00001dbe      0x400 .\CortexM0\ARM_GCC_541\Debug\frucd_display.o
 .debug_line    0x000021be      0x33c .\CortexM0\ARM_GCC_541\Debug\main.o
 .debug_line    0x000024fa      0x2d1 .\CortexM0\ARM_GCC_541\Debug\can_manga.o
 .debug_line    0x000027cb      0x1a5 .\CortexM0\ARM_GCC_541\Debug\cyfitter_cfg.o
 .debug_line    0x00002970      0x141 .\CortexM0\ARM_GCC_541\Debug\cymetadata.o
 .debug_line    0x00002ab1      0x232 .\CortexM0\ARM_GCC_541\Debug\Cm0Start.o
 .debug_line    0x00002ce3      0x3e6 .\CortexM0\ARM_GCC_541\Debug\Dashboard.a(CAN.o)
 .debug_line    0x000030c9       0xb4 .\CortexM0\ARM_GCC_541\Debug\Dashboard.a(CAN_INT.o)
 .debug_line    0x0000317d      0x183 .\CortexM0\ARM_GCC_541\Debug\Dashboard.a(CAN_TX_RX_func.o)
 .debug_line    0x00003300       0xc9 .\CortexM0\ARM_GCC_541\Debug\Dashboard.a(Buzzer.o)
 .debug_line    0x000033c9       0xc5 .\CortexM0\ARM_GCC_541\Debug\Dashboard.a(HV.o)
 .debug_line    0x0000348e       0xc8 .\CortexM0\ARM_GCC_541\Debug\Dashboard.a(Drive.o)
 .debug_line    0x00003556       0xc9 .\CortexM0\ARM_GCC_541\Debug\Dashboard.a(RGB3_1.o)
 .debug_line    0x0000361f       0xc9 .\CortexM0\ARM_GCC_541\Debug\Dashboard.a(RGB2_1.o)
 .debug_line    0x000036e8       0xc9 .\CortexM0\ARM_GCC_541\Debug\Dashboard.a(RGB1_1.o)
 .debug_line    0x000037b1      0x1b1 .\CortexM0\ARM_GCC_541\Debug\Dashboard.a(GraphicLCDIntf.o)
 .debug_line    0x00003962       0xc7 .\CortexM0\ARM_GCC_541\Debug\Dashboard.a(D_BL.o)
 .debug_line    0x00003a29       0xca .\CortexM0\ARM_GCC_541\Debug\Dashboard.a(D_RST.o)
 .debug_line    0x00003af3       0xca .\CortexM0\ARM_GCC_541\Debug\Dashboard.a(BMS_LED.o)
 .debug_line    0x00003bbd       0xca .\CortexM0\ARM_GCC_541\Debug\Dashboard.a(IMD_LED.o)
 .debug_line    0x00003c87      0x601 .\CortexM0\ARM_GCC_541\Debug\Dashboard.a(CyLib.o)
 .debug_line    0x00004288      0x731 .\CortexM0\ARM_GCC_541\Debug\Dashboard.a(CyLFClk.o)
 .debug_line    0x000049b9      0x1b8 .\CortexM0\ARM_GCC_541\Debug\Dashboard.a(ReadyToDrive_Int.o)
 .debug_line    0x00004b71      0x1b2 .\CortexM0\ARM_GCC_541\Debug\Dashboard.a(ReadyToDrive_Timer.o)
 .debug_line    0x00004d23      0x335 .\CortexM0\ARM_GCC_541\Debug\Dashboard.a(ADC_GLV_V.o)
 .debug_line    0x00005058       0x6e .\CortexM0\ARM_GCC_541\Debug\Dashboard.a(ADC_GLV_V_INT.o)
 .debug_line    0x000050c6       0x68 .\CortexM0\ARM_GCC_541\Debug\Dashboard.a(CyBootAsmGnu.o)
 .debug_line    0x0000512e      0x14f .\CortexM0\ARM_GCC_541\Debug\Dashboard.a(CyFlash.o)
 .debug_line    0x0000527d       0x7b .\CortexM0\ARM_GCC_541\Debug\Dashboard.a(cyutils.o)

.debug_frame    0x00000000     0x33c4
 *(.debug_frame)
 .debug_frame   0x00000000     0x1254 .\CortexM0\ARM_GCC_541\Debug\ugui.o
 .debug_frame   0x00001254       0xf4 .\CortexM0\ARM_GCC_541\Debug\ugui_SSD1963.o
 .debug_frame   0x00001348      0x1b4 .\CortexM0\ARM_GCC_541\Debug\frucd_display.o
 .debug_frame   0x000014fc       0x94 .\CortexM0\ARM_GCC_541\Debug\main.o
 .debug_frame   0x00001590      0x128 .\CortexM0\ARM_GCC_541\Debug\can_manga.o
 .debug_frame   0x000016b8       0x4c .\CortexM0\ARM_GCC_541\Debug\cyfitter_cfg.o
 .debug_frame   0x00001704       0xc8 .\CortexM0\ARM_GCC_541\Debug\Cm0Start.o
 .debug_frame   0x000017cc      0x240 .\CortexM0\ARM_GCC_541\Debug\Dashboard.a(CAN.o)
 .debug_frame   0x00001a0c       0x54 .\CortexM0\ARM_GCC_541\Debug\Dashboard.a(CAN_INT.o)
 .debug_frame   0x00001a60       0xcc .\CortexM0\ARM_GCC_541\Debug\Dashboard.a(CAN_TX_RX_func.o)
 .debug_frame   0x00001b2c       0x70 .\CortexM0\ARM_GCC_541\Debug\Dashboard.a(Buzzer.o)
 .debug_frame   0x00001b9c       0x70 .\CortexM0\ARM_GCC_541\Debug\Dashboard.a(HV.o)
 .debug_frame   0x00001c0c       0x70 .\CortexM0\ARM_GCC_541\Debug\Dashboard.a(Drive.o)
 .debug_frame   0x00001c7c       0x70 .\CortexM0\ARM_GCC_541\Debug\Dashboard.a(RGB3_1.o)
 .debug_frame   0x00001cec       0x70 .\CortexM0\ARM_GCC_541\Debug\Dashboard.a(RGB2_1.o)
 .debug_frame   0x00001d5c       0x70 .\CortexM0\ARM_GCC_541\Debug\Dashboard.a(RGB1_1.o)
 .debug_frame   0x00001dcc      0x170 .\CortexM0\ARM_GCC_541\Debug\Dashboard.a(GraphicLCDIntf.o)
 .debug_frame   0x00001f3c       0x70 .\CortexM0\ARM_GCC_541\Debug\Dashboard.a(D_BL.o)
 .debug_frame   0x00001fac       0x70 .\CortexM0\ARM_GCC_541\Debug\Dashboard.a(D_RST.o)
 .debug_frame   0x0000201c       0x70 .\CortexM0\ARM_GCC_541\Debug\Dashboard.a(BMS_LED.o)
 .debug_frame   0x0000208c       0x70 .\CortexM0\ARM_GCC_541\Debug\Dashboard.a(IMD_LED.o)
 .debug_frame   0x000020fc      0x468 .\CortexM0\ARM_GCC_541\Debug\Dashboard.a(CyLib.o)
 .debug_frame   0x00002564      0x484 .\CortexM0\ARM_GCC_541\Debug\Dashboard.a(CyLFClk.o)
 .debug_frame   0x000029e8      0x104 .\CortexM0\ARM_GCC_541\Debug\Dashboard.a(ReadyToDrive_Int.o)
 .debug_frame   0x00002aec      0x160 .\CortexM0\ARM_GCC_541\Debug\Dashboard.a(ReadyToDrive_Timer.o)
 .debug_frame   0x00002c4c      0x1c0 .\CortexM0\ARM_GCC_541\Debug\Dashboard.a(ADC_GLV_V.o)
 .debug_frame   0x00002e0c       0x20 .\CortexM0\ARM_GCC_541\Debug\Dashboard.a(ADC_GLV_V_INT.o)
 .debug_frame   0x00002e2c       0x80 .\CortexM0\ARM_GCC_541\Debug\Dashboard.a(CyFlash.o)
 .debug_frame   0x00002eac       0x30 .\CortexM0\ARM_GCC_541\Debug\Dashboard.a(cyutils.o)
 .debug_frame   0x00002edc       0x20 c:/program files (x86)/cypress/psoc creator/4.4/psoc creator/import/gnu/arm/5.4.1/bin/../lib/gcc/arm-none-eabi/5.4.1/armv6-m\libgcc.a(_udivsi3.o)
 .debug_frame   0x00002efc       0x20 c:/program files (x86)/cypress/psoc creator/4.4/psoc creator/import/gnu/arm/5.4.1/bin/../lib/gcc/arm-none-eabi/5.4.1/armv6-m\libgcc.a(_divsi3.o)
 .debug_frame   0x00002f1c       0x34 c:/program files (x86)/cypress/psoc creator/4.4/psoc creator/import/gnu/arm/5.4.1/bin/../lib/gcc/arm-none-eabi/5.4.1/armv6-m\libgcc.a(_muldi3.o)
 .debug_frame   0x00002f50       0x30 c:/program files (x86)/cypress/psoc creator/4.4/psoc creator/import/gnu/arm/5.4.1/bin/../lib/gcc/arm-none-eabi/5.4.1/armv6-m\libgcc.a(bpabi.o)
 .debug_frame   0x00002f80       0x3c c:/program files (x86)/cypress/psoc creator/4.4/psoc creator/import/gnu/arm/5.4.1/bin/../lib/gcc/arm-none-eabi/5.4.1/armv6-m\libgcc.a(divsf3.o)
 .debug_frame   0x00002fbc       0x38 c:/program files (x86)/cypress/psoc creator/4.4/psoc creator/import/gnu/arm/5.4.1/bin/../lib/gcc/arm-none-eabi/5.4.1/armv6-m\libgcc.a(mulsf3.o)
 .debug_frame   0x00002ff4       0x2c c:/program files (x86)/cypress/psoc creator/4.4/psoc creator/import/gnu/arm/5.4.1/bin/../lib/gcc/arm-none-eabi/5.4.1/armv6-m\libgcc.a(floatsisf.o)
 .debug_frame   0x00003020       0x3c c:/program files (x86)/cypress/psoc creator/4.4/psoc creator/import/gnu/arm/5.4.1/bin/../lib/gcc/arm-none-eabi/5.4.1/armv6-m\libgcc.a(_divdi3.o)
 .debug_frame   0x0000305c       0x20 c:/program files (x86)/cypress/psoc creator/4.4/psoc creator/import/gnu/arm/5.4.1/bin/../lib/gcc/arm-none-eabi/5.4.1/../../../../arm-none-eabi/lib/armv6-m\libg_nano.a(lib_a-errno.o)
 .debug_frame   0x0000307c       0x28 c:/program files (x86)/cypress/psoc creator/4.4/psoc creator/import/gnu/arm/5.4.1/bin/../lib/gcc/arm-none-eabi/5.4.1/../../../../arm-none-eabi/lib/armv6-m\libg_nano.a(lib_a-exit.o)
 .debug_frame   0x000030a4       0x2c c:/program files (x86)/cypress/psoc creator/4.4/psoc creator/import/gnu/arm/5.4.1/bin/../lib/gcc/arm-none-eabi/5.4.1/../../../../arm-none-eabi/lib/armv6-m\libg_nano.a(lib_a-init.o)
 .debug_frame   0x000030d0       0x28 c:/program files (x86)/cypress/psoc creator/4.4/psoc creator/import/gnu/arm/5.4.1/bin/../lib/gcc/arm-none-eabi/5.4.1/../../../../arm-none-eabi/lib/armv6-m\libg_nano.a(lib_a-memcpy-stub.o)
 .debug_frame   0x000030f8       0x20 c:/program files (x86)/cypress/psoc creator/4.4/psoc creator/import/gnu/arm/5.4.1/bin/../lib/gcc/arm-none-eabi/5.4.1/../../../../arm-none-eabi/lib/armv6-m\libg_nano.a(lib_a-memset.o)
 .debug_frame   0x00003118       0x50 c:/program files (x86)/cypress/psoc creator/4.4/psoc creator/import/gnu/arm/5.4.1/bin/../lib/gcc/arm-none-eabi/5.4.1/../../../../arm-none-eabi/lib/armv6-m\libg_nano.a(lib_a-sprintf.o)
 .debug_frame   0x00003168       0x74 c:/program files (x86)/cypress/psoc creator/4.4/psoc creator/import/gnu/arm/5.4.1/bin/../lib/gcc/arm-none-eabi/5.4.1/../../../../arm-none-eabi/lib/armv6-m\libg_nano.a(lib_a-nano-svfprintf.o)
 .debug_frame   0x000031dc       0x54 c:/program files (x86)/cypress/psoc creator/4.4/psoc creator/import/gnu/arm/5.4.1/bin/../lib/gcc/arm-none-eabi/5.4.1/../../../../arm-none-eabi/lib/armv6-m\libg_nano.a(lib_a-nano-vfprintf_i.o)
 .debug_frame   0x00003230       0x20 c:/program files (x86)/cypress/psoc creator/4.4/psoc creator/import/gnu/arm/5.4.1/bin/../lib/gcc/arm-none-eabi/5.4.1/../../../../arm-none-eabi/lib/armv6-m\libg_nano.a(lib_a-memchr-stub.o)
 .debug_frame   0x00003250       0x28 c:/program files (x86)/cypress/psoc creator/4.4/psoc creator/import/gnu/arm/5.4.1/bin/../lib/gcc/arm-none-eabi/5.4.1/../../../../arm-none-eabi/lib/armv6-m\libg_nano.a(lib_a-memmove.o)
 .debug_frame   0x00003278       0x2c c:/program files (x86)/cypress/psoc creator/4.4/psoc creator/import/gnu/arm/5.4.1/bin/../lib/gcc/arm-none-eabi/5.4.1/../../../../arm-none-eabi/lib/armv6-m\libg_nano.a(lib_a-nano-freer.o)
 .debug_frame   0x000032a4       0x2c c:/program files (x86)/cypress/psoc creator/4.4/psoc creator/import/gnu/arm/5.4.1/bin/../lib/gcc/arm-none-eabi/5.4.1/../../../../arm-none-eabi/lib/armv6-m\libg_nano.a(lib_a-nano-mallocr.o)
 .debug_frame   0x000032d0       0x30 c:/program files (x86)/cypress/psoc creator/4.4/psoc creator/import/gnu/arm/5.4.1/bin/../lib/gcc/arm-none-eabi/5.4.1/../../../../arm-none-eabi/lib/armv6-m\libg_nano.a(lib_a-nano-reallocr.o)
 .debug_frame   0x00003300       0x2c c:/program files (x86)/cypress/psoc creator/4.4/psoc creator/import/gnu/arm/5.4.1/bin/../lib/gcc/arm-none-eabi/5.4.1/../../../../arm-none-eabi/lib/armv6-m\libg_nano.a(lib_a-sbrkr.o)
 .debug_frame   0x0000332c       0x30 c:/program files (x86)/cypress/psoc creator/4.4/psoc creator/import/gnu/arm/5.4.1/bin/../lib/gcc/arm-none-eabi/5.4.1/../../../../arm-none-eabi/lib/armv6-m\libg_nano.a(lib_a-mlock.o)
 .debug_frame   0x0000335c       0x20 c:/program files (x86)/cypress/psoc creator/4.4/psoc creator/import/gnu/arm/5.4.1/bin/../lib/gcc/arm-none-eabi/5.4.1/../../../../arm-none-eabi/lib/armv6-m\libg_nano.a(lib_a-nano-msizer.o)
 .debug_frame   0x0000337c       0x48 c:/program files (x86)/cypress/psoc creator/4.4/psoc creator/import/gnu/arm/5.4.1/bin/../lib/gcc/arm-none-eabi/5.4.1/../../../../arm-none-eabi/lib/armv6-m\libg_nano.a(lib_a-reent.o)

.debug_str      0x00000000     0x3c9e
 *(.debug_str)
 .debug_str     0x00000000     0x1230 .\CortexM0\ARM_GCC_541\Debug\ugui.o
                               0x12e8 (size before relaxing)
 .debug_str     0x00001230      0x11d .\CortexM0\ARM_GCC_541\Debug\ugui_SSD1963.o
                                0x532 (size before relaxing)
 .debug_str     0x0000134d      0x1f2 .\CortexM0\ARM_GCC_541\Debug\frucd_display.o
                                0x663 (size before relaxing)
 .debug_str     0x0000153f      0x3a0 .\CortexM0\ARM_GCC_541\Debug\main.o
                                0x9a7 (size before relaxing)
 .debug_str     0x000018df      0x232 .\CortexM0\ARM_GCC_541\Debug\can_manga.o
                                0x758 (size before relaxing)
 .debug_str     0x00001b11      0x11d .\CortexM0\ARM_GCC_541\Debug\cyfitter_cfg.o
                                0x2e1 (size before relaxing)
 .debug_str     0x00001c2e       0x8c .\CortexM0\ARM_GCC_541\Debug\cymetadata.o
                                0x1b9 (size before relaxing)
 .debug_str     0x00001cba      0x13a .\CortexM0\ARM_GCC_541\Debug\Cm0Start.o
                                0x2fa (size before relaxing)
 .debug_str     0x00001df4      0x33f .\CortexM0\ARM_GCC_541\Debug\Dashboard.a(CAN.o)
                                0x52f (size before relaxing)
 .debug_str     0x00002133       0xff .\CortexM0\ARM_GCC_541\Debug\Dashboard.a(CAN_INT.o)
                                0x2eb (size before relaxing)
 .debug_str     0x00002232       0x56 .\CortexM0\ARM_GCC_541\Debug\Dashboard.a(CAN_TX_RX_func.o)
                                0x383 (size before relaxing)
 .debug_str     0x00002288       0xaa .\CortexM0\ARM_GCC_541\Debug\Dashboard.a(Buzzer.o)
                                0x236 (size before relaxing)
 .debug_str     0x00002332       0x6a .\CortexM0\ARM_GCC_541\Debug\Dashboard.a(HV.o)
                                0x21a (size before relaxing)
 .debug_str     0x0000239c       0x7c .\CortexM0\ARM_GCC_541\Debug\Dashboard.a(Drive.o)
                                0x22f (size before relaxing)
 .debug_str     0x00002418       0x81 .\CortexM0\ARM_GCC_541\Debug\Dashboard.a(RGB3_1.o)
                                0x236 (size before relaxing)
 .debug_str     0x00002499       0x81 .\CortexM0\ARM_GCC_541\Debug\Dashboard.a(RGB2_1.o)
                                0x236 (size before relaxing)
 .debug_str     0x0000251a       0x81 .\CortexM0\ARM_GCC_541\Debug\Dashboard.a(RGB1_1.o)
                                0x236 (size before relaxing)
 .debug_str     0x0000259b      0x14d .\CortexM0\ARM_GCC_541\Debug\Dashboard.a(GraphicLCDIntf.o)
                                0x307 (size before relaxing)
 .debug_str     0x000026e8       0x75 .\CortexM0\ARM_GCC_541\Debug\Dashboard.a(D_BL.o)
                                0x228 (size before relaxing)
 .debug_str     0x0000275d       0x7b .\CortexM0\ARM_GCC_541\Debug\Dashboard.a(D_RST.o)
                                0x22f (size before relaxing)
 .debug_str     0x000027d8       0x87 .\CortexM0\ARM_GCC_541\Debug\Dashboard.a(BMS_LED.o)
                                0x23d (size before relaxing)
 .debug_str     0x0000285f       0x87 .\CortexM0\ARM_GCC_541\Debug\Dashboard.a(IMD_LED.o)
                                0x23d (size before relaxing)
 .debug_str     0x000028e6      0x5d1 .\CortexM0\ARM_GCC_541\Debug\Dashboard.a(CyLib.o)
                                0x7f6 (size before relaxing)
 .debug_str     0x00002eb7      0x6e2 .\CortexM0\ARM_GCC_541\Debug\Dashboard.a(CyLFClk.o)
                                0x916 (size before relaxing)
 .debug_str     0x00003599      0x178 .\CortexM0\ARM_GCC_541\Debug\Dashboard.a(ReadyToDrive_Int.o)
                                0x37d (size before relaxing)
 .debug_str     0x00003711      0x249 .\CortexM0\ARM_GCC_541\Debug\Dashboard.a(ReadyToDrive_Timer.o)
                                0x434 (size before relaxing)
 .debug_str     0x0000395a      0x22e .\CortexM0\ARM_GCC_541\Debug\Dashboard.a(ADC_GLV_V.o)
                                0x461 (size before relaxing)
 .debug_str     0x00003b88       0x41 .\CortexM0\ARM_GCC_541\Debug\Dashboard.a(ADC_GLV_V_INT.o)
                                0x1c2 (size before relaxing)
 .debug_str     0x00003bc9       0xa7 .\CortexM0\ARM_GCC_541\Debug\Dashboard.a(CyFlash.o)
                                0x2a9 (size before relaxing)
 .debug_str     0x00003c70       0x2e .\CortexM0\ARM_GCC_541\Debug\Dashboard.a(cyutils.o)
                                0x1b6 (size before relaxing)

.debug_loc      0x00000000     0xbcc3
 *(.debug_loc)
 .debug_loc     0x00000000     0x6eb2 .\CortexM0\ARM_GCC_541\Debug\ugui.o
 .debug_loc     0x00006eb2      0x9c1 .\CortexM0\ARM_GCC_541\Debug\ugui_SSD1963.o
 .debug_loc     0x00007873      0xd28 .\CortexM0\ARM_GCC_541\Debug\frucd_display.o
 .debug_loc     0x0000859b      0x133 .\CortexM0\ARM_GCC_541\Debug\main.o
 .debug_loc     0x000086ce      0x16d .\CortexM0\ARM_GCC_541\Debug\can_manga.o
 .debug_loc     0x0000883b      0x13c .\CortexM0\ARM_GCC_541\Debug\cyfitter_cfg.o
 .debug_loc     0x00008977      0x1de .\CortexM0\ARM_GCC_541\Debug\Cm0Start.o
 .debug_loc     0x00008b55      0x8dc .\CortexM0\ARM_GCC_541\Debug\Dashboard.a(CAN.o)
 .debug_loc     0x00009431       0xcc .\CortexM0\ARM_GCC_541\Debug\Dashboard.a(CAN_INT.o)
 .debug_loc     0x000094fd      0x1c5 .\CortexM0\ARM_GCC_541\Debug\Dashboard.a(CAN_TX_RX_func.o)
 .debug_loc     0x000096c2       0xa1 .\CortexM0\ARM_GCC_541\Debug\Dashboard.a(Buzzer.o)
 .debug_loc     0x00009763       0xa1 .\CortexM0\ARM_GCC_541\Debug\Dashboard.a(HV.o)
 .debug_loc     0x00009804       0xa1 .\CortexM0\ARM_GCC_541\Debug\Dashboard.a(Drive.o)
 .debug_loc     0x000098a5       0xa1 .\CortexM0\ARM_GCC_541\Debug\Dashboard.a(RGB3_1.o)
 .debug_loc     0x00009946       0xa1 .\CortexM0\ARM_GCC_541\Debug\Dashboard.a(RGB2_1.o)
 .debug_loc     0x000099e7       0xa1 .\CortexM0\ARM_GCC_541\Debug\Dashboard.a(RGB1_1.o)
 .debug_loc     0x00009a88      0x201 .\CortexM0\ARM_GCC_541\Debug\Dashboard.a(GraphicLCDIntf.o)
 .debug_loc     0x00009c89       0xa1 .\CortexM0\ARM_GCC_541\Debug\Dashboard.a(D_BL.o)
 .debug_loc     0x00009d2a       0xa1 .\CortexM0\ARM_GCC_541\Debug\Dashboard.a(D_RST.o)
 .debug_loc     0x00009dcb       0xa1 .\CortexM0\ARM_GCC_541\Debug\Dashboard.a(BMS_LED.o)
 .debug_loc     0x00009e6c       0xa1 .\CortexM0\ARM_GCC_541\Debug\Dashboard.a(IMD_LED.o)
 .debug_loc     0x00009f0d      0x8b2 .\CortexM0\ARM_GCC_541\Debug\Dashboard.a(CyLib.o)
 .debug_loc     0x0000a7bf      0xe0a .\CortexM0\ARM_GCC_541\Debug\Dashboard.a(CyLFClk.o)
 .debug_loc     0x0000b5c9       0xa6 .\CortexM0\ARM_GCC_541\Debug\Dashboard.a(ReadyToDrive_Int.o)
 .debug_loc     0x0000b66f       0x7f .\CortexM0\ARM_GCC_541\Debug\Dashboard.a(ReadyToDrive_Timer.o)
 .debug_loc     0x0000b6ee      0x3ba .\CortexM0\ARM_GCC_541\Debug\Dashboard.a(ADC_GLV_V.o)
 .debug_loc     0x0000baa8      0x160 .\CortexM0\ARM_GCC_541\Debug\Dashboard.a(CyFlash.o)
 .debug_loc     0x0000bc08       0xbb .\CortexM0\ARM_GCC_541\Debug\Dashboard.a(cyutils.o)

.debug_macinfo
 *(.debug_macinfo)

.debug_ranges   0x00000000     0x1330
 *(.debug_ranges)
 .debug_ranges  0x00000000      0x588 .\CortexM0\ARM_GCC_541\Debug\ugui.o
 .debug_ranges  0x00000588       0x88 .\CortexM0\ARM_GCC_541\Debug\ugui_SSD1963.o
 .debug_ranges  0x00000610       0x70 .\CortexM0\ARM_GCC_541\Debug\frucd_display.o
 .debug_ranges  0x00000680       0x28 .\CortexM0\ARM_GCC_541\Debug\main.o
 .debug_ranges  0x000006a8       0x68 .\CortexM0\ARM_GCC_541\Debug\can_manga.o
 .debug_ranges  0x00000710       0xe0 .\CortexM0\ARM_GCC_541\Debug\cyfitter_cfg.o
 .debug_ranges  0x000007f0       0x50 .\CortexM0\ARM_GCC_541\Debug\Cm0Start.o
 .debug_ranges  0x00000840      0x170 .\CortexM0\ARM_GCC_541\Debug\Dashboard.a(CAN.o)
 .debug_ranges  0x000009b0       0x18 .\CortexM0\ARM_GCC_541\Debug\Dashboard.a(CAN_INT.o)
 .debug_ranges  0x000009c8       0x58 .\CortexM0\ARM_GCC_541\Debug\Dashboard.a(CAN_TX_RX_func.o)
 .debug_ranges  0x00000a20       0x38 .\CortexM0\ARM_GCC_541\Debug\Dashboard.a(Buzzer.o)
 .debug_ranges  0x00000a58       0x38 .\CortexM0\ARM_GCC_541\Debug\Dashboard.a(HV.o)
 .debug_ranges  0x00000a90       0x38 .\CortexM0\ARM_GCC_541\Debug\Dashboard.a(Drive.o)
 .debug_ranges  0x00000ac8       0x38 .\CortexM0\ARM_GCC_541\Debug\Dashboard.a(RGB3_1.o)
 .debug_ranges  0x00000b00       0x38 .\CortexM0\ARM_GCC_541\Debug\Dashboard.a(RGB2_1.o)
 .debug_ranges  0x00000b38       0x38 .\CortexM0\ARM_GCC_541\Debug\Dashboard.a(RGB1_1.o)
 .debug_ranges  0x00000b70       0x70 .\CortexM0\ARM_GCC_541\Debug\Dashboard.a(GraphicLCDIntf.o)
 .debug_ranges  0x00000be0       0x38 .\CortexM0\ARM_GCC_541\Debug\Dashboard.a(D_BL.o)
 .debug_ranges  0x00000c18       0x38 .\CortexM0\ARM_GCC_541\Debug\Dashboard.a(D_RST.o)
 .debug_ranges  0x00000c50       0x38 .\CortexM0\ARM_GCC_541\Debug\Dashboard.a(BMS_LED.o)
 .debug_ranges  0x00000c88       0x38 .\CortexM0\ARM_GCC_541\Debug\Dashboard.a(IMD_LED.o)
 .debug_ranges  0x00000cc0      0x228 .\CortexM0\ARM_GCC_541\Debug\Dashboard.a(CyLib.o)
 .debug_ranges  0x00000ee8      0x1f8 .\CortexM0\ARM_GCC_541\Debug\Dashboard.a(CyLFClk.o)
 .debug_ranges  0x000010e0       0xf0 .\CortexM0\ARM_GCC_541\Debug\Dashboard.a(ReadyToDrive_Int.o)
 .debug_ranges  0x000011d0       0x80 .\CortexM0\ARM_GCC_541\Debug\Dashboard.a(ReadyToDrive_Timer.o)
 .debug_ranges  0x00001250       0x98 .\CortexM0\ARM_GCC_541\Debug\Dashboard.a(ADC_GLV_V.o)
 .debug_ranges  0x000012e8       0x10 .\CortexM0\ARM_GCC_541\Debug\Dashboard.a(ADC_GLV_V_INT.o)
 .debug_ranges  0x000012f8       0x20 .\CortexM0\ARM_GCC_541\Debug\Dashboard.a(CyFlash.o)
 .debug_ranges  0x00001318       0x18 .\CortexM0\ARM_GCC_541\Debug\Dashboard.a(cyutils.o)

.comment        0x00000000       0x6e
 .comment       0x00000000       0x6e .\CortexM0\ARM_GCC_541\Debug\ugui.o
                                 0x6f (size before relaxing)
 .comment       0x0000006e       0x6f .\CortexM0\ARM_GCC_541\Debug\ugui_SSD1963.o
 .comment       0x0000006e       0x6f .\CortexM0\ARM_GCC_541\Debug\frucd_display.o
 .comment       0x0000006e       0x6f .\CortexM0\ARM_GCC_541\Debug\main.o
 .comment       0x0000006e       0x6f .\CortexM0\ARM_GCC_541\Debug\can_manga.o
 .comment       0x0000006e       0x6f .\CortexM0\ARM_GCC_541\Debug\cyfitter_cfg.o
 .comment       0x0000006e       0x6f .\CortexM0\ARM_GCC_541\Debug\cymetadata.o
 .comment       0x0000006e       0x6f .\CortexM0\ARM_GCC_541\Debug\Cm0Start.o
 .comment       0x0000006e       0x6f .\CortexM0\ARM_GCC_541\Debug\Dashboard.a(CAN.o)
 .comment       0x0000006e       0x6f .\CortexM0\ARM_GCC_541\Debug\Dashboard.a(CAN_INT.o)
 .comment       0x0000006e       0x6f .\CortexM0\ARM_GCC_541\Debug\Dashboard.a(CAN_TX_RX_func.o)
 .comment       0x0000006e       0x6f .\CortexM0\ARM_GCC_541\Debug\Dashboard.a(Buzzer.o)
 .comment       0x0000006e       0x6f .\CortexM0\ARM_GCC_541\Debug\Dashboard.a(HV.o)
 .comment       0x0000006e       0x6f .\CortexM0\ARM_GCC_541\Debug\Dashboard.a(Drive.o)
 .comment       0x0000006e       0x6f .\CortexM0\ARM_GCC_541\Debug\Dashboard.a(RGB3_1.o)
 .comment       0x0000006e       0x6f .\CortexM0\ARM_GCC_541\Debug\Dashboard.a(RGB2_1.o)
 .comment       0x0000006e       0x6f .\CortexM0\ARM_GCC_541\Debug\Dashboard.a(RGB1_1.o)
 .comment       0x0000006e       0x6f .\CortexM0\ARM_GCC_541\Debug\Dashboard.a(GraphicLCDIntf.o)
 .comment       0x0000006e       0x6f .\CortexM0\ARM_GCC_541\Debug\Dashboard.a(D_BL.o)
 .comment       0x0000006e       0x6f .\CortexM0\ARM_GCC_541\Debug\Dashboard.a(D_RST.o)
 .comment       0x0000006e       0x6f .\CortexM0\ARM_GCC_541\Debug\Dashboard.a(BMS_LED.o)
 .comment       0x0000006e       0x6f .\CortexM0\ARM_GCC_541\Debug\Dashboard.a(IMD_LED.o)
 .comment       0x0000006e       0x6f .\CortexM0\ARM_GCC_541\Debug\Dashboard.a(CyLib.o)
 .comment       0x0000006e       0x6f .\CortexM0\ARM_GCC_541\Debug\Dashboard.a(CyLFClk.o)
 .comment       0x0000006e       0x6f .\CortexM0\ARM_GCC_541\Debug\Dashboard.a(ReadyToDrive_Int.o)
 .comment       0x0000006e       0x6f .\CortexM0\ARM_GCC_541\Debug\Dashboard.a(ReadyToDrive_Timer.o)
 .comment       0x0000006e       0x6f .\CortexM0\ARM_GCC_541\Debug\Dashboard.a(ADC_GLV_V.o)
 .comment       0x0000006e       0x6f .\CortexM0\ARM_GCC_541\Debug\Dashboard.a(ADC_GLV_V_INT.o)
 .comment       0x0000006e       0x6f .\CortexM0\ARM_GCC_541\Debug\Dashboard.a(CyFlash.o)
 .comment       0x0000006e       0x6f .\CortexM0\ARM_GCC_541\Debug\Dashboard.a(cyutils.o)

.debug_weaknames
 *(.debug_weaknames)

.debug_funcnames
 *(.debug_funcnames)

.debug_typenames
 *(.debug_typenames)

.debug_varnames
 *(.debug_varnames)

.note.gnu.arm.ident
 *(.note.gnu.arm.ident)

.ARM.attributes
                0x00000000       0x28
 *(.ARM.attributes)
 .ARM.attributes
                0x00000000       0x1e c:/program files (x86)/cypress/psoc creator/4.4/psoc creator/import/gnu/arm/5.4.1/bin/../lib/gcc/arm-none-eabi/5.4.1/armv6-m/crti.o
 .ARM.attributes
                0x0000001e       0x2c c:/program files (x86)/cypress/psoc creator/4.4/psoc creator/import/gnu/arm/5.4.1/bin/../lib/gcc/arm-none-eabi/5.4.1/armv6-m/crtbegin.o
 .ARM.attributes
                0x0000004a       0x1b c:/program files (x86)/cypress/psoc creator/4.4/psoc creator/import/gnu/arm/5.4.1/bin/../lib/gcc/arm-none-eabi/5.4.1/../../../../arm-none-eabi/lib/armv6-m/crt0.o
 .ARM.attributes
                0x00000065       0x31 .\CortexM0\ARM_GCC_541\Debug\ugui.o
 .ARM.attributes
                0x00000096       0x31 .\CortexM0\ARM_GCC_541\Debug\ugui_SSD1963.o
 .ARM.attributes
                0x000000c7       0x31 .\CortexM0\ARM_GCC_541\Debug\frucd_display.o
 .ARM.attributes
                0x000000f8       0x31 .\CortexM0\ARM_GCC_541\Debug\main.o
 .ARM.attributes
                0x00000129       0x31 .\CortexM0\ARM_GCC_541\Debug\can_manga.o
 .ARM.attributes
                0x0000015a       0x31 .\CortexM0\ARM_GCC_541\Debug\cyfitter_cfg.o
 .ARM.attributes
                0x0000018b       0x31 .\CortexM0\ARM_GCC_541\Debug\cymetadata.o
 .ARM.attributes
                0x000001bc       0x31 .\CortexM0\ARM_GCC_541\Debug\Cm0Start.o
 .ARM.attributes
                0x000001ed       0x31 .\CortexM0\ARM_GCC_541\Debug\Dashboard.a(CAN.o)
 .ARM.attributes
                0x0000021e       0x31 .\CortexM0\ARM_GCC_541\Debug\Dashboard.a(CAN_INT.o)
 .ARM.attributes
                0x0000024f       0x31 .\CortexM0\ARM_GCC_541\Debug\Dashboard.a(CAN_TX_RX_func.o)
 .ARM.attributes
                0x00000280       0x31 .\CortexM0\ARM_GCC_541\Debug\Dashboard.a(Buzzer.o)
 .ARM.attributes
                0x000002b1       0x31 .\CortexM0\ARM_GCC_541\Debug\Dashboard.a(HV.o)
 .ARM.attributes
                0x000002e2       0x31 .\CortexM0\ARM_GCC_541\Debug\Dashboard.a(Drive.o)
 .ARM.attributes
                0x00000313       0x31 .\CortexM0\ARM_GCC_541\Debug\Dashboard.a(RGB3_1.o)
 .ARM.attributes
                0x00000344       0x31 .\CortexM0\ARM_GCC_541\Debug\Dashboard.a(RGB2_1.o)
 .ARM.attributes
                0x00000375       0x31 .\CortexM0\ARM_GCC_541\Debug\Dashboard.a(RGB1_1.o)
 .ARM.attributes
                0x000003a6       0x31 .\CortexM0\ARM_GCC_541\Debug\Dashboard.a(GraphicLCDIntf.o)
 .ARM.attributes
                0x000003d7       0x31 .\CortexM0\ARM_GCC_541\Debug\Dashboard.a(D_BL.o)
 .ARM.attributes
                0x00000408       0x31 .\CortexM0\ARM_GCC_541\Debug\Dashboard.a(D_RST.o)
 .ARM.attributes
                0x00000439       0x31 .\CortexM0\ARM_GCC_541\Debug\Dashboard.a(BMS_LED.o)
 .ARM.attributes
                0x0000046a       0x31 .\CortexM0\ARM_GCC_541\Debug\Dashboard.a(IMD_LED.o)
 .ARM.attributes
                0x0000049b       0x31 .\CortexM0\ARM_GCC_541\Debug\Dashboard.a(CyLib.o)
 .ARM.attributes
                0x000004cc       0x31 .\CortexM0\ARM_GCC_541\Debug\Dashboard.a(CyLFClk.o)
 .ARM.attributes
                0x000004fd       0x31 .\CortexM0\ARM_GCC_541\Debug\Dashboard.a(ReadyToDrive_Int.o)
 .ARM.attributes
                0x0000052e       0x31 .\CortexM0\ARM_GCC_541\Debug\Dashboard.a(ReadyToDrive_Timer.o)
 .ARM.attributes
                0x0000055f       0x31 .\CortexM0\ARM_GCC_541\Debug\Dashboard.a(ADC_GLV_V.o)
 .ARM.attributes
                0x00000590       0x31 .\CortexM0\ARM_GCC_541\Debug\Dashboard.a(ADC_GLV_V_INT.o)
 .ARM.attributes
                0x000005c1       0x21 .\CortexM0\ARM_GCC_541\Debug\Dashboard.a(CyBootAsmGnu.o)
 .ARM.attributes
                0x000005e2       0x31 .\CortexM0\ARM_GCC_541\Debug\Dashboard.a(CyFlash.o)
 .ARM.attributes
                0x00000613       0x31 .\CortexM0\ARM_GCC_541\Debug\Dashboard.a(cyutils.o)
 .ARM.attributes
                0x00000644       0x1e c:/program files (x86)/cypress/psoc creator/4.4/psoc creator/import/gnu/arm/5.4.1/bin/../lib/gcc/arm-none-eabi/5.4.1/armv6-m\libgcc.a(_thumb1_case_uqi.o)
 .ARM.attributes
                0x00000662       0x1e c:/program files (x86)/cypress/psoc creator/4.4/psoc creator/import/gnu/arm/5.4.1/bin/../lib/gcc/arm-none-eabi/5.4.1/armv6-m\libgcc.a(_udivsi3.o)
 .ARM.attributes
                0x00000680       0x1e c:/program files (x86)/cypress/psoc creator/4.4/psoc creator/import/gnu/arm/5.4.1/bin/../lib/gcc/arm-none-eabi/5.4.1/armv6-m\libgcc.a(_divsi3.o)
 .ARM.attributes
                0x0000069e       0x1e c:/program files (x86)/cypress/psoc creator/4.4/psoc creator/import/gnu/arm/5.4.1/bin/../lib/gcc/arm-none-eabi/5.4.1/armv6-m\libgcc.a(_dvmd_tls.o)
 .ARM.attributes
                0x000006bc       0x1e c:/program files (x86)/cypress/psoc creator/4.4/psoc creator/import/gnu/arm/5.4.1/bin/../lib/gcc/arm-none-eabi/5.4.1/armv6-m\libgcc.a(_aeabi_ldivmod.o)
 .ARM.attributes
                0x000006da       0x2c c:/program files (x86)/cypress/psoc creator/4.4/psoc creator/import/gnu/arm/5.4.1/bin/../lib/gcc/arm-none-eabi/5.4.1/armv6-m\libgcc.a(_muldi3.o)
 .ARM.attributes
                0x00000706       0x2c c:/program files (x86)/cypress/psoc creator/4.4/psoc creator/import/gnu/arm/5.4.1/bin/../lib/gcc/arm-none-eabi/5.4.1/armv6-m\libgcc.a(bpabi.o)
 .ARM.attributes
                0x00000732       0x2c c:/program files (x86)/cypress/psoc creator/4.4/psoc creator/import/gnu/arm/5.4.1/bin/../lib/gcc/arm-none-eabi/5.4.1/armv6-m\libgcc.a(divsf3.o)
 .ARM.attributes
                0x0000075e       0x2c c:/program files (x86)/cypress/psoc creator/4.4/psoc creator/import/gnu/arm/5.4.1/bin/../lib/gcc/arm-none-eabi/5.4.1/armv6-m\libgcc.a(mulsf3.o)
 .ARM.attributes
                0x0000078a       0x2c c:/program files (x86)/cypress/psoc creator/4.4/psoc creator/import/gnu/arm/5.4.1/bin/../lib/gcc/arm-none-eabi/5.4.1/armv6-m\libgcc.a(floatsisf.o)
 .ARM.attributes
                0x000007b6       0x1e c:/program files (x86)/cypress/psoc creator/4.4/psoc creator/import/gnu/arm/5.4.1/bin/../lib/gcc/arm-none-eabi/5.4.1/armv6-m\libgcc.a(_clzsi2.o)
 .ARM.attributes
                0x000007d4       0x2c c:/program files (x86)/cypress/psoc creator/4.4/psoc creator/import/gnu/arm/5.4.1/bin/../lib/gcc/arm-none-eabi/5.4.1/armv6-m\libgcc.a(_divdi3.o)
 .ARM.attributes
                0x00000800       0x1e c:/program files (x86)/cypress/psoc creator/4.4/psoc creator/import/gnu/arm/5.4.1/bin/../lib/gcc/arm-none-eabi/5.4.1/armv6-m\libgcc.a(_clzdi2.o)
 .ARM.attributes
                0x0000081e       0x2c c:/program files (x86)/cypress/psoc creator/4.4/psoc creator/import/gnu/arm/5.4.1/bin/../lib/gcc/arm-none-eabi/5.4.1/../../../../arm-none-eabi/lib/armv6-m\libg_nano.a(lib_a-errno.o)
 .ARM.attributes
                0x0000084a       0x2c c:/program files (x86)/cypress/psoc creator/4.4/psoc creator/import/gnu/arm/5.4.1/bin/../lib/gcc/arm-none-eabi/5.4.1/../../../../arm-none-eabi/lib/armv6-m\libg_nano.a(lib_a-exit.o)
 .ARM.attributes
                0x00000876       0x2c c:/program files (x86)/cypress/psoc creator/4.4/psoc creator/import/gnu/arm/5.4.1/bin/../lib/gcc/arm-none-eabi/5.4.1/../../../../arm-none-eabi/lib/armv6-m\libg_nano.a(lib_a-impure.o)
 .ARM.attributes
                0x000008a2       0x2c c:/program files (x86)/cypress/psoc creator/4.4/psoc creator/import/gnu/arm/5.4.1/bin/../lib/gcc/arm-none-eabi/5.4.1/../../../../arm-none-eabi/lib/armv6-m\libg_nano.a(lib_a-init.o)
 .ARM.attributes
                0x000008ce       0x2c c:/program files (x86)/cypress/psoc creator/4.4/psoc creator/import/gnu/arm/5.4.1/bin/../lib/gcc/arm-none-eabi/5.4.1/../../../../arm-none-eabi/lib/armv6-m\libg_nano.a(lib_a-memcpy-stub.o)
 .ARM.attributes
                0x000008fa       0x2c c:/program files (x86)/cypress/psoc creator/4.4/psoc creator/import/gnu/arm/5.4.1/bin/../lib/gcc/arm-none-eabi/5.4.1/../../../../arm-none-eabi/lib/armv6-m\libg_nano.a(lib_a-memset.o)
 .ARM.attributes
                0x00000926       0x2c c:/program files (x86)/cypress/psoc creator/4.4/psoc creator/import/gnu/arm/5.4.1/bin/../lib/gcc/arm-none-eabi/5.4.1/../../../../arm-none-eabi/lib/armv6-m\libg_nano.a(lib_a-sprintf.o)
 .ARM.attributes
                0x00000952       0x2c c:/program files (x86)/cypress/psoc creator/4.4/psoc creator/import/gnu/arm/5.4.1/bin/../lib/gcc/arm-none-eabi/5.4.1/../../../../arm-none-eabi/lib/armv6-m\libg_nano.a(lib_a-nano-svfprintf.o)
 .ARM.attributes
                0x0000097e       0x2c c:/program files (x86)/cypress/psoc creator/4.4/psoc creator/import/gnu/arm/5.4.1/bin/../lib/gcc/arm-none-eabi/5.4.1/../../../../arm-none-eabi/lib/armv6-m\libg_nano.a(lib_a-nano-vfprintf_i.o)
 .ARM.attributes
                0x000009aa       0x2c c:/program files (x86)/cypress/psoc creator/4.4/psoc creator/import/gnu/arm/5.4.1/bin/../lib/gcc/arm-none-eabi/5.4.1/../../../../arm-none-eabi/lib/armv6-m\libg_nano.a(lib_a-memchr-stub.o)
 .ARM.attributes
                0x000009d6       0x2c c:/program files (x86)/cypress/psoc creator/4.4/psoc creator/import/gnu/arm/5.4.1/bin/../lib/gcc/arm-none-eabi/5.4.1/../../../../arm-none-eabi/lib/armv6-m\libg_nano.a(lib_a-memmove.o)
 .ARM.attributes
                0x00000a02       0x2c c:/program files (x86)/cypress/psoc creator/4.4/psoc creator/import/gnu/arm/5.4.1/bin/../lib/gcc/arm-none-eabi/5.4.1/../../../../arm-none-eabi/lib/armv6-m\libg_nano.a(lib_a-nano-freer.o)
 .ARM.attributes
                0x00000a2e       0x2c c:/program files (x86)/cypress/psoc creator/4.4/psoc creator/import/gnu/arm/5.4.1/bin/../lib/gcc/arm-none-eabi/5.4.1/../../../../arm-none-eabi/lib/armv6-m\libg_nano.a(lib_a-nano-mallocr.o)
 .ARM.attributes
                0x00000a5a       0x2c c:/program files (x86)/cypress/psoc creator/4.4/psoc creator/import/gnu/arm/5.4.1/bin/../lib/gcc/arm-none-eabi/5.4.1/../../../../arm-none-eabi/lib/armv6-m\libg_nano.a(lib_a-nano-reallocr.o)
 .ARM.attributes
                0x00000a86       0x2c c:/program files (x86)/cypress/psoc creator/4.4/psoc creator/import/gnu/arm/5.4.1/bin/../lib/gcc/arm-none-eabi/5.4.1/../../../../arm-none-eabi/lib/armv6-m\libg_nano.a(lib_a-sbrkr.o)
 .ARM.attributes
                0x00000ab2       0x2c c:/program files (x86)/cypress/psoc creator/4.4/psoc creator/import/gnu/arm/5.4.1/bin/../lib/gcc/arm-none-eabi/5.4.1/../../../../arm-none-eabi/lib/armv6-m\libg_nano.a(lib_a-mlock.o)
 .ARM.attributes
                0x00000ade       0x2c c:/program files (x86)/cypress/psoc creator/4.4/psoc creator/import/gnu/arm/5.4.1/bin/../lib/gcc/arm-none-eabi/5.4.1/../../../../arm-none-eabi/lib/armv6-m\libg_nano.a(lib_a-nano-msizer.o)
 .ARM.attributes
                0x00000b0a       0x2c c:/program files (x86)/cypress/psoc creator/4.4/psoc creator/import/gnu/arm/5.4.1/bin/../lib/gcc/arm-none-eabi/5.4.1/../../../../arm-none-eabi/lib/armv6-m\libg_nano.a(lib_a-reent.o)
 .ARM.attributes
                0x00000b36       0x2c c:/program files (x86)/cypress/psoc creator/4.4/psoc creator/import/gnu/arm/5.4.1/bin/../lib/gcc/arm-none-eabi/5.4.1/armv6-m/crtend.o
 .ARM.attributes
                0x00000b62       0x1e c:/program files (x86)/cypress/psoc creator/4.4/psoc creator/import/gnu/arm/5.4.1/bin/../lib/gcc/arm-none-eabi/5.4.1/armv6-m/crtn.o

/DISCARD/
 *(.note.GNU-stack)
OUTPUT(\\Mac\Home\Desktop\Dashboard-Firmware-FE10\Dashboard.cydsn\CortexM0\ARM_GCC_541\Debug\Dashboard.elf elf32-littlearm)
