ARM GAS  C:\Users\Melody\AppData\Local\Temp\ccJlrtOe.s 			page 1


   1              		.syntax unified
   2              		.cpu cortex-m0
   3              		.fpu softvfp
   4              		.eabi_attribute 20, 1
   5              		.eabi_attribute 21, 1
   6              		.eabi_attribute 23, 3
   7              		.eabi_attribute 24, 1
   8              		.eabi_attribute 25, 1
   9              		.eabi_attribute 26, 1
  10              		.eabi_attribute 30, 4
  11              		.eabi_attribute 34, 0
  12              		.eabi_attribute 18, 4
  13              		.thumb
  14              		.syntax unified
  15              		.file	"CAN_INT.c"
  16              		.text
  17              	.Ltext0:
  18              		.cfi_sections	.debug_frame
  19              		.section	.text.CAN_BusOffIsr,"ax",%progbits
  20              		.align	1
  21              		.global	CAN_BusOffIsr
  22              		.code	16
  23              		.thumb_func
  24              		.type	CAN_BusOffIsr, %function
  25              	CAN_BusOffIsr:
  26              	.LFB1:
  27              		.file 1 "Generated_Source\\PSoC4\\CAN_INT.c"
   1:Generated_Source\PSoC4/CAN_INT.c **** /*******************************************************************************
   2:Generated_Source\PSoC4/CAN_INT.c **** * File Name: CAN_INT.c
   3:Generated_Source\PSoC4/CAN_INT.c **** * Version 3.0
   4:Generated_Source\PSoC4/CAN_INT.c **** *
   5:Generated_Source\PSoC4/CAN_INT.c **** * Description:
   6:Generated_Source\PSoC4/CAN_INT.c **** *  This file contains Interrupt Service Routine (ISR) for CAN Component.
   7:Generated_Source\PSoC4/CAN_INT.c **** *  The Interrupt handlers functions are generated accordingly to the PSoC
   8:Generated_Source\PSoC4/CAN_INT.c **** *  Creator Customizer inputs.
   9:Generated_Source\PSoC4/CAN_INT.c **** *
  10:Generated_Source\PSoC4/CAN_INT.c **** * Note:
  11:Generated_Source\PSoC4/CAN_INT.c **** *  None
  12:Generated_Source\PSoC4/CAN_INT.c **** *
  13:Generated_Source\PSoC4/CAN_INT.c **** ********************************************************************************
  14:Generated_Source\PSoC4/CAN_INT.c **** * Copyright 2008-2015, Cypress Semiconductor Corporation.  All rights reserved.
  15:Generated_Source\PSoC4/CAN_INT.c **** * You may use this file only in accordance with the license, terms, conditions,
  16:Generated_Source\PSoC4/CAN_INT.c **** * disclaimers, and limitations in the end user license agreement accompanying
  17:Generated_Source\PSoC4/CAN_INT.c **** * the software package with which this file was provided.
  18:Generated_Source\PSoC4/CAN_INT.c **** *******************************************************************************/
  19:Generated_Source\PSoC4/CAN_INT.c **** 
  20:Generated_Source\PSoC4/CAN_INT.c **** #include "CAN.h"
  21:Generated_Source\PSoC4/CAN_INT.c **** #include "cyapicallbacks.h"
  22:Generated_Source\PSoC4/CAN_INT.c **** 
  23:Generated_Source\PSoC4/CAN_INT.c **** /* `#START CAN_INT_C_CODE_DEFINITION` */
  24:Generated_Source\PSoC4/CAN_INT.c **** 
  25:Generated_Source\PSoC4/CAN_INT.c **** /* `#END` */
  26:Generated_Source\PSoC4/CAN_INT.c **** 
  27:Generated_Source\PSoC4/CAN_INT.c **** #if (CAN_ARB_LOST)
  28:Generated_Source\PSoC4/CAN_INT.c ****     /*******************************************************************************
  29:Generated_Source\PSoC4/CAN_INT.c ****     * FUNCTION NAME:   CAN_ArbLostIsr
  30:Generated_Source\PSoC4/CAN_INT.c ****     ********************************************************************************
ARM GAS  C:\Users\Melody\AppData\Local\Temp\ccJlrtOe.s 			page 2


  31:Generated_Source\PSoC4/CAN_INT.c ****     *
  32:Generated_Source\PSoC4/CAN_INT.c ****     * Summary:
  33:Generated_Source\PSoC4/CAN_INT.c ****     *  This function is entry point to Arbitration Lost Interrupt. Clears
  34:Generated_Source\PSoC4/CAN_INT.c ****     *  Arbitration Lost interrupt flag. Only generated if Arbitration Lost
  35:Generated_Source\PSoC4/CAN_INT.c ****     *  Interrupt enable in Customizer.
  36:Generated_Source\PSoC4/CAN_INT.c ****     *
  37:Generated_Source\PSoC4/CAN_INT.c ****     * Parameters:
  38:Generated_Source\PSoC4/CAN_INT.c ****     *  None.
  39:Generated_Source\PSoC4/CAN_INT.c ****     *
  40:Generated_Source\PSoC4/CAN_INT.c ****     * Return:
  41:Generated_Source\PSoC4/CAN_INT.c ****     *  None.
  42:Generated_Source\PSoC4/CAN_INT.c ****     *
  43:Generated_Source\PSoC4/CAN_INT.c ****     * Reentrant:
  44:Generated_Source\PSoC4/CAN_INT.c ****     *  Depends on Customer code.
  45:Generated_Source\PSoC4/CAN_INT.c ****     *
  46:Generated_Source\PSoC4/CAN_INT.c ****     *******************************************************************************/
  47:Generated_Source\PSoC4/CAN_INT.c ****     void CAN_ArbLostIsr(void) 
  48:Generated_Source\PSoC4/CAN_INT.c ****     {
  49:Generated_Source\PSoC4/CAN_INT.c ****         /* Clear Arbitration Lost flag */
  50:Generated_Source\PSoC4/CAN_INT.c ****         CAN_INT_SR_REG = CAN_ARBITRATION_LOST_MASK;
  51:Generated_Source\PSoC4/CAN_INT.c **** 
  52:Generated_Source\PSoC4/CAN_INT.c ****         /* `#START ARBITRATION_LOST_ISR` */
  53:Generated_Source\PSoC4/CAN_INT.c **** 
  54:Generated_Source\PSoC4/CAN_INT.c ****         /* `#END` */
  55:Generated_Source\PSoC4/CAN_INT.c **** 
  56:Generated_Source\PSoC4/CAN_INT.c ****         #ifdef CAN_ARB_LOST_ISR_CALLBACK
  57:Generated_Source\PSoC4/CAN_INT.c ****             CAN_ArbLostIsr_Callback();
  58:Generated_Source\PSoC4/CAN_INT.c ****         #endif /* CAN_ARB_LOST_ISR_CALLBACK */
  59:Generated_Source\PSoC4/CAN_INT.c ****     }
  60:Generated_Source\PSoC4/CAN_INT.c **** #endif /* CAN_ARB_LOST */
  61:Generated_Source\PSoC4/CAN_INT.c **** 
  62:Generated_Source\PSoC4/CAN_INT.c **** 
  63:Generated_Source\PSoC4/CAN_INT.c **** #if (CAN_OVERLOAD)
  64:Generated_Source\PSoC4/CAN_INT.c ****     /*******************************************************************************
  65:Generated_Source\PSoC4/CAN_INT.c ****     * FUNCTION NAME:   CAN_OvrLdErrorIsr
  66:Generated_Source\PSoC4/CAN_INT.c ****     ********************************************************************************
  67:Generated_Source\PSoC4/CAN_INT.c ****     *
  68:Generated_Source\PSoC4/CAN_INT.c ****     * Summary:
  69:Generated_Source\PSoC4/CAN_INT.c ****     *  This function is entry point to Overload Error Interrupt. Clears Overload
  70:Generated_Source\PSoC4/CAN_INT.c ****     *  Error interrupt flag. Only generated if Overload Error Interrupt enable
  71:Generated_Source\PSoC4/CAN_INT.c ****     *  in Customizer.
  72:Generated_Source\PSoC4/CAN_INT.c ****     *
  73:Generated_Source\PSoC4/CAN_INT.c ****     * Parameters:
  74:Generated_Source\PSoC4/CAN_INT.c ****     *  None.
  75:Generated_Source\PSoC4/CAN_INT.c ****     *
  76:Generated_Source\PSoC4/CAN_INT.c ****     * Return:
  77:Generated_Source\PSoC4/CAN_INT.c ****     *  None.
  78:Generated_Source\PSoC4/CAN_INT.c ****     *
  79:Generated_Source\PSoC4/CAN_INT.c ****     * Reentrant:
  80:Generated_Source\PSoC4/CAN_INT.c ****     *  Depends on Customer code.
  81:Generated_Source\PSoC4/CAN_INT.c ****     *
  82:Generated_Source\PSoC4/CAN_INT.c ****     *******************************************************************************/
  83:Generated_Source\PSoC4/CAN_INT.c ****     void CAN_OvrLdErrorIsr(void) 
  84:Generated_Source\PSoC4/CAN_INT.c ****     {
  85:Generated_Source\PSoC4/CAN_INT.c ****         /* Clear Overload Error flag */
  86:Generated_Source\PSoC4/CAN_INT.c ****         CAN_INT_SR_REG = CAN_OVERLOAD_ERROR_MASK;
  87:Generated_Source\PSoC4/CAN_INT.c **** 
ARM GAS  C:\Users\Melody\AppData\Local\Temp\ccJlrtOe.s 			page 3


  88:Generated_Source\PSoC4/CAN_INT.c ****         /* `#START OVER_LOAD_ERROR_ISR` */
  89:Generated_Source\PSoC4/CAN_INT.c **** 
  90:Generated_Source\PSoC4/CAN_INT.c ****         /* `#END` */
  91:Generated_Source\PSoC4/CAN_INT.c **** 
  92:Generated_Source\PSoC4/CAN_INT.c ****         #ifdef CAN_OVR_LD_ERROR_ISR_CALLBACK
  93:Generated_Source\PSoC4/CAN_INT.c ****             CAN_OvrLdErrorIsr_Callback();
  94:Generated_Source\PSoC4/CAN_INT.c ****         #endif /* CAN_OVR_LD_ERROR_ISR_CALLBACK */
  95:Generated_Source\PSoC4/CAN_INT.c ****     }
  96:Generated_Source\PSoC4/CAN_INT.c **** #endif /* CAN_OVERLOAD */
  97:Generated_Source\PSoC4/CAN_INT.c **** 
  98:Generated_Source\PSoC4/CAN_INT.c **** 
  99:Generated_Source\PSoC4/CAN_INT.c **** #if (CAN_BIT_ERR)
 100:Generated_Source\PSoC4/CAN_INT.c ****     /*******************************************************************************
 101:Generated_Source\PSoC4/CAN_INT.c ****     * FUNCTION NAME:   CAN_BitErrorIsr
 102:Generated_Source\PSoC4/CAN_INT.c ****     ********************************************************************************
 103:Generated_Source\PSoC4/CAN_INT.c ****     *
 104:Generated_Source\PSoC4/CAN_INT.c ****     * Summary:
 105:Generated_Source\PSoC4/CAN_INT.c ****     *  This function is entry point to Bit Error Interrupt. Clears Bit Error
 106:Generated_Source\PSoC4/CAN_INT.c ****     *  interrupt flag. Only generated if Bit Error Interrupt enable in Customizer.
 107:Generated_Source\PSoC4/CAN_INT.c ****     *
 108:Generated_Source\PSoC4/CAN_INT.c ****     * Parameters:
 109:Generated_Source\PSoC4/CAN_INT.c ****     *  None.
 110:Generated_Source\PSoC4/CAN_INT.c ****     *
 111:Generated_Source\PSoC4/CAN_INT.c ****     * Return:
 112:Generated_Source\PSoC4/CAN_INT.c ****     *  None.
 113:Generated_Source\PSoC4/CAN_INT.c ****     *
 114:Generated_Source\PSoC4/CAN_INT.c ****     * Reentrant:
 115:Generated_Source\PSoC4/CAN_INT.c ****     *  Depends on Customer code.
 116:Generated_Source\PSoC4/CAN_INT.c ****     *
 117:Generated_Source\PSoC4/CAN_INT.c ****     *******************************************************************************/
 118:Generated_Source\PSoC4/CAN_INT.c ****     void CAN_BitErrorIsr(void) 
 119:Generated_Source\PSoC4/CAN_INT.c ****     {
 120:Generated_Source\PSoC4/CAN_INT.c ****         /* Clear Bit Error flag */
 121:Generated_Source\PSoC4/CAN_INT.c ****         CAN_INT_SR_REG = CAN_BIT_ERROR_MASK;
 122:Generated_Source\PSoC4/CAN_INT.c **** 
 123:Generated_Source\PSoC4/CAN_INT.c ****         /* `#START BIT_ERROR_ISR` */
 124:Generated_Source\PSoC4/CAN_INT.c **** 
 125:Generated_Source\PSoC4/CAN_INT.c ****         /* `#END` */
 126:Generated_Source\PSoC4/CAN_INT.c **** 
 127:Generated_Source\PSoC4/CAN_INT.c ****         #ifdef CAN_BIT_ERROR_ISR_CALLBACK
 128:Generated_Source\PSoC4/CAN_INT.c ****             CAN_BitErrorIsr_Callback();
 129:Generated_Source\PSoC4/CAN_INT.c ****         #endif /* CAN_BIT_ERROR_ISR_CALLBACK */
 130:Generated_Source\PSoC4/CAN_INT.c ****     }
 131:Generated_Source\PSoC4/CAN_INT.c **** #endif /* CAN_BIT_ERR */
 132:Generated_Source\PSoC4/CAN_INT.c **** 
 133:Generated_Source\PSoC4/CAN_INT.c **** 
 134:Generated_Source\PSoC4/CAN_INT.c **** #if (CAN_STUFF_ERR)
 135:Generated_Source\PSoC4/CAN_INT.c ****     /*******************************************************************************
 136:Generated_Source\PSoC4/CAN_INT.c ****     * FUNCTION NAME:   CAN_BitStuffErrorIsr
 137:Generated_Source\PSoC4/CAN_INT.c ****     ********************************************************************************
 138:Generated_Source\PSoC4/CAN_INT.c ****     *
 139:Generated_Source\PSoC4/CAN_INT.c ****     * Summary:
 140:Generated_Source\PSoC4/CAN_INT.c ****     *  This function is entry point to Bit Stuff Error Interrupt. Clears Bit Stuff
 141:Generated_Source\PSoC4/CAN_INT.c ****     *  Error interrupt flag. Only generated if Bit Stuff Error Interrupt enable
 142:Generated_Source\PSoC4/CAN_INT.c ****     *  in Customizer.
 143:Generated_Source\PSoC4/CAN_INT.c ****     *
 144:Generated_Source\PSoC4/CAN_INT.c ****     * Parameters:
ARM GAS  C:\Users\Melody\AppData\Local\Temp\ccJlrtOe.s 			page 4


 145:Generated_Source\PSoC4/CAN_INT.c ****     *  None.
 146:Generated_Source\PSoC4/CAN_INT.c ****     *
 147:Generated_Source\PSoC4/CAN_INT.c ****     * Return:
 148:Generated_Source\PSoC4/CAN_INT.c ****     *  None.
 149:Generated_Source\PSoC4/CAN_INT.c ****     *
 150:Generated_Source\PSoC4/CAN_INT.c ****     * Reentrant:
 151:Generated_Source\PSoC4/CAN_INT.c ****     *  Depends on Customer code.
 152:Generated_Source\PSoC4/CAN_INT.c ****     *
 153:Generated_Source\PSoC4/CAN_INT.c ****     *******************************************************************************/
 154:Generated_Source\PSoC4/CAN_INT.c ****     void CAN_BitStuffErrorIsr(void) 
 155:Generated_Source\PSoC4/CAN_INT.c ****     {
 156:Generated_Source\PSoC4/CAN_INT.c ****         /* Clear Stuff Error flag */
 157:Generated_Source\PSoC4/CAN_INT.c ****         CAN_INT_SR_REG = CAN_STUFF_ERROR_MASK;
 158:Generated_Source\PSoC4/CAN_INT.c **** 
 159:Generated_Source\PSoC4/CAN_INT.c ****         /* `#START BIT_STUFF_ERROR_ISR` */
 160:Generated_Source\PSoC4/CAN_INT.c **** 
 161:Generated_Source\PSoC4/CAN_INT.c ****         /* `#END` */
 162:Generated_Source\PSoC4/CAN_INT.c **** 
 163:Generated_Source\PSoC4/CAN_INT.c ****         #ifdef CAN_BIT_STUFF_ERROR_ISR_CALLBACK
 164:Generated_Source\PSoC4/CAN_INT.c ****             CAN_BitStuffErrorIsr_Callback();
 165:Generated_Source\PSoC4/CAN_INT.c ****         #endif /* CAN_BIT_STUFF_ERROR_ISR_CALLBACK */
 166:Generated_Source\PSoC4/CAN_INT.c ****     }
 167:Generated_Source\PSoC4/CAN_INT.c **** #endif /* CAN_STUFF_ERR */
 168:Generated_Source\PSoC4/CAN_INT.c **** 
 169:Generated_Source\PSoC4/CAN_INT.c **** 
 170:Generated_Source\PSoC4/CAN_INT.c **** #if (CAN_ACK_ERR)
 171:Generated_Source\PSoC4/CAN_INT.c ****     /*******************************************************************************
 172:Generated_Source\PSoC4/CAN_INT.c ****     * FUNCTION NAME:   CAN_AckErrorIsr
 173:Generated_Source\PSoC4/CAN_INT.c ****     ********************************************************************************
 174:Generated_Source\PSoC4/CAN_INT.c ****     *
 175:Generated_Source\PSoC4/CAN_INT.c ****     * Summary:
 176:Generated_Source\PSoC4/CAN_INT.c ****     *  This function is entry point to Acknowledge Error Interrupt. Clears
 177:Generated_Source\PSoC4/CAN_INT.c ****     *  Acknowledge Error interrupt flag. Only generated if Acknowledge Error
 178:Generated_Source\PSoC4/CAN_INT.c ****     *  Interrupt enable in Customizer.
 179:Generated_Source\PSoC4/CAN_INT.c ****     *
 180:Generated_Source\PSoC4/CAN_INT.c ****     * Parameters:
 181:Generated_Source\PSoC4/CAN_INT.c ****     *  None.
 182:Generated_Source\PSoC4/CAN_INT.c ****     *
 183:Generated_Source\PSoC4/CAN_INT.c ****     * Return:
 184:Generated_Source\PSoC4/CAN_INT.c ****     *  None.
 185:Generated_Source\PSoC4/CAN_INT.c ****     *
 186:Generated_Source\PSoC4/CAN_INT.c ****     * Reentrant:
 187:Generated_Source\PSoC4/CAN_INT.c ****     *  Depends on Customer code.
 188:Generated_Source\PSoC4/CAN_INT.c ****     *
 189:Generated_Source\PSoC4/CAN_INT.c ****     *******************************************************************************/
 190:Generated_Source\PSoC4/CAN_INT.c ****     void CAN_AckErrorIsr(void) 
 191:Generated_Source\PSoC4/CAN_INT.c ****     {
 192:Generated_Source\PSoC4/CAN_INT.c ****         /* Clear Acknoledge Error flag */
 193:Generated_Source\PSoC4/CAN_INT.c ****         CAN_INT_SR_REG = CAN_ACK_ERROR_MASK;
 194:Generated_Source\PSoC4/CAN_INT.c **** 
 195:Generated_Source\PSoC4/CAN_INT.c ****         /* `#START ACKNOWLEDGE_ERROR_ISR` */
 196:Generated_Source\PSoC4/CAN_INT.c **** 
 197:Generated_Source\PSoC4/CAN_INT.c ****         /* `#END` */
 198:Generated_Source\PSoC4/CAN_INT.c **** 
 199:Generated_Source\PSoC4/CAN_INT.c ****         #ifdef CAN_ACK_ERROR_ISR_CALLBACK
 200:Generated_Source\PSoC4/CAN_INT.c ****             CAN_AckErrorIsr_Callback();
 201:Generated_Source\PSoC4/CAN_INT.c ****         #endif /* CAN_ACK_ERROR_ISR_CALLBACK */
ARM GAS  C:\Users\Melody\AppData\Local\Temp\ccJlrtOe.s 			page 5


 202:Generated_Source\PSoC4/CAN_INT.c ****     }
 203:Generated_Source\PSoC4/CAN_INT.c **** #endif /* CAN_ACK_ERR */
 204:Generated_Source\PSoC4/CAN_INT.c **** 
 205:Generated_Source\PSoC4/CAN_INT.c **** 
 206:Generated_Source\PSoC4/CAN_INT.c **** #if (CAN_FORM_ERR)
 207:Generated_Source\PSoC4/CAN_INT.c ****     /*******************************************************************************
 208:Generated_Source\PSoC4/CAN_INT.c ****     * FUNCTION NAME:   CAN_MsgErrorIsr
 209:Generated_Source\PSoC4/CAN_INT.c ****     ********************************************************************************
 210:Generated_Source\PSoC4/CAN_INT.c ****     *
 211:Generated_Source\PSoC4/CAN_INT.c ****     * Summary:
 212:Generated_Source\PSoC4/CAN_INT.c ****     *  This function is entry point to Form Error Interrupt. Clears Form Error
 213:Generated_Source\PSoC4/CAN_INT.c ****     *  interrupt flag. Only generated if Form Error Interrupt enable in Customizer.
 214:Generated_Source\PSoC4/CAN_INT.c ****     *
 215:Generated_Source\PSoC4/CAN_INT.c ****     * Parameters:
 216:Generated_Source\PSoC4/CAN_INT.c ****     *  None.
 217:Generated_Source\PSoC4/CAN_INT.c ****     *
 218:Generated_Source\PSoC4/CAN_INT.c ****     * Return:
 219:Generated_Source\PSoC4/CAN_INT.c ****     *  None.
 220:Generated_Source\PSoC4/CAN_INT.c ****     *
 221:Generated_Source\PSoC4/CAN_INT.c ****     * Reentrant:
 222:Generated_Source\PSoC4/CAN_INT.c ****     *  Depends on Customer code.
 223:Generated_Source\PSoC4/CAN_INT.c ****     *
 224:Generated_Source\PSoC4/CAN_INT.c ****     *******************************************************************************/
 225:Generated_Source\PSoC4/CAN_INT.c ****     void CAN_MsgErrorIsr(void) 
 226:Generated_Source\PSoC4/CAN_INT.c ****     {
 227:Generated_Source\PSoC4/CAN_INT.c ****         /* Clear Form Error flag */
 228:Generated_Source\PSoC4/CAN_INT.c ****         CAN_INT_SR_REG = CAN_FORM_ERROR_MASK;
 229:Generated_Source\PSoC4/CAN_INT.c **** 
 230:Generated_Source\PSoC4/CAN_INT.c ****         /* `#START MESSAGE_ERROR_ISR` */
 231:Generated_Source\PSoC4/CAN_INT.c **** 
 232:Generated_Source\PSoC4/CAN_INT.c ****         /* `#END` */
 233:Generated_Source\PSoC4/CAN_INT.c **** 
 234:Generated_Source\PSoC4/CAN_INT.c ****         #ifdef CAN_MSG_ERROR_ISR_CALLBACK
 235:Generated_Source\PSoC4/CAN_INT.c ****             CAN_MsgErrorIsr_Callback();
 236:Generated_Source\PSoC4/CAN_INT.c ****         #endif /* CAN_MSG_ERROR_ISR_CALLBACK */
 237:Generated_Source\PSoC4/CAN_INT.c ****     }
 238:Generated_Source\PSoC4/CAN_INT.c **** #endif /* CAN_FORM_ERR */
 239:Generated_Source\PSoC4/CAN_INT.c **** 
 240:Generated_Source\PSoC4/CAN_INT.c **** 
 241:Generated_Source\PSoC4/CAN_INT.c **** #if (CAN_CRC_ERR)
 242:Generated_Source\PSoC4/CAN_INT.c ****     /*******************************************************************************
 243:Generated_Source\PSoC4/CAN_INT.c ****     * FUNCTION NAME:   CAN_CrcErrorIsr
 244:Generated_Source\PSoC4/CAN_INT.c ****     ********************************************************************************
 245:Generated_Source\PSoC4/CAN_INT.c ****     *
 246:Generated_Source\PSoC4/CAN_INT.c ****     * Summary:
 247:Generated_Source\PSoC4/CAN_INT.c ****     *  This function is entry point to CRC Error Interrupt. Clears CRC Error
 248:Generated_Source\PSoC4/CAN_INT.c ****     *  interrupt flag. Only generated if CRC Error Interrupt enable in Customizer.
 249:Generated_Source\PSoC4/CAN_INT.c ****     *
 250:Generated_Source\PSoC4/CAN_INT.c ****     * Parameters:
 251:Generated_Source\PSoC4/CAN_INT.c ****     *  None.
 252:Generated_Source\PSoC4/CAN_INT.c ****     *
 253:Generated_Source\PSoC4/CAN_INT.c ****     * Return:
 254:Generated_Source\PSoC4/CAN_INT.c ****     *  None.
 255:Generated_Source\PSoC4/CAN_INT.c ****     *
 256:Generated_Source\PSoC4/CAN_INT.c ****     * Reentrant:
 257:Generated_Source\PSoC4/CAN_INT.c ****     *  Depends on Customer code.
 258:Generated_Source\PSoC4/CAN_INT.c ****     *
ARM GAS  C:\Users\Melody\AppData\Local\Temp\ccJlrtOe.s 			page 6


 259:Generated_Source\PSoC4/CAN_INT.c ****     *******************************************************************************/
 260:Generated_Source\PSoC4/CAN_INT.c ****     void CAN_CrcErrorIsr(void) 
 261:Generated_Source\PSoC4/CAN_INT.c ****     {
 262:Generated_Source\PSoC4/CAN_INT.c ****         /* Clear CRC Error flag */
 263:Generated_Source\PSoC4/CAN_INT.c ****         CAN_INT_SR_REG = CAN_CRC_ERROR_MASK;
 264:Generated_Source\PSoC4/CAN_INT.c **** 
 265:Generated_Source\PSoC4/CAN_INT.c ****         /* `#START CRC_ERROR_ISR` */
 266:Generated_Source\PSoC4/CAN_INT.c **** 
 267:Generated_Source\PSoC4/CAN_INT.c ****         /* `#END` */
 268:Generated_Source\PSoC4/CAN_INT.c **** 
 269:Generated_Source\PSoC4/CAN_INT.c ****         #ifdef CAN_CRC_ERROR_ISR_CALLBACK
 270:Generated_Source\PSoC4/CAN_INT.c ****             CAN_CrcErrorIsr_Callback();
 271:Generated_Source\PSoC4/CAN_INT.c ****         #endif /* CAN_CRC_ERROR_ISR_CALLBACK */
 272:Generated_Source\PSoC4/CAN_INT.c ****     }
 273:Generated_Source\PSoC4/CAN_INT.c **** #endif /* CAN_CRC_ERR */
 274:Generated_Source\PSoC4/CAN_INT.c **** 
 275:Generated_Source\PSoC4/CAN_INT.c **** 
 276:Generated_Source\PSoC4/CAN_INT.c **** #if (CAN_BUS_OFF)
 277:Generated_Source\PSoC4/CAN_INT.c ****     /*******************************************************************************
 278:Generated_Source\PSoC4/CAN_INT.c ****     * FUNCTION NAME:   CAN_BusOffIsr
 279:Generated_Source\PSoC4/CAN_INT.c ****     ********************************************************************************
 280:Generated_Source\PSoC4/CAN_INT.c ****     *
 281:Generated_Source\PSoC4/CAN_INT.c ****     * Summary:
 282:Generated_Source\PSoC4/CAN_INT.c ****     *  This function is entry point to Bus Off Interrupt. Places CAN Component
 283:Generated_Source\PSoC4/CAN_INT.c ****     *  to Stop mode. Only generated if Bus Off Interrupt enable in Customizer.
 284:Generated_Source\PSoC4/CAN_INT.c ****     *  Recommended setting to enable this interrupt.
 285:Generated_Source\PSoC4/CAN_INT.c ****     *
 286:Generated_Source\PSoC4/CAN_INT.c ****     * Parameters:
 287:Generated_Source\PSoC4/CAN_INT.c ****     *  None.
 288:Generated_Source\PSoC4/CAN_INT.c ****     *
 289:Generated_Source\PSoC4/CAN_INT.c ****     * Return:
 290:Generated_Source\PSoC4/CAN_INT.c ****     *  None.
 291:Generated_Source\PSoC4/CAN_INT.c ****     *
 292:Generated_Source\PSoC4/CAN_INT.c ****     * Side Effects:
 293:Generated_Source\PSoC4/CAN_INT.c ****     *  Stops CAN component operation.
 294:Generated_Source\PSoC4/CAN_INT.c ****     *
 295:Generated_Source\PSoC4/CAN_INT.c ****     *******************************************************************************/
 296:Generated_Source\PSoC4/CAN_INT.c ****     void CAN_BusOffIsr(void) 
 297:Generated_Source\PSoC4/CAN_INT.c ****     {
  28              		.loc 1 297 0
  29              		.cfi_startproc
  30              		@ args = 0, pretend = 0, frame = 0
  31              		@ frame_needed = 0, uses_anonymous_args = 0
 298:Generated_Source\PSoC4/CAN_INT.c ****         /* Clear Bus Off flag */
 299:Generated_Source\PSoC4/CAN_INT.c ****         CAN_INT_SR_REG = CAN_BUS_OFF_MASK;
  32              		.loc 1 299 0
  33 0000 8022     		movs	r2, #128
 297:Generated_Source\PSoC4/CAN_INT.c ****         /* Clear Bus Off flag */
  34              		.loc 1 297 0
  35 0002 10B5     		push	{r4, lr}
  36              		.cfi_def_cfa_offset 8
  37              		.cfi_offset 4, -8
  38              		.cfi_offset 14, -4
  39              		.loc 1 299 0
  40 0004 024B     		ldr	r3, .L2
  41 0006 9200     		lsls	r2, r2, #2
  42 0008 1A60     		str	r2, [r3]
ARM GAS  C:\Users\Melody\AppData\Local\Temp\ccJlrtOe.s 			page 7


 300:Generated_Source\PSoC4/CAN_INT.c **** 
 301:Generated_Source\PSoC4/CAN_INT.c ****         /* `#START BUS_OFF_ISR` */
 302:Generated_Source\PSoC4/CAN_INT.c **** 
 303:Generated_Source\PSoC4/CAN_INT.c ****         /* `#END` */
 304:Generated_Source\PSoC4/CAN_INT.c **** 
 305:Generated_Source\PSoC4/CAN_INT.c ****         #ifdef CAN_BUS_OFF_ISR_CALLBACK
 306:Generated_Source\PSoC4/CAN_INT.c ****             CAN_BusOffIsr_Callback();
 307:Generated_Source\PSoC4/CAN_INT.c ****         #endif /* CAN_BUS_OFF_ISR_CALLBACK */
 308:Generated_Source\PSoC4/CAN_INT.c **** 
 309:Generated_Source\PSoC4/CAN_INT.c ****         (void) CAN_Stop();
  43              		.loc 1 309 0
  44 000a FFF7FEFF 		bl	CAN_Stop
  45              	.LVL0:
 310:Generated_Source\PSoC4/CAN_INT.c ****     }
  46              		.loc 1 310 0
  47              		@ sp needed
  48 000e 10BD     		pop	{r4, pc}
  49              	.L3:
  50              		.align	2
  51              	.L2:
  52 0010 00002F40 		.word	1076822016
  53              		.cfi_endproc
  54              	.LFE1:
  55              		.size	CAN_BusOffIsr, .-CAN_BusOffIsr
  56              		.section	.text.CAN_MsgRXIsr,"ax",%progbits
  57              		.align	1
  58              		.global	CAN_MsgRXIsr
  59              		.code	16
  60              		.thumb_func
  61              		.type	CAN_MsgRXIsr, %function
  62              	CAN_MsgRXIsr:
  63              	.LFB2:
 311:Generated_Source\PSoC4/CAN_INT.c **** #endif /* CAN_BUS_OFF */
 312:Generated_Source\PSoC4/CAN_INT.c **** 
 313:Generated_Source\PSoC4/CAN_INT.c **** 
 314:Generated_Source\PSoC4/CAN_INT.c **** #if (CAN_RX_MSG_LOST)
 315:Generated_Source\PSoC4/CAN_INT.c ****     /*******************************************************************************
 316:Generated_Source\PSoC4/CAN_INT.c ****     * FUNCTION NAME:   CAN_MsgLostIsr
 317:Generated_Source\PSoC4/CAN_INT.c ****     ********************************************************************************
 318:Generated_Source\PSoC4/CAN_INT.c ****     *
 319:Generated_Source\PSoC4/CAN_INT.c ****     * Summary:
 320:Generated_Source\PSoC4/CAN_INT.c ****     *  This function is entry point to Message Lost Interrupt. Clears Message Lost
 321:Generated_Source\PSoC4/CAN_INT.c ****     *  interrupt flag. Only generated if Message Lost Interrupt enable in Customizer
 322:Generated_Source\PSoC4/CAN_INT.c ****     *
 323:Generated_Source\PSoC4/CAN_INT.c ****     * Parameters:
 324:Generated_Source\PSoC4/CAN_INT.c ****     *  None.
 325:Generated_Source\PSoC4/CAN_INT.c ****     *
 326:Generated_Source\PSoC4/CAN_INT.c ****     * Return:
 327:Generated_Source\PSoC4/CAN_INT.c ****     *  None.
 328:Generated_Source\PSoC4/CAN_INT.c ****     *
 329:Generated_Source\PSoC4/CAN_INT.c ****     * Reentrant:
 330:Generated_Source\PSoC4/CAN_INT.c ****     *  Depends on Customer code.
 331:Generated_Source\PSoC4/CAN_INT.c ****     *
 332:Generated_Source\PSoC4/CAN_INT.c ****     *******************************************************************************/
 333:Generated_Source\PSoC4/CAN_INT.c ****     void CAN_MsgLostIsr(void) 
 334:Generated_Source\PSoC4/CAN_INT.c ****     {
 335:Generated_Source\PSoC4/CAN_INT.c ****         /* Clear Receive Message Lost flag */
ARM GAS  C:\Users\Melody\AppData\Local\Temp\ccJlrtOe.s 			page 8


 336:Generated_Source\PSoC4/CAN_INT.c ****         CAN_INT_SR_REG = CAN_RX_MSG_LOST_MASK;
 337:Generated_Source\PSoC4/CAN_INT.c **** 
 338:Generated_Source\PSoC4/CAN_INT.c ****         /* `#START MESSAGE_LOST_ISR` */
 339:Generated_Source\PSoC4/CAN_INT.c **** 
 340:Generated_Source\PSoC4/CAN_INT.c ****         /* `#END` */
 341:Generated_Source\PSoC4/CAN_INT.c **** 
 342:Generated_Source\PSoC4/CAN_INT.c ****         #ifdef CAN_MSG_LOST_ISR_CALLBACK
 343:Generated_Source\PSoC4/CAN_INT.c ****             CAN_MsgLostIsr_Callback();
 344:Generated_Source\PSoC4/CAN_INT.c ****         #endif /* CAN_MSG_LOST_ISR_CALLBACK */
 345:Generated_Source\PSoC4/CAN_INT.c ****     }
 346:Generated_Source\PSoC4/CAN_INT.c **** #endif /* CAN_RX_MSG_LOST */
 347:Generated_Source\PSoC4/CAN_INT.c **** 
 348:Generated_Source\PSoC4/CAN_INT.c **** 
 349:Generated_Source\PSoC4/CAN_INT.c **** #if (CAN_TX_MESSAGE)
 350:Generated_Source\PSoC4/CAN_INT.c ****     /*******************************************************************************
 351:Generated_Source\PSoC4/CAN_INT.c ****     * FUNCTION NAME:   CAN_MsgTXIsr
 352:Generated_Source\PSoC4/CAN_INT.c ****     ********************************************************************************
 353:Generated_Source\PSoC4/CAN_INT.c ****     *
 354:Generated_Source\PSoC4/CAN_INT.c ****     * Summary:
 355:Generated_Source\PSoC4/CAN_INT.c ****     *  This function is entry point to Transmit Message Interrupt. Clears Transmit
 356:Generated_Source\PSoC4/CAN_INT.c ****     *  Message interrupt flag. Only generated if Transmit Message Interrupt enable
 357:Generated_Source\PSoC4/CAN_INT.c ****     *  in Customizer.
 358:Generated_Source\PSoC4/CAN_INT.c ****     *
 359:Generated_Source\PSoC4/CAN_INT.c ****     * Parameters:
 360:Generated_Source\PSoC4/CAN_INT.c ****     *  None.
 361:Generated_Source\PSoC4/CAN_INT.c ****     *
 362:Generated_Source\PSoC4/CAN_INT.c ****     * Return:
 363:Generated_Source\PSoC4/CAN_INT.c ****     *  None.
 364:Generated_Source\PSoC4/CAN_INT.c ****     *
 365:Generated_Source\PSoC4/CAN_INT.c ****     * Reentrant:
 366:Generated_Source\PSoC4/CAN_INT.c ****     *  Depends on Customer code.
 367:Generated_Source\PSoC4/CAN_INT.c ****     *
 368:Generated_Source\PSoC4/CAN_INT.c ****     *******************************************************************************/
 369:Generated_Source\PSoC4/CAN_INT.c ****     void CAN_MsgTXIsr(void) 
 370:Generated_Source\PSoC4/CAN_INT.c ****     {
 371:Generated_Source\PSoC4/CAN_INT.c ****         /* Clear Transmit Message flag */
 372:Generated_Source\PSoC4/CAN_INT.c ****         CAN_INT_SR_REG = CAN_TX_MESSAGE_MASK;
 373:Generated_Source\PSoC4/CAN_INT.c **** 
 374:Generated_Source\PSoC4/CAN_INT.c ****         /* `#START MESSAGE_TRANSMITTED_ISR` */
 375:Generated_Source\PSoC4/CAN_INT.c **** 
 376:Generated_Source\PSoC4/CAN_INT.c ****         /* `#END` */
 377:Generated_Source\PSoC4/CAN_INT.c **** 
 378:Generated_Source\PSoC4/CAN_INT.c ****         #ifdef CAN_MSG_TX_ISR_CALLBACK
 379:Generated_Source\PSoC4/CAN_INT.c ****             CAN_MsgTXIsr_Callback();
 380:Generated_Source\PSoC4/CAN_INT.c ****         #endif /* CAN_MSG_TX_ISR_CALLBACK */
 381:Generated_Source\PSoC4/CAN_INT.c ****     }
 382:Generated_Source\PSoC4/CAN_INT.c **** #endif /* CAN_TX_MESSAGE */
 383:Generated_Source\PSoC4/CAN_INT.c **** 
 384:Generated_Source\PSoC4/CAN_INT.c **** 
 385:Generated_Source\PSoC4/CAN_INT.c **** #if (CAN_RX_MESSAGE)
 386:Generated_Source\PSoC4/CAN_INT.c ****     /*******************************************************************************
 387:Generated_Source\PSoC4/CAN_INT.c ****     * FUNCTION NAME:   CAN_MsgRXIsr
 388:Generated_Source\PSoC4/CAN_INT.c ****     ********************************************************************************
 389:Generated_Source\PSoC4/CAN_INT.c ****     *
 390:Generated_Source\PSoC4/CAN_INT.c ****     * Summary:
 391:Generated_Source\PSoC4/CAN_INT.c ****     *  This function is entry point to Receive Message Interrupt. Clears Receive
 392:Generated_Source\PSoC4/CAN_INT.c ****     *  Message interrupt flag and call appropriate handlers for Basic and Full
ARM GAS  C:\Users\Melody\AppData\Local\Temp\ccJlrtOe.s 			page 9


 393:Generated_Source\PSoC4/CAN_INT.c ****     *  interrupt based mailboxes. Only generated if Receive Message Interrupt
 394:Generated_Source\PSoC4/CAN_INT.c ****     *  enable in Customizer. Recommended setting to enable this interrupt.
 395:Generated_Source\PSoC4/CAN_INT.c ****     *
 396:Generated_Source\PSoC4/CAN_INT.c ****     * Parameters:
 397:Generated_Source\PSoC4/CAN_INT.c ****     *  None.
 398:Generated_Source\PSoC4/CAN_INT.c ****     *
 399:Generated_Source\PSoC4/CAN_INT.c ****     * Return:
 400:Generated_Source\PSoC4/CAN_INT.c ****     *  None.
 401:Generated_Source\PSoC4/CAN_INT.c ****     *
 402:Generated_Source\PSoC4/CAN_INT.c ****     *******************************************************************************/
 403:Generated_Source\PSoC4/CAN_INT.c ****     void CAN_MsgRXIsr(void) 
 404:Generated_Source\PSoC4/CAN_INT.c ****     {
  64              		.loc 1 404 0
  65              		.cfi_startproc
  66              		@ args = 0, pretend = 0, frame = 0
  67              		@ frame_needed = 0, uses_anonymous_args = 0
  68              	.LVL1:
 405:Generated_Source\PSoC4/CAN_INT.c ****         uint8 mailboxNumber;
 406:Generated_Source\PSoC4/CAN_INT.c ****         uint16 shift = 0x01u;
 407:Generated_Source\PSoC4/CAN_INT.c **** 
 408:Generated_Source\PSoC4/CAN_INT.c ****         /* Clear Receive Message flag */
 409:Generated_Source\PSoC4/CAN_INT.c ****         CAN_INT_SR_REG = CAN_RX_MESSAGE_MASK;
  69              		.loc 1 409 0
  70 0000 8022     		movs	r2, #128
 404:Generated_Source\PSoC4/CAN_INT.c ****         uint8 mailboxNumber;
  71              		.loc 1 404 0
  72 0002 70B5     		push	{r4, r5, r6, lr}
  73              		.cfi_def_cfa_offset 16
  74              		.cfi_offset 4, -16
  75              		.cfi_offset 5, -12
  76              		.cfi_offset 6, -8
  77              		.cfi_offset 14, -4
  78              		.loc 1 409 0
  79 0004 0025     		movs	r5, #0
 406:Generated_Source\PSoC4/CAN_INT.c **** 
  80              		.loc 1 406 0
  81 0006 0124     		movs	r4, #1
 410:Generated_Source\PSoC4/CAN_INT.c **** 
 411:Generated_Source\PSoC4/CAN_INT.c ****         /* `#START MESSAGE_RECEIVE_ISR` */
 412:Generated_Source\PSoC4/CAN_INT.c **** 
 413:Generated_Source\PSoC4/CAN_INT.c ****         /* `#END` */
 414:Generated_Source\PSoC4/CAN_INT.c **** 
 415:Generated_Source\PSoC4/CAN_INT.c ****         #ifdef CAN_MSG_RX_ISR_CALLBACK
 416:Generated_Source\PSoC4/CAN_INT.c ****             CAN_MsgRXIsr_Callback();
 417:Generated_Source\PSoC4/CAN_INT.c ****         #endif /* CAN_MSG_RX_ISR_CALLBACK */
 418:Generated_Source\PSoC4/CAN_INT.c **** 
 419:Generated_Source\PSoC4/CAN_INT.c ****         for (mailboxNumber = 0u; mailboxNumber < CAN_NUMBER_OF_RX_MAILBOXES; mailboxNumber++)
 420:Generated_Source\PSoC4/CAN_INT.c ****         {
 421:Generated_Source\PSoC4/CAN_INT.c **** 
 422:Generated_Source\PSoC4/CAN_INT.c ****             if ((CAN_BUF_SR_REG & shift) != 0u)
 423:Generated_Source\PSoC4/CAN_INT.c ****             {
 424:Generated_Source\PSoC4/CAN_INT.c ****                 if ((CAN_RX_CMD_REG(mailboxNumber) & CAN_RX_INT_ENABLE_MASK) != 0u)
  82              		.loc 1 424 0
  83 0008 2026     		movs	r6, #32
 409:Generated_Source\PSoC4/CAN_INT.c **** 
  84              		.loc 1 409 0
  85 000a 1E4B     		ldr	r3, .L26
ARM GAS  C:\Users\Melody\AppData\Local\Temp\ccJlrtOe.s 			page 10


  86 000c 5201     		lsls	r2, r2, #5
  87 000e 1A60     		str	r2, [r3]
  88              	.LVL2:
  89              	.L17:
 422:Generated_Source\PSoC4/CAN_INT.c ****             {
  90              		.loc 1 422 0
  91 0010 1D4B     		ldr	r3, .L26+4
  92 0012 E8B2     		uxtb	r0, r5
  93              	.LVL3:
  94 0014 1B68     		ldr	r3, [r3]
  95 0016 2342     		tst	r3, r4
  96 0018 2DD0     		beq	.L5
  97 001a 1C4B     		ldr	r3, .L26+8
  98 001c EB18     		adds	r3, r5, r3
  99 001e 5B01     		lsls	r3, r3, #5
 100              		.loc 1 424 0
 101 0020 1B68     		ldr	r3, [r3]
 102 0022 3342     		tst	r3, r6
 103 0024 27D0     		beq	.L5
 425:Generated_Source\PSoC4/CAN_INT.c ****                 {
 426:Generated_Source\PSoC4/CAN_INT.c ****                     if ((CAN_RX_MAILBOX_TYPE & shift) != 0u)
 104              		.loc 1 426 0
 105 0026 E305     		lsls	r3, r4, #23
 106 0028 23D0     		beq	.L6
 427:Generated_Source\PSoC4/CAN_INT.c ****                     {
 428:Generated_Source\PSoC4/CAN_INT.c ****                         /* RX Full mailboxes handler */
 429:Generated_Source\PSoC4/CAN_INT.c ****                         switch(mailboxNumber)
 107              		.loc 1 429 0
 108 002a 0828     		cmp	r0, #8
 109 002c 23D8     		bhi	.L5
 110 002e FFF7FEFF 		bl	__gnu_thumb1_case_uqi
 111              	.L8:
 112 0032 05       		.byte	(.L7-.L8)/2
 113 0033 08       		.byte	(.L9-.L8)/2
 114 0034 0B       		.byte	(.L10-.L8)/2
 115 0035 0E       		.byte	(.L11-.L8)/2
 116 0036 11       		.byte	(.L12-.L8)/2
 117 0037 14       		.byte	(.L13-.L8)/2
 118 0038 17       		.byte	(.L14-.L8)/2
 119 0039 1A       		.byte	(.L15-.L8)/2
 120 003a 1D       		.byte	(.L16-.L8)/2
 121 003b 00       		.p2align 1
 122              	.L7:
 430:Generated_Source\PSoC4/CAN_INT.c ****                         {
 431:Generated_Source\PSoC4/CAN_INT.c ****                             case 0u : CAN_ReceiveMsgVEHICLE_STATE();
 123              		.loc 1 431 0
 124 003c FFF7FEFF 		bl	CAN_ReceiveMsgVEHICLE_STATE
 125              	.LVL4:
 432:Generated_Source\PSoC4/CAN_INT.c ****                             break;
 126              		.loc 1 432 0
 127 0040 19E0     		b	.L5
 128              	.LVL5:
 129              	.L9:
 433:Generated_Source\PSoC4/CAN_INT.c ****                             case 1u : CAN_ReceiveMsgBSPD_FLAGS();
 130              		.loc 1 433 0
 131 0042 FFF7FEFF 		bl	CAN_ReceiveMsgBSPD_FLAGS
 132              	.LVL6:
ARM GAS  C:\Users\Melody\AppData\Local\Temp\ccJlrtOe.s 			page 11


 434:Generated_Source\PSoC4/CAN_INT.c ****                             break;
 133              		.loc 1 434 0
 134 0046 16E0     		b	.L5
 135              	.LVL7:
 136              	.L10:
 435:Generated_Source\PSoC4/CAN_INT.c ****                             case 2u : CAN_ReceiveMsgBMS_STATUS_MSG();
 137              		.loc 1 435 0
 138 0048 FFF7FEFF 		bl	CAN_ReceiveMsgBMS_STATUS_MSG
 139              	.LVL8:
 436:Generated_Source\PSoC4/CAN_INT.c ****                             break;
 140              		.loc 1 436 0
 141 004c 13E0     		b	.L5
 142              	.LVL9:
 143              	.L11:
 437:Generated_Source\PSoC4/CAN_INT.c ****                             case 3u : CAN_ReceiveMsgBMS_VOLTAGES();
 144              		.loc 1 437 0
 145 004e FFF7FEFF 		bl	CAN_ReceiveMsgBMS_VOLTAGES
 146              	.LVL10:
 438:Generated_Source\PSoC4/CAN_INT.c ****                             break;
 147              		.loc 1 438 0
 148 0052 10E0     		b	.L5
 149              	.LVL11:
 150              	.L12:
 439:Generated_Source\PSoC4/CAN_INT.c ****                             case 4u : CAN_ReceiveMsgBMS_TEMPERATURES();
 151              		.loc 1 439 0
 152 0054 FFF7FEFF 		bl	CAN_ReceiveMsgBMS_TEMPERATURES
 153              	.LVL12:
 440:Generated_Source\PSoC4/CAN_INT.c ****                             break;
 154              		.loc 1 440 0
 155 0058 0DE0     		b	.L5
 156              	.LVL13:
 157              	.L13:
 441:Generated_Source\PSoC4/CAN_INT.c ****                             case 5u : CAN_ReceiveMsgPEI_ESTOP();
 158              		.loc 1 441 0
 159 005a FFF7FEFF 		bl	CAN_ReceiveMsgPEI_ESTOP
 160              	.LVL14:
 442:Generated_Source\PSoC4/CAN_INT.c ****                             break;
 161              		.loc 1 442 0
 162 005e 0AE0     		b	.L5
 163              	.LVL15:
 164              	.L14:
 443:Generated_Source\PSoC4/CAN_INT.c ****                             case 6u : CAN_ReceiveMsgPEI_CURRENT_SHUTDOWN();
 165              		.loc 1 443 0
 166 0060 FFF7FEFF 		bl	CAN_ReceiveMsgPEI_CURRENT_SHUTDOWN
 167              	.LVL16:
 444:Generated_Source\PSoC4/CAN_INT.c ****                             break;
 168              		.loc 1 444 0
 169 0064 07E0     		b	.L5
 170              	.LVL17:
 171              	.L15:
 445:Generated_Source\PSoC4/CAN_INT.c ****                             case 7u : CAN_ReceiveMsgMC_VOLTAGE_INFO();
 172              		.loc 1 445 0
 173 0066 FFF7FEFF 		bl	CAN_ReceiveMsgMC_VOLTAGE_INFO
 174              	.LVL18:
 446:Generated_Source\PSoC4/CAN_INT.c ****                             break;
 175              		.loc 1 446 0
 176 006a 04E0     		b	.L5
ARM GAS  C:\Users\Melody\AppData\Local\Temp\ccJlrtOe.s 			page 12


 177              	.LVL19:
 178              	.L16:
 447:Generated_Source\PSoC4/CAN_INT.c ****                             case 8u : CAN_ReceiveMsgMC_INTERNAL_STATES();
 179              		.loc 1 447 0
 180 006c FFF7FEFF 		bl	CAN_ReceiveMsgMC_INTERNAL_STATES
 181              	.LVL20:
 448:Generated_Source\PSoC4/CAN_INT.c ****                             break;
 182              		.loc 1 448 0
 183 0070 01E0     		b	.L5
 184              	.LVL21:
 185              	.L6:
 449:Generated_Source\PSoC4/CAN_INT.c ****                             default:
 450:Generated_Source\PSoC4/CAN_INT.c ****                             break;
 451:Generated_Source\PSoC4/CAN_INT.c ****                         }
 452:Generated_Source\PSoC4/CAN_INT.c ****                     }
 453:Generated_Source\PSoC4/CAN_INT.c ****                     else
 454:Generated_Source\PSoC4/CAN_INT.c ****                     {
 455:Generated_Source\PSoC4/CAN_INT.c ****                         /* RX Basic mailbox handler */
 456:Generated_Source\PSoC4/CAN_INT.c ****                         CAN_ReceiveMsg(mailboxNumber);
 186              		.loc 1 456 0
 187 0072 FFF7FEFF 		bl	CAN_ReceiveMsg
 188              	.LVL22:
 189              	.L5:
 457:Generated_Source\PSoC4/CAN_INT.c ****                     }
 458:Generated_Source\PSoC4/CAN_INT.c ****                 }
 459:Generated_Source\PSoC4/CAN_INT.c ****             }
 460:Generated_Source\PSoC4/CAN_INT.c ****             shift <<= 1u;
 190              		.loc 1 460 0 discriminator 2
 191 0076 6400     		lsls	r4, r4, #1
 192              	.LVL23:
 193 0078 0135     		adds	r5, r5, #1
 194              	.LVL24:
 195 007a A4B2     		uxth	r4, r4
 196              	.LVL25:
 419:Generated_Source\PSoC4/CAN_INT.c ****         {
 197              		.loc 1 419 0 discriminator 2
 198 007c 102D     		cmp	r5, #16
 199 007e C7D1     		bne	.L17
 461:Generated_Source\PSoC4/CAN_INT.c ****         }
 462:Generated_Source\PSoC4/CAN_INT.c ****     }
 200              		.loc 1 462 0
 201              		@ sp needed
 202              	.LVL26:
 203 0080 70BD     		pop	{r4, r5, r6, pc}
 204              	.L27:
 205 0082 C046     		.align	2
 206              	.L26:
 207 0084 00002F40 		.word	1076822016
 208 0088 08002F40 		.word	1076822024
 209 008c 05780102 		.word	33650693
 210              		.cfi_endproc
 211              	.LFE2:
 212              		.size	CAN_MsgRXIsr, .-CAN_MsgRXIsr
 213              		.section	.text.CAN_ISR,"ax",%progbits
 214              		.align	1
 215              		.global	CAN_ISR
 216              		.code	16
ARM GAS  C:\Users\Melody\AppData\Local\Temp\ccJlrtOe.s 			page 13


 217              		.thumb_func
 218              		.type	CAN_ISR, %function
 219              	CAN_ISR:
 220              	.LFB3:
 463:Generated_Source\PSoC4/CAN_INT.c **** #endif /* CAN_RX_MESSAGE */
 464:Generated_Source\PSoC4/CAN_INT.c **** 
 465:Generated_Source\PSoC4/CAN_INT.c **** 
 466:Generated_Source\PSoC4/CAN_INT.c **** #if (CAN_RTR_AUTO_MSG_SENT)
 467:Generated_Source\PSoC4/CAN_INT.c ****     /*******************************************************************************
 468:Generated_Source\PSoC4/CAN_INT.c ****     * FUNCTION NAME:   CAN_RtrAutoMsgSentIsr
 469:Generated_Source\PSoC4/CAN_INT.c ****     ********************************************************************************
 470:Generated_Source\PSoC4/CAN_INT.c ****     *
 471:Generated_Source\PSoC4/CAN_INT.c ****     * Summary:
 472:Generated_Source\PSoC4/CAN_INT.c ****     *  This function is entry point to the RTR automatic message sent Interrupt.
 473:Generated_Source\PSoC4/CAN_INT.c ****     *  It is only generated if RTR message sent Interrupt is enabled in Customizer.
 474:Generated_Source\PSoC4/CAN_INT.c ****     *
 475:Generated_Source\PSoC4/CAN_INT.c ****     * Parameters:
 476:Generated_Source\PSoC4/CAN_INT.c ****     *  None.
 477:Generated_Source\PSoC4/CAN_INT.c ****     *
 478:Generated_Source\PSoC4/CAN_INT.c ****     * Return:
 479:Generated_Source\PSoC4/CAN_INT.c ****     *  None.
 480:Generated_Source\PSoC4/CAN_INT.c ****     *
 481:Generated_Source\PSoC4/CAN_INT.c ****     *******************************************************************************/
 482:Generated_Source\PSoC4/CAN_INT.c ****     void CAN_RtrAutoMsgSentIsr(void)
 483:Generated_Source\PSoC4/CAN_INT.c ****     {
 484:Generated_Source\PSoC4/CAN_INT.c ****         /* Clear RTR auto-reply message sent flag */
 485:Generated_Source\PSoC4/CAN_INT.c ****         CAN_INT_SR_REG = CAN_RTR_MSG_MASK;
 486:Generated_Source\PSoC4/CAN_INT.c **** 
 487:Generated_Source\PSoC4/CAN_INT.c ****         /* `#START RTR_AUTO_MSG_SENT_ISR` */
 488:Generated_Source\PSoC4/CAN_INT.c **** 
 489:Generated_Source\PSoC4/CAN_INT.c ****         /* `#END` */
 490:Generated_Source\PSoC4/CAN_INT.c **** 
 491:Generated_Source\PSoC4/CAN_INT.c ****         #ifdef CAN_RTR_AUTO_MSG_SENT_ISR_CALLBACK
 492:Generated_Source\PSoC4/CAN_INT.c ****             CAN_RtrAutoMsgSentIsr_Callback();
 493:Generated_Source\PSoC4/CAN_INT.c ****         #endif /* CAN_RTR_AUTO_MSG_SENT_ISR_CALLBACK */
 494:Generated_Source\PSoC4/CAN_INT.c ****     }
 495:Generated_Source\PSoC4/CAN_INT.c **** #endif /* CAN_RTR_AUTO_MSG_SENT */
 496:Generated_Source\PSoC4/CAN_INT.c **** 
 497:Generated_Source\PSoC4/CAN_INT.c **** 
 498:Generated_Source\PSoC4/CAN_INT.c **** #if (CAN_STUCK_AT_ZERO)
 499:Generated_Source\PSoC4/CAN_INT.c ****     /*******************************************************************************
 500:Generated_Source\PSoC4/CAN_INT.c ****     * FUNCTION NAME:   CAN_StuckAtZeroIsr
 501:Generated_Source\PSoC4/CAN_INT.c ****     ********************************************************************************
 502:Generated_Source\PSoC4/CAN_INT.c ****     *
 503:Generated_Source\PSoC4/CAN_INT.c ****     * Summary:
 504:Generated_Source\PSoC4/CAN_INT.c ****     *  This function is the entry point to the stuck at dominant bit Interrupt.
 505:Generated_Source\PSoC4/CAN_INT.c ****     *  It is only generated if stuck at zero Interrupt is enabled in Customizer.
 506:Generated_Source\PSoC4/CAN_INT.c ****     *  Enabling this interrupt is recommended.
 507:Generated_Source\PSoC4/CAN_INT.c ****     *
 508:Generated_Source\PSoC4/CAN_INT.c ****     * Parameters:
 509:Generated_Source\PSoC4/CAN_INT.c ****     *  None.
 510:Generated_Source\PSoC4/CAN_INT.c ****     *
 511:Generated_Source\PSoC4/CAN_INT.c ****     * Return:
 512:Generated_Source\PSoC4/CAN_INT.c ****     *  None.
 513:Generated_Source\PSoC4/CAN_INT.c ****     *
 514:Generated_Source\PSoC4/CAN_INT.c ****     * Side Effects:
 515:Generated_Source\PSoC4/CAN_INT.c ****     *  Stops CAN component operation.
ARM GAS  C:\Users\Melody\AppData\Local\Temp\ccJlrtOe.s 			page 14


 516:Generated_Source\PSoC4/CAN_INT.c ****     *
 517:Generated_Source\PSoC4/CAN_INT.c ****     *******************************************************************************/
 518:Generated_Source\PSoC4/CAN_INT.c ****     void CAN_StuckAtZeroIsr(void)
 519:Generated_Source\PSoC4/CAN_INT.c ****     {
 520:Generated_Source\PSoC4/CAN_INT.c ****         /* Clear Stuck at dominant error flag */
 521:Generated_Source\PSoC4/CAN_INT.c ****         CAN_INT_SR_REG = CAN_STUCK_AT_ZERO_MASK;
 522:Generated_Source\PSoC4/CAN_INT.c **** 
 523:Generated_Source\PSoC4/CAN_INT.c ****         /* `#START STUCK_AT_ZERO_ISR` */
 524:Generated_Source\PSoC4/CAN_INT.c **** 
 525:Generated_Source\PSoC4/CAN_INT.c ****         /* `#END` */
 526:Generated_Source\PSoC4/CAN_INT.c **** 
 527:Generated_Source\PSoC4/CAN_INT.c ****         #ifdef CAN_STUCK_AT_ZERO_ISR_CALLBACK
 528:Generated_Source\PSoC4/CAN_INT.c ****             CAN_StuckAtZeroIsr_Callback();
 529:Generated_Source\PSoC4/CAN_INT.c ****         #endif /* CAN_STUCK_AT_ZERO_ISR_CALLBACK */
 530:Generated_Source\PSoC4/CAN_INT.c **** 
 531:Generated_Source\PSoC4/CAN_INT.c ****         (void) CAN_Stop();
 532:Generated_Source\PSoC4/CAN_INT.c ****     }
 533:Generated_Source\PSoC4/CAN_INT.c **** #endif /* CAN_STUCK_AT_ZERO */
 534:Generated_Source\PSoC4/CAN_INT.c **** 
 535:Generated_Source\PSoC4/CAN_INT.c **** 
 536:Generated_Source\PSoC4/CAN_INT.c **** #if (CAN_SST_FAILURE)
 537:Generated_Source\PSoC4/CAN_INT.c ****     /*******************************************************************************
 538:Generated_Source\PSoC4/CAN_INT.c ****     * FUNCTION NAME:   CAN_SSTErrorIsr
 539:Generated_Source\PSoC4/CAN_INT.c ****     ********************************************************************************
 540:Generated_Source\PSoC4/CAN_INT.c ****     *
 541:Generated_Source\PSoC4/CAN_INT.c ****     * Summary:
 542:Generated_Source\PSoC4/CAN_INT.c ****     *  This function is the entry point to the single shot transmission error
 543:Generated_Source\PSoC4/CAN_INT.c ****     *  Interrupt. It is only generated if the single shot transmission Interrupt
 544:Generated_Source\PSoC4/CAN_INT.c ****     *  is enabled in Customizer. Generated when the mailbox set for single shot
 545:Generated_Source\PSoC4/CAN_INT.c ****     *  transmission experienced an arbitration loss or a bus error during
 546:Generated_Source\PSoC4/CAN_INT.c ****     *  transmission.
 547:Generated_Source\PSoC4/CAN_INT.c ****     *
 548:Generated_Source\PSoC4/CAN_INT.c ****     * Parameters:
 549:Generated_Source\PSoC4/CAN_INT.c ****     *  None.
 550:Generated_Source\PSoC4/CAN_INT.c ****     *
 551:Generated_Source\PSoC4/CAN_INT.c ****     * Return:
 552:Generated_Source\PSoC4/CAN_INT.c ****     *  None.
 553:Generated_Source\PSoC4/CAN_INT.c ****     *
 554:Generated_Source\PSoC4/CAN_INT.c ****     * Side Effects:
 555:Generated_Source\PSoC4/CAN_INT.c ****     *  Removes message that failed SST transmission from the Tx mailbox.
 556:Generated_Source\PSoC4/CAN_INT.c ****     *
 557:Generated_Source\PSoC4/CAN_INT.c ****     *******************************************************************************/
 558:Generated_Source\PSoC4/CAN_INT.c ****     void CAN_SSTErrorIsr(void)
 559:Generated_Source\PSoC4/CAN_INT.c ****     {
 560:Generated_Source\PSoC4/CAN_INT.c ****         uint8 i;
 561:Generated_Source\PSoC4/CAN_INT.c **** 
 562:Generated_Source\PSoC4/CAN_INT.c ****         /* Clear Single shot transmission failure flag */
 563:Generated_Source\PSoC4/CAN_INT.c ****         CAN_INT_SR_REG = CAN_SST_FAILURE_MASK;
 564:Generated_Source\PSoC4/CAN_INT.c **** 
 565:Generated_Source\PSoC4/CAN_INT.c ****         /* `#START SST_FAILURE_ISR_PRE` */
 566:Generated_Source\PSoC4/CAN_INT.c **** 
 567:Generated_Source\PSoC4/CAN_INT.c ****         /* `#END` */
 568:Generated_Source\PSoC4/CAN_INT.c **** 
 569:Generated_Source\PSoC4/CAN_INT.c ****         #ifdef CAN_SST_ERROR_ISR_PRE_CALLBACK
 570:Generated_Source\PSoC4/CAN_INT.c ****             CAN_SSTErrorIsr_Pre_Callback();
 571:Generated_Source\PSoC4/CAN_INT.c ****         #endif /* CAN_SST_ERROR_ISR_PRE_CALLBACK */
 572:Generated_Source\PSoC4/CAN_INT.c **** 
ARM GAS  C:\Users\Melody\AppData\Local\Temp\ccJlrtOe.s 			page 15


 573:Generated_Source\PSoC4/CAN_INT.c ****         /* Removes message that failed SST transmission from the Tx mailbox */
 574:Generated_Source\PSoC4/CAN_INT.c ****         for (i = 0u; i < CAN_NUMBER_OF_TX_MAILBOXES; i++)
 575:Generated_Source\PSoC4/CAN_INT.c ****         {
 576:Generated_Source\PSoC4/CAN_INT.c ****             if ((CAN_TX_CMD_REG(i) & CAN_TX_ABORT_MASK) != 0u)
 577:Generated_Source\PSoC4/CAN_INT.c ****             {
 578:Generated_Source\PSoC4/CAN_INT.c ****                 CAN_TX_CMD_REG(i) = (CAN_TX_CMD_REG(i) & (uint32) (~(uint32) CAN_TX_TRANSMIT_REQUES
 579:Generated_Source\PSoC4/CAN_INT.c ****                                     CAN_TX_ABORT_MASK;
 580:Generated_Source\PSoC4/CAN_INT.c ****             }
 581:Generated_Source\PSoC4/CAN_INT.c ****         }
 582:Generated_Source\PSoC4/CAN_INT.c **** 
 583:Generated_Source\PSoC4/CAN_INT.c ****         /* `#START SST_FAILURE_ISR_POST` */
 584:Generated_Source\PSoC4/CAN_INT.c **** 
 585:Generated_Source\PSoC4/CAN_INT.c ****         /* `#END` */
 586:Generated_Source\PSoC4/CAN_INT.c **** 
 587:Generated_Source\PSoC4/CAN_INT.c ****         #ifdef CAN_SST_ERROR_ISR_POST_CALLBACK
 588:Generated_Source\PSoC4/CAN_INT.c ****             CAN_SSTErrorIsr_Post_Callback();
 589:Generated_Source\PSoC4/CAN_INT.c ****         #endif /* CAN_SST_ERROR_ISR_POST_CALLBACK */
 590:Generated_Source\PSoC4/CAN_INT.c ****     }
 591:Generated_Source\PSoC4/CAN_INT.c **** #endif /* CAN_SST_FAILURE */
 592:Generated_Source\PSoC4/CAN_INT.c **** 
 593:Generated_Source\PSoC4/CAN_INT.c **** 
 594:Generated_Source\PSoC4/CAN_INT.c **** /*******************************************************************************
 595:Generated_Source\PSoC4/CAN_INT.c **** * Function Name: CAN_ISR
 596:Generated_Source\PSoC4/CAN_INT.c **** ********************************************************************************
 597:Generated_Source\PSoC4/CAN_INT.c **** *
 598:Generated_Source\PSoC4/CAN_INT.c **** * Summary:
 599:Generated_Source\PSoC4/CAN_INT.c **** *  This ISR is executed when CAN Core generates and interrupt on one of events:
 600:Generated_Source\PSoC4/CAN_INT.c **** *  Arb_lost, Overload, Bit_err, Stuff_err, Ack_err, Form_err, Crc_err,
 601:Generated_Source\PSoC4/CAN_INT.c **** *  Buss_off, Rx_msg_lost, Tx_msg or Rx_msg. The interrupt sources depends
 602:Generated_Source\PSoC4/CAN_INT.c **** *  on the Customizer inputs.
 603:Generated_Source\PSoC4/CAN_INT.c **** *
 604:Generated_Source\PSoC4/CAN_INT.c **** * Parameters:
 605:Generated_Source\PSoC4/CAN_INT.c **** *  None.
 606:Generated_Source\PSoC4/CAN_INT.c **** *
 607:Generated_Source\PSoC4/CAN_INT.c **** * Return:
 608:Generated_Source\PSoC4/CAN_INT.c **** *  None.
 609:Generated_Source\PSoC4/CAN_INT.c **** *
 610:Generated_Source\PSoC4/CAN_INT.c **** *******************************************************************************/
 611:Generated_Source\PSoC4/CAN_INT.c **** CY_ISR(CAN_ISR)
 612:Generated_Source\PSoC4/CAN_INT.c **** {
 221              		.loc 1 612 0
 222              		.cfi_startproc
 223              		@ args = 0, pretend = 0, frame = 0
 224              		@ frame_needed = 0, uses_anonymous_args = 0
 613:Generated_Source\PSoC4/CAN_INT.c ****     #ifdef CAN_ISR_INTERRUPT_CALLBACK
 614:Generated_Source\PSoC4/CAN_INT.c ****         CAN_ISR_InterruptCallback();
 615:Generated_Source\PSoC4/CAN_INT.c ****     #endif /* CAN_ISR_INTERRUPT_CALLBACK */
 616:Generated_Source\PSoC4/CAN_INT.c ****     
 617:Generated_Source\PSoC4/CAN_INT.c ****     /* Place your Interrupt code here. */
 618:Generated_Source\PSoC4/CAN_INT.c ****     /* `#START CAN_ISR` */
 619:Generated_Source\PSoC4/CAN_INT.c **** 
 620:Generated_Source\PSoC4/CAN_INT.c ****     /* `#END` */
 621:Generated_Source\PSoC4/CAN_INT.c ****     
 622:Generated_Source\PSoC4/CAN_INT.c ****     /* Arbitration */
 623:Generated_Source\PSoC4/CAN_INT.c ****     #if (CAN_ARB_LOST && (CAN_ARB_LOST_USE_HELPER || \
 624:Generated_Source\PSoC4/CAN_INT.c ****         (!CAN_ADVANCED_INTERRUPT_CFG)))
 625:Generated_Source\PSoC4/CAN_INT.c ****         if ((CAN_INT_SR_REG & CAN_ARBITRATION_LOST_MASK) != 0u)
ARM GAS  C:\Users\Melody\AppData\Local\Temp\ccJlrtOe.s 			page 16


 626:Generated_Source\PSoC4/CAN_INT.c ****         {
 627:Generated_Source\PSoC4/CAN_INT.c ****             CAN_ArbLostIsr();
 628:Generated_Source\PSoC4/CAN_INT.c ****         }
 629:Generated_Source\PSoC4/CAN_INT.c ****     #endif /* CAN_ARB_LOST && CAN_ARB_LOST_USE_HELPER */
 630:Generated_Source\PSoC4/CAN_INT.c **** 
 631:Generated_Source\PSoC4/CAN_INT.c ****     /* Overload Error */
 632:Generated_Source\PSoC4/CAN_INT.c ****     #if (CAN_OVERLOAD && (CAN_OVERLOAD_USE_HELPER || \
 633:Generated_Source\PSoC4/CAN_INT.c ****         (!CAN_ADVANCED_INTERRUPT_CFG)))
 634:Generated_Source\PSoC4/CAN_INT.c ****         if ((CAN_INT_SR_REG & CAN_OVERLOAD_ERROR_MASK) != 0u)
 635:Generated_Source\PSoC4/CAN_INT.c ****         {
 636:Generated_Source\PSoC4/CAN_INT.c ****             CAN_OvrLdErrorIsr();
 637:Generated_Source\PSoC4/CAN_INT.c ****         }
 638:Generated_Source\PSoC4/CAN_INT.c ****     #endif /* CAN_OVERLOAD && CAN_OVERLOAD_USE_HELPER */
 639:Generated_Source\PSoC4/CAN_INT.c **** 
 640:Generated_Source\PSoC4/CAN_INT.c ****     /* Bit Error */
 641:Generated_Source\PSoC4/CAN_INT.c ****     #if (CAN_BIT_ERR && (CAN_BIT_ERR_USE_HELPER || \
 642:Generated_Source\PSoC4/CAN_INT.c ****         (!CAN_ADVANCED_INTERRUPT_CFG)))
 643:Generated_Source\PSoC4/CAN_INT.c ****         if ((CAN_INT_SR_REG & CAN_BIT_ERROR_MASK) != 0u)
 644:Generated_Source\PSoC4/CAN_INT.c ****         {
 645:Generated_Source\PSoC4/CAN_INT.c ****             CAN_BitErrorIsr();
 646:Generated_Source\PSoC4/CAN_INT.c ****         }
 647:Generated_Source\PSoC4/CAN_INT.c ****     #endif /* CAN_BIT_ERR && CAN_BIT_ERR_USE_HELPER */
 648:Generated_Source\PSoC4/CAN_INT.c **** 
 649:Generated_Source\PSoC4/CAN_INT.c ****     /* Bit Staff Error */
 650:Generated_Source\PSoC4/CAN_INT.c ****     #if (CAN_STUFF_ERR && (CAN_STUFF_ERR_USE_HELPER || \
 651:Generated_Source\PSoC4/CAN_INT.c ****         (!CAN_ADVANCED_INTERRUPT_CFG)))
 652:Generated_Source\PSoC4/CAN_INT.c ****         if ((CAN_INT_SR_REG & CAN_STUFF_ERROR_MASK) != 0u)
 653:Generated_Source\PSoC4/CAN_INT.c ****         {
 654:Generated_Source\PSoC4/CAN_INT.c ****             CAN_BitStuffErrorIsr();
 655:Generated_Source\PSoC4/CAN_INT.c ****         }
 656:Generated_Source\PSoC4/CAN_INT.c ****     #endif /* CAN_STUFF_ERR && CAN_STUFF_ERR_USE_HELPER */
 657:Generated_Source\PSoC4/CAN_INT.c **** 
 658:Generated_Source\PSoC4/CAN_INT.c ****     /* ACK Error */
 659:Generated_Source\PSoC4/CAN_INT.c ****     #if (CAN_ACK_ERR && (CAN_ACK_ERR_USE_HELPER || \
 660:Generated_Source\PSoC4/CAN_INT.c ****         (!CAN_ADVANCED_INTERRUPT_CFG)))
 661:Generated_Source\PSoC4/CAN_INT.c ****         if ((CAN_INT_SR_REG & CAN_ACK_ERROR_MASK) != 0u)
 662:Generated_Source\PSoC4/CAN_INT.c ****         {
 663:Generated_Source\PSoC4/CAN_INT.c ****             CAN_AckErrorIsr();
 664:Generated_Source\PSoC4/CAN_INT.c ****         }
 665:Generated_Source\PSoC4/CAN_INT.c ****     #endif /* CAN_ACK_ERR && CAN_ACK_ERR_USE_HELPER */
 666:Generated_Source\PSoC4/CAN_INT.c **** 
 667:Generated_Source\PSoC4/CAN_INT.c ****     /* Form(msg) Error */
 668:Generated_Source\PSoC4/CAN_INT.c ****     #if (CAN_FORM_ERR && (CAN_FORM_ERR_USE_HELPER || \
 669:Generated_Source\PSoC4/CAN_INT.c ****         (!CAN_ADVANCED_INTERRUPT_CFG)))
 670:Generated_Source\PSoC4/CAN_INT.c ****         if ((CAN_INT_SR_REG & CAN_FORM_ERROR_MASK) != 0u)
 671:Generated_Source\PSoC4/CAN_INT.c ****         {
 672:Generated_Source\PSoC4/CAN_INT.c ****             CAN_MsgErrorIsr();
 673:Generated_Source\PSoC4/CAN_INT.c ****         }
 674:Generated_Source\PSoC4/CAN_INT.c ****     #endif /* CAN_FORM_ERR && CAN_FORM_ERR_USE_HELPER */
 675:Generated_Source\PSoC4/CAN_INT.c **** 
 676:Generated_Source\PSoC4/CAN_INT.c ****     /* CRC Error */
 677:Generated_Source\PSoC4/CAN_INT.c ****     #if (CAN_CRC_ERR && (CAN_CRC_ERR_USE_HELPER || \
 678:Generated_Source\PSoC4/CAN_INT.c ****         (!CAN_ADVANCED_INTERRUPT_CFG)))
 679:Generated_Source\PSoC4/CAN_INT.c ****         if ((CAN_INT_SR_REG & CAN_CRC_ERROR_MASK) != 0u)
 680:Generated_Source\PSoC4/CAN_INT.c ****         {
 681:Generated_Source\PSoC4/CAN_INT.c ****             CAN_CrcErrorIsr();
 682:Generated_Source\PSoC4/CAN_INT.c ****         }
ARM GAS  C:\Users\Melody\AppData\Local\Temp\ccJlrtOe.s 			page 17


 683:Generated_Source\PSoC4/CAN_INT.c ****     #endif /* CAN_CRC_ERR && CAN_CRC_ERR_USE_HELPER */
 684:Generated_Source\PSoC4/CAN_INT.c **** 
 685:Generated_Source\PSoC4/CAN_INT.c ****     /* Bus Off state */
 686:Generated_Source\PSoC4/CAN_INT.c ****     #if (CAN_BUS_OFF && (CAN_BUS_OFF_USE_HELPER || \
 687:Generated_Source\PSoC4/CAN_INT.c ****         (!CAN_ADVANCED_INTERRUPT_CFG)))
 688:Generated_Source\PSoC4/CAN_INT.c ****         if ((CAN_INT_SR_REG & CAN_BUS_OFF_MASK) != 0u)
 225              		.loc 1 688 0
 226 0000 064B     		ldr	r3, .L37
 612:Generated_Source\PSoC4/CAN_INT.c ****     #ifdef CAN_ISR_INTERRUPT_CALLBACK
 227              		.loc 1 612 0
 228 0002 10B5     		push	{r4, lr}
 229              		.cfi_def_cfa_offset 8
 230              		.cfi_offset 4, -8
 231              		.cfi_offset 14, -4
 232              		.loc 1 688 0
 233 0004 1A68     		ldr	r2, [r3]
 234 0006 1C00     		movs	r4, r3
 235 0008 9305     		lsls	r3, r2, #22
 236 000a 01D5     		bpl	.L29
 689:Generated_Source\PSoC4/CAN_INT.c ****         {
 690:Generated_Source\PSoC4/CAN_INT.c ****             CAN_BusOffIsr();
 237              		.loc 1 690 0
 238 000c FFF7FEFF 		bl	CAN_BusOffIsr
 239              	.LVL27:
 240              	.L29:
 691:Generated_Source\PSoC4/CAN_INT.c ****         }
 692:Generated_Source\PSoC4/CAN_INT.c ****     #endif /* CAN_BUS_OFF && CAN_BUS_OFF_USE_HELPER */
 693:Generated_Source\PSoC4/CAN_INT.c **** 
 694:Generated_Source\PSoC4/CAN_INT.c ****     /* Message Lost */
 695:Generated_Source\PSoC4/CAN_INT.c ****     #if (CAN_RX_MSG_LOST && (CAN_RX_MSG_LOST_USE_HELPER || \
 696:Generated_Source\PSoC4/CAN_INT.c ****         (!CAN_ADVANCED_INTERRUPT_CFG)))
 697:Generated_Source\PSoC4/CAN_INT.c ****         if ((CAN_INT_SR_REG & CAN_RX_MSG_LOST_MASK) != 0u)
 698:Generated_Source\PSoC4/CAN_INT.c ****         {
 699:Generated_Source\PSoC4/CAN_INT.c ****             CAN_MsgLostIsr();
 700:Generated_Source\PSoC4/CAN_INT.c ****         }
 701:Generated_Source\PSoC4/CAN_INT.c ****     #endif /* CAN_RX_MSG_LOST && CAN_RX_MSG_LOST_USE_HELPER */
 702:Generated_Source\PSoC4/CAN_INT.c **** 
 703:Generated_Source\PSoC4/CAN_INT.c ****     /* TX Message Send */
 704:Generated_Source\PSoC4/CAN_INT.c ****     #if (CAN_TX_MESSAGE && (CAN_TX_MESSAGE_USE_HELPER || \
 705:Generated_Source\PSoC4/CAN_INT.c ****         (!CAN_ADVANCED_INTERRUPT_CFG)))
 706:Generated_Source\PSoC4/CAN_INT.c ****         if ((CAN_INT_SR_REG & CAN_TX_MESSAGE_MASK) != 0u)
 707:Generated_Source\PSoC4/CAN_INT.c ****         {
 708:Generated_Source\PSoC4/CAN_INT.c ****             CAN_MsgTXIsr();
 709:Generated_Source\PSoC4/CAN_INT.c ****         }
 710:Generated_Source\PSoC4/CAN_INT.c ****     #endif /* CAN_TX_MESSAGE && CAN_TX_MESSAGE_USE_HELPER */
 711:Generated_Source\PSoC4/CAN_INT.c **** 
 712:Generated_Source\PSoC4/CAN_INT.c ****     /* RX Message Available */
 713:Generated_Source\PSoC4/CAN_INT.c ****     #if (CAN_RX_MESSAGE && (CAN_RX_MESSAGE_USE_HELPER || \
 714:Generated_Source\PSoC4/CAN_INT.c ****         (!CAN_ADVANCED_INTERRUPT_CFG)))
 715:Generated_Source\PSoC4/CAN_INT.c ****         if ((CAN_INT_SR_REG & CAN_RX_MESSAGE_MASK) != 0u)
 241              		.loc 1 715 0
 242 0010 2368     		ldr	r3, [r4]
 243 0012 DB04     		lsls	r3, r3, #19
 244 0014 01D5     		bpl	.L28
 716:Generated_Source\PSoC4/CAN_INT.c ****         {
 717:Generated_Source\PSoC4/CAN_INT.c ****             CAN_MsgRXIsr();
 245              		.loc 1 717 0
ARM GAS  C:\Users\Melody\AppData\Local\Temp\ccJlrtOe.s 			page 18


 246 0016 FFF7FEFF 		bl	CAN_MsgRXIsr
 247              	.LVL28:
 248              	.L28:
 718:Generated_Source\PSoC4/CAN_INT.c ****         }
 719:Generated_Source\PSoC4/CAN_INT.c ****     #endif /* CAN_RX_MESSAGE && CAN_RX_MESSAGE_USE_HELPER */
 720:Generated_Source\PSoC4/CAN_INT.c **** 
 721:Generated_Source\PSoC4/CAN_INT.c ****     /* RTR Auto-reply Message Sent */
 722:Generated_Source\PSoC4/CAN_INT.c ****     #if (CAN_RTR_AUTO_MSG_SENT && (CAN_RTR_MESSAGE_USE_HELPER || \
 723:Generated_Source\PSoC4/CAN_INT.c ****         (!CAN_ADVANCED_INTERRUPT_CFG)))
 724:Generated_Source\PSoC4/CAN_INT.c ****         if ((CAN_INT_SR_REG & CAN_RTR_MSG_MASK) != 0u)
 725:Generated_Source\PSoC4/CAN_INT.c ****         {
 726:Generated_Source\PSoC4/CAN_INT.c ****             CAN_RtrAutoMsgSentIsr();
 727:Generated_Source\PSoC4/CAN_INT.c ****         }
 728:Generated_Source\PSoC4/CAN_INT.c ****     #endif /* CAN_RTR_AUTO_MSG_SENT && CAN_RTR_MESSAGE_USE_HELPER */
 729:Generated_Source\PSoC4/CAN_INT.c **** 
 730:Generated_Source\PSoC4/CAN_INT.c ****     /* Stuck at dominant error */
 731:Generated_Source\PSoC4/CAN_INT.c ****     #if (CAN_STUCK_AT_ZERO && (CAN_STUCK_AT_ZERO_USE_HELPER || \
 732:Generated_Source\PSoC4/CAN_INT.c ****         (!CAN_ADVANCED_INTERRUPT_CFG)))
 733:Generated_Source\PSoC4/CAN_INT.c ****         if ((CAN_INT_SR_REG & CAN_STUCK_AT_ZERO_MASK) != 0u)
 734:Generated_Source\PSoC4/CAN_INT.c ****         {
 735:Generated_Source\PSoC4/CAN_INT.c ****             CAN_StuckAtZeroIsr();
 736:Generated_Source\PSoC4/CAN_INT.c ****         }
 737:Generated_Source\PSoC4/CAN_INT.c ****     #endif /* CAN_STUCK_AT_ZERO && CAN_STUCK_AT_ZERO_USE_HELPER */
 738:Generated_Source\PSoC4/CAN_INT.c **** 
 739:Generated_Source\PSoC4/CAN_INT.c ****     /* Single shot transmission failure */
 740:Generated_Source\PSoC4/CAN_INT.c ****     #if (CAN_SST_FAILURE && (CAN_SST_FAILURE_USE_HELPER || \
 741:Generated_Source\PSoC4/CAN_INT.c ****         (!CAN_ADVANCED_INTERRUPT_CFG)))
 742:Generated_Source\PSoC4/CAN_INT.c ****         if ((CAN_INT_SR_REG & CAN_SST_FAILURE_MASK) != 0u)
 743:Generated_Source\PSoC4/CAN_INT.c ****         {
 744:Generated_Source\PSoC4/CAN_INT.c ****             CAN_SSTErrorIsr();
 745:Generated_Source\PSoC4/CAN_INT.c ****         }
 746:Generated_Source\PSoC4/CAN_INT.c ****     #endif /* CAN_SST_FAILURE && CAN_SST_FAILURE_USE_HELPER */
 747:Generated_Source\PSoC4/CAN_INT.c **** }
 249              		.loc 1 747 0
 250              		@ sp needed
 251 001a 10BD     		pop	{r4, pc}
 252              	.L38:
 253              		.align	2
 254              	.L37:
 255 001c 00002F40 		.word	1076822016
 256              		.cfi_endproc
 257              	.LFE3:
 258              		.size	CAN_ISR, .-CAN_ISR
 259              		.text
 260              	.Letext0:
 261              		.file 2 "Generated_Source\\PSoC4\\cytypes.h"
 262              		.file 3 "Generated_Source\\PSoC4\\CAN.h"
 263              		.section	.debug_info,"",%progbits
 264              	.Ldebug_info0:
 265 0000 00030000 		.4byte	0x300
 266 0004 0400     		.2byte	0x4
 267 0006 00000000 		.4byte	.Ldebug_abbrev0
 268 000a 04       		.byte	0x4
 269 000b 01       		.uleb128 0x1
 270 000c DA020000 		.4byte	.LASF46
 271 0010 0C       		.byte	0xc
 272 0011 9F000000 		.4byte	.LASF47
ARM GAS  C:\Users\Melody\AppData\Local\Temp\ccJlrtOe.s 			page 19


 273 0015 1B000000 		.4byte	.LASF48
 274 0019 00000000 		.4byte	.Ldebug_ranges0+0
 275 001d 00000000 		.4byte	0
 276 0021 00000000 		.4byte	.Ldebug_line0
 277 0025 02       		.uleb128 0x2
 278 0026 01       		.byte	0x1
 279 0027 06       		.byte	0x6
 280 0028 AD020000 		.4byte	.LASF0
 281 002c 02       		.uleb128 0x2
 282 002d 01       		.byte	0x1
 283 002e 08       		.byte	0x8
 284 002f 28010000 		.4byte	.LASF1
 285 0033 02       		.uleb128 0x2
 286 0034 02       		.byte	0x2
 287 0035 05       		.byte	0x5
 288 0036 66020000 		.4byte	.LASF2
 289 003a 02       		.uleb128 0x2
 290 003b 02       		.byte	0x2
 291 003c 07       		.byte	0x7
 292 003d DF000000 		.4byte	.LASF3
 293 0041 02       		.uleb128 0x2
 294 0042 04       		.byte	0x4
 295 0043 05       		.byte	0x5
 296 0044 92020000 		.4byte	.LASF4
 297 0048 02       		.uleb128 0x2
 298 0049 04       		.byte	0x4
 299 004a 07       		.byte	0x7
 300 004b 40010000 		.4byte	.LASF5
 301 004f 02       		.uleb128 0x2
 302 0050 08       		.byte	0x8
 303 0051 05       		.byte	0x5
 304 0052 4A020000 		.4byte	.LASF6
 305 0056 02       		.uleb128 0x2
 306 0057 08       		.byte	0x8
 307 0058 07       		.byte	0x7
 308 0059 B3010000 		.4byte	.LASF7
 309 005d 03       		.uleb128 0x3
 310 005e 04       		.byte	0x4
 311 005f 05       		.byte	0x5
 312 0060 696E7400 		.ascii	"int\000"
 313 0064 02       		.uleb128 0x2
 314 0065 04       		.byte	0x4
 315 0066 07       		.byte	0x7
 316 0067 A6010000 		.4byte	.LASF8
 317 006b 04       		.uleb128 0x4
 318 006c 52010000 		.4byte	.LASF9
 319 0070 02       		.byte	0x2
 320 0071 FB01     		.2byte	0x1fb
 321 0073 2C000000 		.4byte	0x2c
 322 0077 04       		.uleb128 0x4
 323 0078 98010000 		.4byte	.LASF10
 324 007c 02       		.byte	0x2
 325 007d FC01     		.2byte	0x1fc
 326 007f 3A000000 		.4byte	0x3a
 327 0083 04       		.uleb128 0x4
 328 0084 9F010000 		.4byte	.LASF11
 329 0088 02       		.byte	0x2
ARM GAS  C:\Users\Melody\AppData\Local\Temp\ccJlrtOe.s 			page 20


 330 0089 FD01     		.2byte	0x1fd
 331 008b 48000000 		.4byte	0x48
 332 008f 02       		.uleb128 0x2
 333 0090 04       		.byte	0x4
 334 0091 04       		.byte	0x4
 335 0092 22010000 		.4byte	.LASF12
 336 0096 02       		.uleb128 0x2
 337 0097 08       		.byte	0x8
 338 0098 04       		.byte	0x4
 339 0099 83010000 		.4byte	.LASF13
 340 009d 02       		.uleb128 0x2
 341 009e 01       		.byte	0x1
 342 009f 08       		.byte	0x8
 343 00a0 58020000 		.4byte	.LASF14
 344 00a4 04       		.uleb128 0x4
 345 00a5 3B010000 		.4byte	.LASF15
 346 00a9 02       		.byte	0x2
 347 00aa A502     		.2byte	0x2a5
 348 00ac B0000000 		.4byte	0xb0
 349 00b0 05       		.uleb128 0x5
 350 00b1 6B000000 		.4byte	0x6b
 351 00b5 04       		.uleb128 0x4
 352 00b6 9B020000 		.4byte	.LASF16
 353 00ba 02       		.byte	0x2
 354 00bb A702     		.2byte	0x2a7
 355 00bd C1000000 		.4byte	0xc1
 356 00c1 05       		.uleb128 0x5
 357 00c2 83000000 		.4byte	0x83
 358 00c6 02       		.uleb128 0x2
 359 00c7 08       		.byte	0x8
 360 00c8 04       		.byte	0x4
 361 00c9 A1020000 		.4byte	.LASF17
 362 00cd 02       		.uleb128 0x2
 363 00ce 04       		.byte	0x4
 364 00cf 07       		.byte	0x7
 365 00d0 3A020000 		.4byte	.LASF18
 366 00d4 06       		.uleb128 0x6
 367 00d5 08       		.byte	0x8
 368 00d6 03       		.byte	0x3
 369 00d7 75       		.byte	0x75
 370 00d8 E9000000 		.4byte	0xe9
 371 00dc 07       		.uleb128 0x7
 372 00dd F2000000 		.4byte	.LASF20
 373 00e1 03       		.byte	0x3
 374 00e2 77       		.byte	0x77
 375 00e3 F9000000 		.4byte	0xf9
 376 00e7 00       		.byte	0
 377 00e8 00       		.byte	0
 378 00e9 08       		.uleb128 0x8
 379 00ea A4000000 		.4byte	0xa4
 380 00ee F9000000 		.4byte	0xf9
 381 00f2 09       		.uleb128 0x9
 382 00f3 CD000000 		.4byte	0xcd
 383 00f7 07       		.byte	0x7
 384 00f8 00       		.byte	0
 385 00f9 05       		.uleb128 0x5
 386 00fa E9000000 		.4byte	0xe9
ARM GAS  C:\Users\Melody\AppData\Local\Temp\ccJlrtOe.s 			page 21


 387 00fe 0A       		.uleb128 0xa
 388 00ff 90000000 		.4byte	.LASF19
 389 0103 03       		.byte	0x3
 390 0104 78       		.byte	0x78
 391 0105 D4000000 		.4byte	0xd4
 392 0109 06       		.uleb128 0x6
 393 010a 04       		.byte	0x4
 394 010b 03       		.byte	0x3
 395 010c 7B       		.byte	0x7b
 396 010d 1E010000 		.4byte	0x11e
 397 0111 07       		.uleb128 0x7
 398 0112 F2000000 		.4byte	.LASF20
 399 0116 03       		.byte	0x3
 400 0117 7D       		.byte	0x7d
 401 0118 2E010000 		.4byte	0x12e
 402 011c 00       		.byte	0
 403 011d 00       		.byte	0
 404 011e 08       		.uleb128 0x8
 405 011f A4000000 		.4byte	0xa4
 406 0123 2E010000 		.4byte	0x12e
 407 0127 09       		.uleb128 0x9
 408 0128 CD000000 		.4byte	0xcd
 409 012c 03       		.byte	0x3
 410 012d 00       		.byte	0
 411 012e 05       		.uleb128 0x5
 412 012f 1E010000 		.4byte	0x11e
 413 0133 0A       		.uleb128 0xa
 414 0134 D4000000 		.4byte	.LASF21
 415 0138 03       		.byte	0x3
 416 0139 7E       		.byte	0x7e
 417 013a 09010000 		.4byte	0x109
 418 013e 06       		.uleb128 0x6
 419 013f 20       		.byte	0x20
 420 0140 03       		.byte	0x3
 421 0141 A0       		.byte	0xa0
 422 0142 9B010000 		.4byte	0x19b
 423 0146 07       		.uleb128 0x7
 424 0147 0F020000 		.4byte	.LASF22
 425 014b 03       		.byte	0x3
 426 014c A2       		.byte	0xa2
 427 014d 33010000 		.4byte	0x133
 428 0151 00       		.byte	0
 429 0152 07       		.uleb128 0x7
 430 0153 36010000 		.4byte	.LASF23
 431 0157 03       		.byte	0x3
 432 0158 A3       		.byte	0xa3
 433 0159 33010000 		.4byte	0x133
 434 015d 04       		.byte	0x4
 435 015e 07       		.uleb128 0x7
 436 015f F7000000 		.4byte	.LASF24
 437 0163 03       		.byte	0x3
 438 0164 A4       		.byte	0xa4
 439 0165 FE000000 		.4byte	0xfe
 440 0169 08       		.byte	0x8
 441 016a 07       		.uleb128 0x7
 442 016b C0000000 		.4byte	.LASF25
 443 016f 03       		.byte	0x3
ARM GAS  C:\Users\Melody\AppData\Local\Temp\ccJlrtOe.s 			page 22


 444 0170 A5       		.byte	0xa5
 445 0171 33010000 		.4byte	0x133
 446 0175 10       		.byte	0x10
 447 0176 07       		.uleb128 0x7
 448 0177 70020000 		.4byte	.LASF26
 449 017b 03       		.byte	0x3
 450 017c A6       		.byte	0xa6
 451 017d 33010000 		.4byte	0x133
 452 0181 14       		.byte	0x14
 453 0182 07       		.uleb128 0x7
 454 0183 43020000 		.4byte	.LASF27
 455 0187 03       		.byte	0x3
 456 0188 A7       		.byte	0xa7
 457 0189 33010000 		.4byte	0x133
 458 018d 18       		.byte	0x18
 459 018e 07       		.uleb128 0x7
 460 018f 1B010000 		.4byte	.LASF28
 461 0193 03       		.byte	0x3
 462 0194 A8       		.byte	0xa8
 463 0195 33010000 		.4byte	0x133
 464 0199 1C       		.byte	0x1c
 465 019a 00       		.byte	0
 466 019b 0A       		.uleb128 0xa
 467 019c 01020000 		.4byte	.LASF29
 468 01a0 03       		.byte	0x3
 469 01a1 A9       		.byte	0xa9
 470 01a2 3E010000 		.4byte	0x13e
 471 01a6 0B       		.uleb128 0xb
 472 01a7 8A010000 		.4byte	.LASF30
 473 01ab 01       		.byte	0x1
 474 01ac 2801     		.2byte	0x128
 475 01ae 00000000 		.4byte	.LFB1
 476 01b2 14000000 		.4byte	.LFE1-.LFB1
 477 01b6 01       		.uleb128 0x1
 478 01b7 9C       		.byte	0x9c
 479 01b8 C6010000 		.4byte	0x1c6
 480 01bc 0C       		.uleb128 0xc
 481 01bd 0E000000 		.4byte	.LVL0
 482 01c1 80020000 		.4byte	0x280
 483 01c5 00       		.byte	0
 484 01c6 0B       		.uleb128 0xb
 485 01c7 15020000 		.4byte	.LASF31
 486 01cb 01       		.byte	0x1
 487 01cc 9301     		.2byte	0x193
 488 01ce 00000000 		.4byte	.LFB2
 489 01d2 90000000 		.4byte	.LFE2-.LFB2
 490 01d6 01       		.uleb128 0x1
 491 01d7 9C       		.byte	0x9c
 492 01d8 57020000 		.4byte	0x257
 493 01dc 0D       		.uleb128 0xd
 494 01dd C6000000 		.4byte	.LASF32
 495 01e1 01       		.byte	0x1
 496 01e2 9501     		.2byte	0x195
 497 01e4 6B000000 		.4byte	0x6b
 498 01e8 00000000 		.4byte	.LLST0
 499 01ec 0D       		.uleb128 0xd
 500 01ed 8A000000 		.4byte	.LASF33
ARM GAS  C:\Users\Melody\AppData\Local\Temp\ccJlrtOe.s 			page 23


 501 01f1 01       		.byte	0x1
 502 01f2 9601     		.2byte	0x196
 503 01f4 77000000 		.4byte	0x77
 504 01f8 E4000000 		.4byte	.LLST1
 505 01fc 0C       		.uleb128 0xc
 506 01fd 40000000 		.4byte	.LVL4
 507 0201 8B020000 		.4byte	0x28b
 508 0205 0C       		.uleb128 0xc
 509 0206 46000000 		.4byte	.LVL6
 510 020a 97020000 		.4byte	0x297
 511 020e 0C       		.uleb128 0xc
 512 020f 4C000000 		.4byte	.LVL8
 513 0213 A3020000 		.4byte	0x2a3
 514 0217 0C       		.uleb128 0xc
 515 0218 52000000 		.4byte	.LVL10
 516 021c AF020000 		.4byte	0x2af
 517 0220 0C       		.uleb128 0xc
 518 0221 58000000 		.4byte	.LVL12
 519 0225 BB020000 		.4byte	0x2bb
 520 0229 0C       		.uleb128 0xc
 521 022a 5E000000 		.4byte	.LVL14
 522 022e C7020000 		.4byte	0x2c7
 523 0232 0C       		.uleb128 0xc
 524 0233 64000000 		.4byte	.LVL16
 525 0237 D3020000 		.4byte	0x2d3
 526 023b 0C       		.uleb128 0xc
 527 023c 6A000000 		.4byte	.LVL18
 528 0240 DF020000 		.4byte	0x2df
 529 0244 0C       		.uleb128 0xc
 530 0245 70000000 		.4byte	.LVL20
 531 0249 EB020000 		.4byte	0x2eb
 532 024d 0C       		.uleb128 0xc
 533 024e 76000000 		.4byte	.LVL22
 534 0252 F7020000 		.4byte	0x2f7
 535 0256 00       		.byte	0
 536 0257 0B       		.uleb128 0xb
 537 0258 58010000 		.4byte	.LASF34
 538 025c 01       		.byte	0x1
 539 025d 6302     		.2byte	0x263
 540 025f 00000000 		.4byte	.LFB3
 541 0263 20000000 		.4byte	.LFE3-.LFB3
 542 0267 01       		.uleb128 0x1
 543 0268 9C       		.byte	0x9c
 544 0269 80020000 		.4byte	0x280
 545 026d 0C       		.uleb128 0xc
 546 026e 10000000 		.4byte	.LVL27
 547 0272 A6010000 		.4byte	0x1a6
 548 0276 0C       		.uleb128 0xc
 549 0277 1A000000 		.4byte	.LVL28
 550 027b C6010000 		.4byte	0x1c6
 551 027f 00       		.byte	0
 552 0280 0E       		.uleb128 0xe
 553 0281 5D020000 		.4byte	.LASF35
 554 0285 5D020000 		.4byte	.LASF35
 555 0289 03       		.byte	0x3
 556 028a C6       		.byte	0xc6
 557 028b 0F       		.uleb128 0xf
ARM GAS  C:\Users\Melody\AppData\Local\Temp\ccJlrtOe.s 			page 24


 558 028c 76020000 		.4byte	.LASF36
 559 0290 76020000 		.4byte	.LASF36
 560 0294 03       		.byte	0x3
 561 0295 3501     		.2byte	0x135
 562 0297 0F       		.uleb128 0xf
 563 0298 CA010000 		.4byte	.LASF37
 564 029c CA010000 		.4byte	.LASF37
 565 02a0 03       		.byte	0x3
 566 02a1 3801     		.2byte	0x138
 567 02a3 0F       		.uleb128 0xf
 568 02a4 FE000000 		.4byte	.LASF38
 569 02a8 FE000000 		.4byte	.LASF38
 570 02ac 03       		.byte	0x3
 571 02ad 3B01     		.2byte	0x13b
 572 02af 0F       		.uleb128 0xf
 573 02b0 00000000 		.4byte	.LASF39
 574 02b4 00000000 		.4byte	.LASF39
 575 02b8 03       		.byte	0x3
 576 02b9 3E01     		.2byte	0x13e
 577 02bb 0F       		.uleb128 0xf
 578 02bc 68030000 		.4byte	.LASF40
 579 02c0 68030000 		.4byte	.LASF40
 580 02c4 03       		.byte	0x3
 581 02c5 4101     		.2byte	0x141
 582 02c7 0F       		.uleb128 0xf
 583 02c8 22020000 		.4byte	.LASF41
 584 02cc 22020000 		.4byte	.LASF41
 585 02d0 03       		.byte	0x3
 586 02d1 4401     		.2byte	0x144
 587 02d3 0F       		.uleb128 0xf
 588 02d4 60010000 		.4byte	.LASF42
 589 02d8 60010000 		.4byte	.LASF42
 590 02dc 03       		.byte	0x3
 591 02dd 4701     		.2byte	0x147
 592 02df 0F       		.uleb128 0xf
 593 02e0 E3010000 		.4byte	.LASF43
 594 02e4 E3010000 		.4byte	.LASF43
 595 02e8 03       		.byte	0x3
 596 02e9 4A01     		.2byte	0x14a
 597 02eb 0F       		.uleb128 0xf
 598 02ec B9020000 		.4byte	.LASF44
 599 02f0 B9020000 		.4byte	.LASF44
 600 02f4 03       		.byte	0x3
 601 02f5 4D01     		.2byte	0x14d
 602 02f7 0F       		.uleb128 0xf
 603 02f8 87030000 		.4byte	.LASF45
 604 02fc 87030000 		.4byte	.LASF45
 605 0300 03       		.byte	0x3
 606 0301 1A01     		.2byte	0x11a
 607 0303 00       		.byte	0
 608              		.section	.debug_abbrev,"",%progbits
 609              	.Ldebug_abbrev0:
 610 0000 01       		.uleb128 0x1
 611 0001 11       		.uleb128 0x11
 612 0002 01       		.byte	0x1
 613 0003 25       		.uleb128 0x25
 614 0004 0E       		.uleb128 0xe
ARM GAS  C:\Users\Melody\AppData\Local\Temp\ccJlrtOe.s 			page 25


 615 0005 13       		.uleb128 0x13
 616 0006 0B       		.uleb128 0xb
 617 0007 03       		.uleb128 0x3
 618 0008 0E       		.uleb128 0xe
 619 0009 1B       		.uleb128 0x1b
 620 000a 0E       		.uleb128 0xe
 621 000b 55       		.uleb128 0x55
 622 000c 17       		.uleb128 0x17
 623 000d 11       		.uleb128 0x11
 624 000e 01       		.uleb128 0x1
 625 000f 10       		.uleb128 0x10
 626 0010 17       		.uleb128 0x17
 627 0011 00       		.byte	0
 628 0012 00       		.byte	0
 629 0013 02       		.uleb128 0x2
 630 0014 24       		.uleb128 0x24
 631 0015 00       		.byte	0
 632 0016 0B       		.uleb128 0xb
 633 0017 0B       		.uleb128 0xb
 634 0018 3E       		.uleb128 0x3e
 635 0019 0B       		.uleb128 0xb
 636 001a 03       		.uleb128 0x3
 637 001b 0E       		.uleb128 0xe
 638 001c 00       		.byte	0
 639 001d 00       		.byte	0
 640 001e 03       		.uleb128 0x3
 641 001f 24       		.uleb128 0x24
 642 0020 00       		.byte	0
 643 0021 0B       		.uleb128 0xb
 644 0022 0B       		.uleb128 0xb
 645 0023 3E       		.uleb128 0x3e
 646 0024 0B       		.uleb128 0xb
 647 0025 03       		.uleb128 0x3
 648 0026 08       		.uleb128 0x8
 649 0027 00       		.byte	0
 650 0028 00       		.byte	0
 651 0029 04       		.uleb128 0x4
 652 002a 16       		.uleb128 0x16
 653 002b 00       		.byte	0
 654 002c 03       		.uleb128 0x3
 655 002d 0E       		.uleb128 0xe
 656 002e 3A       		.uleb128 0x3a
 657 002f 0B       		.uleb128 0xb
 658 0030 3B       		.uleb128 0x3b
 659 0031 05       		.uleb128 0x5
 660 0032 49       		.uleb128 0x49
 661 0033 13       		.uleb128 0x13
 662 0034 00       		.byte	0
 663 0035 00       		.byte	0
 664 0036 05       		.uleb128 0x5
 665 0037 35       		.uleb128 0x35
 666 0038 00       		.byte	0
 667 0039 49       		.uleb128 0x49
 668 003a 13       		.uleb128 0x13
 669 003b 00       		.byte	0
 670 003c 00       		.byte	0
 671 003d 06       		.uleb128 0x6
ARM GAS  C:\Users\Melody\AppData\Local\Temp\ccJlrtOe.s 			page 26


 672 003e 13       		.uleb128 0x13
 673 003f 01       		.byte	0x1
 674 0040 0B       		.uleb128 0xb
 675 0041 0B       		.uleb128 0xb
 676 0042 3A       		.uleb128 0x3a
 677 0043 0B       		.uleb128 0xb
 678 0044 3B       		.uleb128 0x3b
 679 0045 0B       		.uleb128 0xb
 680 0046 01       		.uleb128 0x1
 681 0047 13       		.uleb128 0x13
 682 0048 00       		.byte	0
 683 0049 00       		.byte	0
 684 004a 07       		.uleb128 0x7
 685 004b 0D       		.uleb128 0xd
 686 004c 00       		.byte	0
 687 004d 03       		.uleb128 0x3
 688 004e 0E       		.uleb128 0xe
 689 004f 3A       		.uleb128 0x3a
 690 0050 0B       		.uleb128 0xb
 691 0051 3B       		.uleb128 0x3b
 692 0052 0B       		.uleb128 0xb
 693 0053 49       		.uleb128 0x49
 694 0054 13       		.uleb128 0x13
 695 0055 38       		.uleb128 0x38
 696 0056 0B       		.uleb128 0xb
 697 0057 00       		.byte	0
 698 0058 00       		.byte	0
 699 0059 08       		.uleb128 0x8
 700 005a 01       		.uleb128 0x1
 701 005b 01       		.byte	0x1
 702 005c 49       		.uleb128 0x49
 703 005d 13       		.uleb128 0x13
 704 005e 01       		.uleb128 0x1
 705 005f 13       		.uleb128 0x13
 706 0060 00       		.byte	0
 707 0061 00       		.byte	0
 708 0062 09       		.uleb128 0x9
 709 0063 21       		.uleb128 0x21
 710 0064 00       		.byte	0
 711 0065 49       		.uleb128 0x49
 712 0066 13       		.uleb128 0x13
 713 0067 2F       		.uleb128 0x2f
 714 0068 0B       		.uleb128 0xb
 715 0069 00       		.byte	0
 716 006a 00       		.byte	0
 717 006b 0A       		.uleb128 0xa
 718 006c 16       		.uleb128 0x16
 719 006d 00       		.byte	0
 720 006e 03       		.uleb128 0x3
 721 006f 0E       		.uleb128 0xe
 722 0070 3A       		.uleb128 0x3a
 723 0071 0B       		.uleb128 0xb
 724 0072 3B       		.uleb128 0x3b
 725 0073 0B       		.uleb128 0xb
 726 0074 49       		.uleb128 0x49
 727 0075 13       		.uleb128 0x13
 728 0076 00       		.byte	0
ARM GAS  C:\Users\Melody\AppData\Local\Temp\ccJlrtOe.s 			page 27


 729 0077 00       		.byte	0
 730 0078 0B       		.uleb128 0xb
 731 0079 2E       		.uleb128 0x2e
 732 007a 01       		.byte	0x1
 733 007b 3F       		.uleb128 0x3f
 734 007c 19       		.uleb128 0x19
 735 007d 03       		.uleb128 0x3
 736 007e 0E       		.uleb128 0xe
 737 007f 3A       		.uleb128 0x3a
 738 0080 0B       		.uleb128 0xb
 739 0081 3B       		.uleb128 0x3b
 740 0082 05       		.uleb128 0x5
 741 0083 27       		.uleb128 0x27
 742 0084 19       		.uleb128 0x19
 743 0085 11       		.uleb128 0x11
 744 0086 01       		.uleb128 0x1
 745 0087 12       		.uleb128 0x12
 746 0088 06       		.uleb128 0x6
 747 0089 40       		.uleb128 0x40
 748 008a 18       		.uleb128 0x18
 749 008b 9742     		.uleb128 0x2117
 750 008d 19       		.uleb128 0x19
 751 008e 01       		.uleb128 0x1
 752 008f 13       		.uleb128 0x13
 753 0090 00       		.byte	0
 754 0091 00       		.byte	0
 755 0092 0C       		.uleb128 0xc
 756 0093 898201   		.uleb128 0x4109
 757 0096 00       		.byte	0
 758 0097 11       		.uleb128 0x11
 759 0098 01       		.uleb128 0x1
 760 0099 31       		.uleb128 0x31
 761 009a 13       		.uleb128 0x13
 762 009b 00       		.byte	0
 763 009c 00       		.byte	0
 764 009d 0D       		.uleb128 0xd
 765 009e 34       		.uleb128 0x34
 766 009f 00       		.byte	0
 767 00a0 03       		.uleb128 0x3
 768 00a1 0E       		.uleb128 0xe
 769 00a2 3A       		.uleb128 0x3a
 770 00a3 0B       		.uleb128 0xb
 771 00a4 3B       		.uleb128 0x3b
 772 00a5 05       		.uleb128 0x5
 773 00a6 49       		.uleb128 0x49
 774 00a7 13       		.uleb128 0x13
 775 00a8 02       		.uleb128 0x2
 776 00a9 17       		.uleb128 0x17
 777 00aa 00       		.byte	0
 778 00ab 00       		.byte	0
 779 00ac 0E       		.uleb128 0xe
 780 00ad 2E       		.uleb128 0x2e
 781 00ae 00       		.byte	0
 782 00af 3F       		.uleb128 0x3f
 783 00b0 19       		.uleb128 0x19
 784 00b1 3C       		.uleb128 0x3c
 785 00b2 19       		.uleb128 0x19
ARM GAS  C:\Users\Melody\AppData\Local\Temp\ccJlrtOe.s 			page 28


 786 00b3 6E       		.uleb128 0x6e
 787 00b4 0E       		.uleb128 0xe
 788 00b5 03       		.uleb128 0x3
 789 00b6 0E       		.uleb128 0xe
 790 00b7 3A       		.uleb128 0x3a
 791 00b8 0B       		.uleb128 0xb
 792 00b9 3B       		.uleb128 0x3b
 793 00ba 0B       		.uleb128 0xb
 794 00bb 00       		.byte	0
 795 00bc 00       		.byte	0
 796 00bd 0F       		.uleb128 0xf
 797 00be 2E       		.uleb128 0x2e
 798 00bf 00       		.byte	0
 799 00c0 3F       		.uleb128 0x3f
 800 00c1 19       		.uleb128 0x19
 801 00c2 3C       		.uleb128 0x3c
 802 00c3 19       		.uleb128 0x19
 803 00c4 6E       		.uleb128 0x6e
 804 00c5 0E       		.uleb128 0xe
 805 00c6 03       		.uleb128 0x3
 806 00c7 0E       		.uleb128 0xe
 807 00c8 3A       		.uleb128 0x3a
 808 00c9 0B       		.uleb128 0xb
 809 00ca 3B       		.uleb128 0x3b
 810 00cb 05       		.uleb128 0x5
 811 00cc 00       		.byte	0
 812 00cd 00       		.byte	0
 813 00ce 00       		.byte	0
 814              		.section	.debug_loc,"",%progbits
 815              	.Ldebug_loc0:
 816              	.LLST0:
 817 0000 14000000 		.4byte	.LVL3
 818 0004 3F000000 		.4byte	.LVL4-1
 819 0008 0100     		.2byte	0x1
 820 000a 50       		.byte	0x50
 821 000b 3F000000 		.4byte	.LVL4-1
 822 000f 42000000 		.4byte	.LVL5
 823 0013 0100     		.2byte	0x1
 824 0015 55       		.byte	0x55
 825 0016 42000000 		.4byte	.LVL5
 826 001a 45000000 		.4byte	.LVL6-1
 827 001e 0100     		.2byte	0x1
 828 0020 50       		.byte	0x50
 829 0021 45000000 		.4byte	.LVL6-1
 830 0025 48000000 		.4byte	.LVL7
 831 0029 0100     		.2byte	0x1
 832 002b 55       		.byte	0x55
 833 002c 48000000 		.4byte	.LVL7
 834 0030 4B000000 		.4byte	.LVL8-1
 835 0034 0100     		.2byte	0x1
 836 0036 50       		.byte	0x50
 837 0037 4B000000 		.4byte	.LVL8-1
 838 003b 4E000000 		.4byte	.LVL9
 839 003f 0100     		.2byte	0x1
 840 0041 55       		.byte	0x55
 841 0042 4E000000 		.4byte	.LVL9
 842 0046 51000000 		.4byte	.LVL10-1
ARM GAS  C:\Users\Melody\AppData\Local\Temp\ccJlrtOe.s 			page 29


 843 004a 0100     		.2byte	0x1
 844 004c 50       		.byte	0x50
 845 004d 51000000 		.4byte	.LVL10-1
 846 0051 54000000 		.4byte	.LVL11
 847 0055 0100     		.2byte	0x1
 848 0057 55       		.byte	0x55
 849 0058 54000000 		.4byte	.LVL11
 850 005c 57000000 		.4byte	.LVL12-1
 851 0060 0100     		.2byte	0x1
 852 0062 50       		.byte	0x50
 853 0063 57000000 		.4byte	.LVL12-1
 854 0067 5A000000 		.4byte	.LVL13
 855 006b 0100     		.2byte	0x1
 856 006d 55       		.byte	0x55
 857 006e 5A000000 		.4byte	.LVL13
 858 0072 5D000000 		.4byte	.LVL14-1
 859 0076 0100     		.2byte	0x1
 860 0078 50       		.byte	0x50
 861 0079 5D000000 		.4byte	.LVL14-1
 862 007d 60000000 		.4byte	.LVL15
 863 0081 0100     		.2byte	0x1
 864 0083 55       		.byte	0x55
 865 0084 60000000 		.4byte	.LVL15
 866 0088 63000000 		.4byte	.LVL16-1
 867 008c 0100     		.2byte	0x1
 868 008e 50       		.byte	0x50
 869 008f 63000000 		.4byte	.LVL16-1
 870 0093 66000000 		.4byte	.LVL17
 871 0097 0100     		.2byte	0x1
 872 0099 55       		.byte	0x55
 873 009a 66000000 		.4byte	.LVL17
 874 009e 69000000 		.4byte	.LVL18-1
 875 00a2 0100     		.2byte	0x1
 876 00a4 50       		.byte	0x50
 877 00a5 69000000 		.4byte	.LVL18-1
 878 00a9 6C000000 		.4byte	.LVL19
 879 00ad 0100     		.2byte	0x1
 880 00af 55       		.byte	0x55
 881 00b0 6C000000 		.4byte	.LVL19
 882 00b4 6F000000 		.4byte	.LVL20-1
 883 00b8 0100     		.2byte	0x1
 884 00ba 50       		.byte	0x50
 885 00bb 6F000000 		.4byte	.LVL20-1
 886 00bf 72000000 		.4byte	.LVL21
 887 00c3 0100     		.2byte	0x1
 888 00c5 55       		.byte	0x55
 889 00c6 72000000 		.4byte	.LVL21
 890 00ca 75000000 		.4byte	.LVL22-1
 891 00ce 0100     		.2byte	0x1
 892 00d0 50       		.byte	0x50
 893 00d1 75000000 		.4byte	.LVL22-1
 894 00d5 7A000000 		.4byte	.LVL24
 895 00d9 0100     		.2byte	0x1
 896 00db 55       		.byte	0x55
 897 00dc 00000000 		.4byte	0
 898 00e0 00000000 		.4byte	0
 899              	.LLST1:
ARM GAS  C:\Users\Melody\AppData\Local\Temp\ccJlrtOe.s 			page 30


 900 00e4 00000000 		.4byte	.LVL1
 901 00e8 10000000 		.4byte	.LVL2
 902 00ec 0200     		.2byte	0x2
 903 00ee 31       		.byte	0x31
 904 00ef 9F       		.byte	0x9f
 905 00f0 14000000 		.4byte	.LVL3
 906 00f4 78000000 		.4byte	.LVL23
 907 00f8 0100     		.2byte	0x1
 908 00fa 54       		.byte	0x54
 909 00fb 7C000000 		.4byte	.LVL25
 910 00ff 80000000 		.4byte	.LVL26
 911 0103 0100     		.2byte	0x1
 912 0105 54       		.byte	0x54
 913 0106 00000000 		.4byte	0
 914 010a 00000000 		.4byte	0
 915              		.section	.debug_aranges,"",%progbits
 916 0000 2C000000 		.4byte	0x2c
 917 0004 0200     		.2byte	0x2
 918 0006 00000000 		.4byte	.Ldebug_info0
 919 000a 04       		.byte	0x4
 920 000b 00       		.byte	0
 921 000c 0000     		.2byte	0
 922 000e 0000     		.2byte	0
 923 0010 00000000 		.4byte	.LFB1
 924 0014 14000000 		.4byte	.LFE1-.LFB1
 925 0018 00000000 		.4byte	.LFB2
 926 001c 90000000 		.4byte	.LFE2-.LFB2
 927 0020 00000000 		.4byte	.LFB3
 928 0024 20000000 		.4byte	.LFE3-.LFB3
 929 0028 00000000 		.4byte	0
 930 002c 00000000 		.4byte	0
 931              		.section	.debug_ranges,"",%progbits
 932              	.Ldebug_ranges0:
 933 0000 00000000 		.4byte	.LFB1
 934 0004 14000000 		.4byte	.LFE1
 935 0008 00000000 		.4byte	.LFB2
 936 000c 90000000 		.4byte	.LFE2
 937 0010 00000000 		.4byte	.LFB3
 938 0014 20000000 		.4byte	.LFE3
 939 0018 00000000 		.4byte	0
 940 001c 00000000 		.4byte	0
 941              		.section	.debug_line,"",%progbits
 942              	.Ldebug_line0:
 943 0000 D0000000 		.section	.debug_str,"MS",%progbits,1
 943      02004D00 
 943      00000201 
 943      FB0E0D00 
 943      01010101 
 944              	.LASF39:
 945 0000 43414E5F 		.ascii	"CAN_ReceiveMsgBMS_VOLTAGES\000"
 945      52656365 
 945      6976654D 
 945      7367424D 
 945      535F564F 
 946              	.LASF48:
 947 001b 433A5C55 		.ascii	"C:\\Users\\Melody\\Desktop\\Programming_Stuff\\FRUC"
 947      73657273 
ARM GAS  C:\Users\Melody\AppData\Local\Temp\ccJlrtOe.s 			page 31


 947      5C4D656C 
 947      6F64795C 
 947      4465736B 
 948 0049 445C4461 		.ascii	"D\\Dashboard-Firmware-FE10\\Dashboard-Firmware-FE9\\"
 948      7368626F 
 948      6172642D 
 948      4669726D 
 948      77617265 
 949 007a 44617368 		.ascii	"Dashboard.cydsn\000"
 949      626F6172 
 949      642E6379 
 949      64736E00 
 950              	.LASF33:
 951 008a 73686966 		.ascii	"shift\000"
 951      7400
 952              	.LASF19:
 953 0090 43414E5F 		.ascii	"CAN_DATA_BYTES\000"
 953      44415441 
 953      5F425954 
 953      455300
 954              	.LASF47:
 955 009f 47656E65 		.ascii	"Generated_Source\\PSoC4\\CAN_INT.c\000"
 955      72617465 
 955      645F536F 
 955      75726365 
 955      5C50536F 
 956              	.LASF25:
 957 00c0 7278616D 		.ascii	"rxamr\000"
 957      7200
 958              	.LASF32:
 959 00c6 6D61696C 		.ascii	"mailboxNumber\000"
 959      626F784E 
 959      756D6265 
 959      7200
 960              	.LASF21:
 961 00d4 43414E5F 		.ascii	"CAN_REG_32\000"
 961      5245475F 
 961      333200
 962              	.LASF3:
 963 00df 73686F72 		.ascii	"short unsigned int\000"
 963      7420756E 
 963      7369676E 
 963      65642069 
 963      6E7400
 964              	.LASF20:
 965 00f2 62797465 		.ascii	"byte\000"
 965      00
 966              	.LASF24:
 967 00f7 72786461 		.ascii	"rxdata\000"
 967      746100
 968              	.LASF38:
 969 00fe 43414E5F 		.ascii	"CAN_ReceiveMsgBMS_STATUS_MSG\000"
 969      52656365 
 969      6976654D 
 969      7367424D 
 969      535F5354 
 970              	.LASF28:
ARM GAS  C:\Users\Melody\AppData\Local\Temp\ccJlrtOe.s 			page 32


 971 011b 72786163 		.ascii	"rxacrd\000"
 971      726400
 972              	.LASF12:
 973 0122 666C6F61 		.ascii	"float\000"
 973      7400
 974              	.LASF1:
 975 0128 756E7369 		.ascii	"unsigned char\000"
 975      676E6564 
 975      20636861 
 975      7200
 976              	.LASF23:
 977 0136 72786964 		.ascii	"rxid\000"
 977      00
 978              	.LASF15:
 979 013b 72656738 		.ascii	"reg8\000"
 979      00
 980              	.LASF5:
 981 0140 6C6F6E67 		.ascii	"long unsigned int\000"
 981      20756E73 
 981      69676E65 
 981      6420696E 
 981      7400
 982              	.LASF9:
 983 0152 75696E74 		.ascii	"uint8\000"
 983      3800
 984              	.LASF34:
 985 0158 43414E5F 		.ascii	"CAN_ISR\000"
 985      49535200 
 986              	.LASF42:
 987 0160 43414E5F 		.ascii	"CAN_ReceiveMsgPEI_CURRENT_SHUTDOWN\000"
 987      52656365 
 987      6976654D 
 987      73675045 
 987      495F4355 
 988              	.LASF13:
 989 0183 646F7562 		.ascii	"double\000"
 989      6C6500
 990              	.LASF30:
 991 018a 43414E5F 		.ascii	"CAN_BusOffIsr\000"
 991      4275734F 
 991      66664973 
 991      7200
 992              	.LASF10:
 993 0198 75696E74 		.ascii	"uint16\000"
 993      313600
 994              	.LASF11:
 995 019f 75696E74 		.ascii	"uint32\000"
 995      333200
 996              	.LASF8:
 997 01a6 756E7369 		.ascii	"unsigned int\000"
 997      676E6564 
 997      20696E74 
 997      00
 998              	.LASF7:
 999 01b3 6C6F6E67 		.ascii	"long long unsigned int\000"
 999      206C6F6E 
 999      6720756E 
ARM GAS  C:\Users\Melody\AppData\Local\Temp\ccJlrtOe.s 			page 33


 999      7369676E 
 999      65642069 
 1000              	.LASF37:
 1001 01ca 43414E5F 		.ascii	"CAN_ReceiveMsgBSPD_FLAGS\000"
 1001      52656365 
 1001      6976654D 
 1001      73674253 
 1001      50445F46 
 1002              	.LASF43:
 1003 01e3 43414E5F 		.ascii	"CAN_ReceiveMsgMC_VOLTAGE_INFO\000"
 1003      52656365 
 1003      6976654D 
 1003      73674D43 
 1003      5F564F4C 
 1004              	.LASF29:
 1005 0201 43414E5F 		.ascii	"CAN_RX_STRUCT\000"
 1005      52585F53 
 1005      54525543 
 1005      5400
 1006              	.LASF22:
 1007 020f 7278636D 		.ascii	"rxcmd\000"
 1007      6400
 1008              	.LASF31:
 1009 0215 43414E5F 		.ascii	"CAN_MsgRXIsr\000"
 1009      4D736752 
 1009      58497372 
 1009      00
 1010              	.LASF41:
 1011 0222 43414E5F 		.ascii	"CAN_ReceiveMsgPEI_ESTOP\000"
 1011      52656365 
 1011      6976654D 
 1011      73675045 
 1011      495F4553 
 1012              	.LASF18:
 1013 023a 73697A65 		.ascii	"sizetype\000"
 1013      74797065 
 1013      00
 1014              	.LASF27:
 1015 0243 7278616D 		.ascii	"rxamrd\000"
 1015      726400
 1016              	.LASF6:
 1017 024a 6C6F6E67 		.ascii	"long long int\000"
 1017      206C6F6E 
 1017      6720696E 
 1017      7400
 1018              	.LASF14:
 1019 0258 63686172 		.ascii	"char\000"
 1019      00
 1020              	.LASF35:
 1021 025d 43414E5F 		.ascii	"CAN_Stop\000"
 1021      53746F70 
 1021      00
 1022              	.LASF2:
 1023 0266 73686F72 		.ascii	"short int\000"
 1023      7420696E 
 1023      7400
 1024              	.LASF26:
ARM GAS  C:\Users\Melody\AppData\Local\Temp\ccJlrtOe.s 			page 34


 1025 0270 72786163 		.ascii	"rxacr\000"
 1025      7200
 1026              	.LASF36:
 1027 0276 43414E5F 		.ascii	"CAN_ReceiveMsgVEHICLE_STATE\000"
 1027      52656365 
 1027      6976654D 
 1027      73675645 
 1027      4849434C 
 1028              	.LASF4:
 1029 0292 6C6F6E67 		.ascii	"long int\000"
 1029      20696E74 
 1029      00
 1030              	.LASF16:
 1031 029b 72656733 		.ascii	"reg32\000"
 1031      3200
 1032              	.LASF17:
 1033 02a1 6C6F6E67 		.ascii	"long double\000"
 1033      20646F75 
 1033      626C6500 
 1034              	.LASF0:
 1035 02ad 7369676E 		.ascii	"signed char\000"
 1035      65642063 
 1035      68617200 
 1036              	.LASF44:
 1037 02b9 43414E5F 		.ascii	"CAN_ReceiveMsgMC_INTERNAL_STATES\000"
 1037      52656365 
 1037      6976654D 
 1037      73674D43 
 1037      5F494E54 
 1038              	.LASF46:
 1039 02da 474E5520 		.ascii	"GNU C11 5.4.1 20160609 (release) [ARM/embedded-5-br"
 1039      43313120 
 1039      352E342E 
 1039      31203230 
 1039      31363036 
 1040 030d 616E6368 		.ascii	"anch revision 237715] -mcpu=cortex-m0 -mthumb -g -O"
 1040      20726576 
 1040      6973696F 
 1040      6E203233 
 1040      37373135 
 1041 0340 73202D66 		.ascii	"s -ffunction-sections -ffat-lto-objects\000"
 1041      66756E63 
 1041      74696F6E 
 1041      2D736563 
 1041      74696F6E 
 1042              	.LASF40:
 1043 0368 43414E5F 		.ascii	"CAN_ReceiveMsgBMS_TEMPERATURES\000"
 1043      52656365 
 1043      6976654D 
 1043      7367424D 
 1043      535F5445 
 1044              	.LASF45:
 1045 0387 43414E5F 		.ascii	"CAN_ReceiveMsg\000"
 1045      52656365 
 1045      6976654D 
 1045      736700
 1046              		.ident	"GCC: (GNU Tools for ARM Embedded Processors) 5.4.1 20160609 (release) [ARM/embedded-5-bran
ARM GAS  C:\Users\Melody\AppData\Local\Temp\ccJlrtOe.s 			page 35


