Archive member included to satisfy reference by file (symbol)

.\CortexM0\ARM_GCC_541\Debug\Dashboard.a(RGB1_1.o)
                              .\CortexM0\ARM_GCC_541\Debug\main.o (RGB1_1_Write)
.\CortexM0\ARM_GCC_541\Debug\Dashboard.a(RGB2_1.o)
                              .\CortexM0\ARM_GCC_541\Debug\main.o (RGB2_1_Write)
.\CortexM0\ARM_GCC_541\Debug\Dashboard.a(RGB3_1.o)
                              .\CortexM0\ARM_GCC_541\Debug\main.o (RGB3_1_Write)
.\CortexM0\ARM_GCC_541\Debug\Dashboard.a(CyLib.o)
                              .\CortexM0\ARM_GCC_541\Debug\cyfitter_cfg.o (CyIntSetVector)
.\CortexM0\ARM_GCC_541\Debug\Dashboard.a(CyLFClk.o)
                              .\CortexM0\ARM_GCC_541\Debug\Dashboard.a(CyLib.o) (CySysClkWcoEnabled)
.\CortexM0\ARM_GCC_541\Debug\Dashboard.a(Buzzer.o)
                              .\CortexM0\ARM_GCC_541\Debug\main.o (Buzzer_Write)
.\CortexM0\ARM_GCC_541\Debug\Dashboard.a(D_RST.o)
                              .\CortexM0\ARM_GCC_541\Debug\ugui_SSD1963.o (D_RST_Write)
.\CortexM0\ARM_GCC_541\Debug\Dashboard.a(D_BL.o)
                              .\CortexM0\ARM_GCC_541\Debug\main.o (D_BL_Write)
.\CortexM0\ARM_GCC_541\Debug\Dashboard.a(GraphicLCDIntf.o)
                              .\CortexM0\ARM_GCC_541\Debug\main.o (GraphicLCDIntf_Start)
.\CortexM0\ARM_GCC_541\Debug\Dashboard.a(CAN.o)
                              .\CortexM0\ARM_GCC_541\Debug\main.o (CAN_GlobalIntEnable)
.\CortexM0\ARM_GCC_541\Debug\Dashboard.a(CAN_INT.o)
                              .\CortexM0\ARM_GCC_541\Debug\Dashboard.a(CAN.o) (CAN_ISR)
.\CortexM0\ARM_GCC_541\Debug\Dashboard.a(CAN_TX_RX_func.o)
                              .\CortexM0\ARM_GCC_541\Debug\can_manga.o (CAN_SendMsg)
.\CortexM0\ARM_GCC_541\Debug\Dashboard.a(IMD_LED.o)
                              .\CortexM0\ARM_GCC_541\Debug\main.o (IMD_LED_Write)
.\CortexM0\ARM_GCC_541\Debug\Dashboard.a(BMS_LED.o)
                              .\CortexM0\ARM_GCC_541\Debug\main.o (BMS_LED_Write)
.\CortexM0\ARM_GCC_541\Debug\Dashboard.a(ADC_GLV_V.o)
                              .\CortexM0\ARM_GCC_541\Debug\main.o (ADC_GLV_V_Start)
.\CortexM0\ARM_GCC_541\Debug\Dashboard.a(ADC_GLV_V_INT.o)
                              .\CortexM0\ARM_GCC_541\Debug\Dashboard.a(ADC_GLV_V.o) (ADC_GLV_V_ISR)
.\CortexM0\ARM_GCC_541\Debug\Dashboard.a(HV.o)
                              .\CortexM0\ARM_GCC_541\Debug\main.o (HV_Read)
.\CortexM0\ARM_GCC_541\Debug\Dashboard.a(Drive.o)
                              .\CortexM0\ARM_GCC_541\Debug\main.o (Drive_Read)
.\CortexM0\ARM_GCC_541\Debug\Dashboard.a(ReadyToDrive_Timer.o)
                              .\CortexM0\ARM_GCC_541\Debug\main.o (ReadyToDrive_Timer_Enable)
.\CortexM0\ARM_GCC_541\Debug\Dashboard.a(ReadyToDrive_Int.o)
                              .\CortexM0\ARM_GCC_541\Debug\main.o (ReadyToDrive_Int_Start)
.\CortexM0\ARM_GCC_541\Debug\Dashboard.a(CyBootAsmGnu.o)
                              .\CortexM0\ARM_GCC_541\Debug\Dashboard.a(CyLib.o) (CyDelayCycles)
.\CortexM0\ARM_GCC_541\Debug\Dashboard.a(CyFlash.o)
                              .\CortexM0\ARM_GCC_541\Debug\Dashboard.a(CyLib.o) (CySysFlashSetWaitCycles)
c:/program files (x86)/cypress/psoc creator/4.4/psoc creator/import/gnu/arm/5.4.1/bin/../lib/gcc/arm-none-eabi/5.4.1/armv6-m\libgcc.a(_thumb1_case_uqi.o)
                              .\CortexM0\ARM_GCC_541\Debug\frucd_display.o (__gnu_thumb1_case_uqi)
c:/program files (x86)/cypress/psoc creator/4.4/psoc creator/import/gnu/arm/5.4.1/bin/../lib/gcc/arm-none-eabi/5.4.1/armv6-m\libgcc.a(_udivsi3.o)
                              .\CortexM0\ARM_GCC_541\Debug\frucd_display.o (__aeabi_uidiv)
c:/program files (x86)/cypress/psoc creator/4.4/psoc creator/import/gnu/arm/5.4.1/bin/../lib/gcc/arm-none-eabi/5.4.1/armv6-m\libgcc.a(_divsi3.o)
                              .\CortexM0\ARM_GCC_541\Debug\Dashboard.a(CyLFClk.o) (__aeabi_idiv)
c:/program files (x86)/cypress/psoc creator/4.4/psoc creator/import/gnu/arm/5.4.1/bin/../lib/gcc/arm-none-eabi/5.4.1/armv6-m\libgcc.a(_dvmd_tls.o)
                              c:/program files (x86)/cypress/psoc creator/4.4/psoc creator/import/gnu/arm/5.4.1/bin/../lib/gcc/arm-none-eabi/5.4.1/armv6-m\libgcc.a(_udivsi3.o) (__aeabi_idiv0)
c:/program files (x86)/cypress/psoc creator/4.4/psoc creator/import/gnu/arm/5.4.1/bin/../lib/gcc/arm-none-eabi/5.4.1/armv6-m\libgcc.a(_aeabi_ldivmod.o)
                              .\CortexM0\ARM_GCC_541\Debug\Dashboard.a(ADC_GLV_V.o) (__aeabi_ldivmod)
c:/program files (x86)/cypress/psoc creator/4.4/psoc creator/import/gnu/arm/5.4.1/bin/../lib/gcc/arm-none-eabi/5.4.1/armv6-m\libgcc.a(_muldi3.o)
                              .\CortexM0\ARM_GCC_541\Debug\Dashboard.a(ADC_GLV_V.o) (__aeabi_lmul)
c:/program files (x86)/cypress/psoc creator/4.4/psoc creator/import/gnu/arm/5.4.1/bin/../lib/gcc/arm-none-eabi/5.4.1/armv6-m\libgcc.a(bpabi.o)
[...]
Memory Configuration

Name             Origin             Length             Attributes
rom              0x00000000         0x00020000         xr
ram              0x20000000         0x00004000         xrw
*default*        0x00000000         0xffffffff

Linker script and memory map

LOAD c:/program files (x86)/cypress/psoc creator/4.4/psoc creator/import/gnu/arm/5.4.1/bin/../lib/gcc/arm-none-eabi/5.4.1/armv6-m/crti.o
LOAD c:/program files (x86)/cypress/psoc creator/4.4/psoc creator/import/gnu/arm/5.4.1/bin/../lib/gcc/arm-none-eabi/5.4.1/armv6-m/crtbegin.o
LOAD c:/program files (x86)/cypress/psoc creator/4.4/psoc creator/import/gnu/arm/5.4.1/bin/../lib/gcc/arm-none-eabi/5.4.1/../../../../arm-none-eabi/lib/armv6-m/crt0.o
START GROUP
LOAD .\CortexM0\ARM_GCC_541\Debug\ugui.o
LOAD .\CortexM0\ARM_GCC_541\Debug\ugui_SSD1963.o
LOAD .\CortexM0\ARM_GCC_541\Debug\frucd_display.o
LOAD .\CortexM0\ARM_GCC_541\Debug\main.o
LOAD .\CortexM0\ARM_GCC_541\Debug\can_manga.o
LOAD .\CortexM0\ARM_GCC_541\Debug\cyfitter_cfg.o
LOAD .\CortexM0\ARM_GCC_541\Debug\cymetadata.o
LOAD .\CortexM0\ARM_GCC_541\Debug\Cm0Start.o
LOAD .\CortexM0\ARM_GCC_541\Debug\Dashboard.a
END GROUP
START GROUP
LOAD c:/program files (x86)/cypress/psoc creator/4.4/psoc creator/import/gnu/arm/5.4.1/bin/../lib/gcc/arm-none-eabi/5.4.1/armv6-m\libgcc.a
LOAD c:/program files (x86)/cypress/psoc creator/4.4/psoc creator/import/gnu/arm/5.4.1/bin/../lib/gcc/arm-none-eabi/5.4.1/../../../../arm-none-eabi/lib/armv6-m\libg_nano.a
LOAD c:/program files (x86)/cypress/psoc creator/4.4/psoc creator/import/gnu/arm/5.4.1/bin/../lib/gcc/arm-none-eabi/5.4.1/../../../../arm-none-eabi/lib/armv6-m\libc_nano.a
END GROUP
START GROUP
LOAD c:/program files (x86)/cypress/psoc creator/4.4/psoc creator/import/gnu/arm/5.4.1/bin/../lib/gcc/arm-none-eabi/5.4.1/armv6-m\libgcc.a
LOAD c:/program files (x86)/cypress/psoc creator/4.4/psoc creator/import/gnu/arm/5.4.1/bin/../lib/gcc/arm-none-eabi/5.4.1/../../../../arm-none-eabi/lib/armv6-m\libc_nano.a
END GROUP
LOAD c:/program files (x86)/cypress/psoc creator/4.4/psoc creator/import/gnu/arm/5.4.1/bin/../lib/gcc/arm-none-eabi/5.4.1/armv6-m/crtend.o
LOAD c:/program files (x86)/cypress/psoc creator/4.4/psoc creator/import/gnu/arm/5.4.1/bin/../lib/gcc/arm-none-eabi/5.4.1/armv6-m/crtn.o
START GROUP
LOAD c:/program files (x86)/cypress/psoc creator/4.4/psoc creator/import/gnu/arm/5.4.1/bin/../lib/gcc/arm-none-eabi/5.4.1/armv6-m\libgcc.a
LOAD c:/program files (x86)/cypress/psoc creator/4.4/psoc creator/import/gnu/arm/5.4.1/bin/../lib/gcc/arm-none-eabi/5.4.1/../../../../arm-none-eabi/lib/armv6-m\libc.a
LOAD c:/program files (x86)/cypress/psoc creator/4.4/psoc creator/import/gnu/arm/5.4.1/bin/../lib/gcc/arm-none-eabi/5.4.1/../../../../arm-none-eabi/lib/armv6-m\libnosys.a
END GROUP
                0x00000000                CY_APPL_ORIGIN = 0x0
                0x00000080                CY_FLASH_ROW_SIZE = 0x80
                0x00000001                CY_APPL_NUM = 0x1
                0x00000001                CY_APPL_MAX = 0x1
                0x00000040                CY_METADATA_SIZE = 0x40
                0x00000000                CY_APPL_LOADABLE = 0x0
                0x00000000                CY_CHECKSUM_EXCLUDE_SIZE = ALIGN (0x0, CY_FLASH_ROW_SIZE)
                0x00000000                CY_APP_FOR_STACK_AND_COPIER = 0x0
                [!provide]                PROVIDE (__cy_heap_start, _end)
                0x00000001                PROVIDE (__cy_region_num, ((__cy_regions_end - __cy_regions) / 0x10))
                0x20004000                PROVIDE (__cy_stack, (ORIGIN (ram) + LENGTH (ram)))
                [!provide]                PROVIDE (__cy_heap_end, (__cy_stack - 0x800))

.cybootloader   0x00000000        0x0
 *(.cybootloader)
                0x00000000                appl1_start = CY_APPL_ORIGIN?CY_APPL_ORIGIN:ALIGN (CY_FLASH_ROW_SIZE)
                0x0000ff80                appl2_start = (appl1_start + ALIGN ((((LENGTH (rom) - appl1_start) - (0x2 * CY_FLASH_ROW_SIZE)) / 0x2), CY_FLASH_ROW_SIZE))
                0x00000000                appl_start = (CY_APPL_NUM == 0x1)?appl1_start:appl2_start
                0x00000001                cy_project_type_bootloader = (appl_start == 0x0)?0x1:0x0
                0x00000000                cy_project_type_app_for_stack_and_copier = (CY_APP_FOR_STACK_AND_COPIER == 0x1)?0x1:0x0

.text           0x00000000     0x2eba
 CREATE_OBJECT_SYMBOLS
                0x00000000                PROVIDE (__cy_interrupt_vector, RomVectors)
 *(.romvectors)
 .romvectors    0x00000000       0x10 .\CortexM0\ARM_GCC_541\Debug\Cm0Start.o
                0x00000000                RomVectors
                0x00000001                ASSERT ((. != __cy_interrupt_vector), No interrupt vector)
                0x00000001                ASSERT (CY_APPL_ORIGIN?(SIZEOF (.cybootloader) <= CY_APPL_ORIGIN):0x1, Wrong image location)
                0x00000010                PROVIDE (__cy_reset, Reset)
 *(.text.Reset)
 .text.Reset    0x00000010        0x6 .\CortexM0\ARM_GCC_541\Debug\Cm0Start.o
                0x00000010                Reset
                0x00000001                ASSERT ((. != __cy_reset), No reset code)
 *(.psocinit)
 *fill*         0x00000016        0x2 
 .psocinit      0x00000018      0x2c0 .\CortexM0\ARM_GCC_541\Debug\cyfitter_cfg.o
                0x00000018                cyfitter_cfg
                0x000002d8                . = MAX (., 0x100)
 *(.text .text.* .gnu.linkonce.t.*)
 .text          0x000002d8       0x60 c:/program files (x86)/cypress/psoc creator/4.4/psoc creator/import/gnu/arm/5.4.1/bin/../lib/gcc/arm-none-eabi/5.4.1/armv6-m/crtbegin.o
 .text.UG_Init  0x00000338       0x6c .\CortexM0\ARM_GCC_541\Debug\ugui.o
                0x00000338                UG_Init
 .text.UG_FontSelect
                0x000003a4       0x18 .\CortexM0\ARM_GCC_541\Debug\ugui.o
                0x000003a4                UG_FontSelect
 .text.UG_FillFrame
                0x000003bc       0x6c .\CortexM0\ARM_GCC_541\Debug\ugui.o
                0x000003bc                UG_FillFrame
 .text.UG_FillScreen
                0x00000428       0x24 .\CortexM0\ARM_GCC_541\Debug\ugui.o
                0x00000428                UG_FillScreen
 .text.UG_SetForecolor
                0x0000044c        0xc .\CortexM0\ARM_GCC_541\Debug\ugui.o
                0x0000044c                UG_SetForecolor
 .text.UG_SetBackcolor
                0x00000458        0xc .\CortexM0\ARM_GCC_541\Debug\ugui.o
                0x00000458                UG_SetBackcolor
 .text._UG_PutChar
                0x00000464      0x31c .\CortexM0\ARM_GCC_541\Debug\ugui.o
                0x00000464                _UG_PutChar
 .text.UG_PutChar
                0x00000780       0x18 .\CortexM0\ARM_GCC_541\Debug\ugui.o
                0x00000780                UG_PutChar
 .text.UG_PutString
                0x00000798       0x80 .\CortexM0\ARM_GCC_541\Debug\ugui.o
                0x00000798                UG_PutString
 .text.UG_PutColorString
                0x00000818       0x84 .\CortexM0\ARM_GCC_541\Debug\ugui.o
                0x00000818                UG_PutColorString
 .text.UG_DriverRegister
                0x0000089c       0x1c .\CortexM0\ARM_GCC_541\Debug\ugui.o
                0x0000089c                UG_DriverRegister
 .text.Display_Init
                0x000008b8      0x254 .\CortexM0\ARM_GCC_541\Debug\ugui_SSD1963.o
                0x000008b8                Display_Init
 .text.Display_WindowSet
                0x00000b0c       0x46 .\CortexM0\ARM_GCC_541\Debug\ugui_SSD1963.o
                0x00000b0c                Display_WindowSet
 .text.Display_PSet
                0x00000b52       0x42 .\CortexM0\ARM_GCC_541\Debug\ugui_SSD1963.o
                0x00000b52                Display_PSet
 .text.HW_FillFrame
                0x00000b94       0x7c .\CortexM0\ARM_GCC_541\Debug\ugui_SSD1963.o
                0x00000b94                HW_FillFrame
 .text.HW_DrawLine
                0x00000c10       0x3c .\CortexM0\ARM_GCC_541\Debug\ugui_SSD1963.o
                0x00000c10                HW_DrawLine
 .text.HW_DrawImage
                0x00000c4c       0x58 .\CortexM0\ARM_GCC_541\Debug\ugui_SSD1963.o
                0x00000c4c                HW_DrawImage
 .text.calibrateScreen
                0x00000ca4       0x70 .\CortexM0\ARM_GCC_541\Debug\frucd_display.o
                0x00000ca4                calibrateScreen
 .text.driveTemplate
                0x00000d14       0x38 .\CortexM0\ARM_GCC_541\Debug\frucd_display.o
                0x00000d14                driveTemplate
 .text.disp_SOC
                0x00000d4c      0x16c .\CortexM0\ARM_GCC_541\Debug\frucd_display.o
                0x00000d4c                disp_SOC
 .text.disp_max_pack_temp
                0x00000eb8      0x114 .\CortexM0\ARM_GCC_541\Debug\frucd_display.o
                0x00000eb8                disp_max_pack_temp
 .text.disp_state
                0x00000fcc      0x2b8 .\CortexM0\ARM_GCC_541\Debug\frucd_display.o
                0x00000fcc                disp_state
 .text.LED_color
                0x00001284       0x5a .\CortexM0\ARM_GCC_541\Debug\main.o
                0x00001284                LED_color
 .text.LED_color_wheel
                0x000012de       0x1a .\CortexM0\ARM_GCC_541\Debug\main.o
                0x000012de                LED_color_wheel
 .text.startup.main
                0x000012f8      0x174 .\CortexM0\ARM_GCC_541\Debug\main.o
                0x000012f8                main
 .text.can_send
                0x0000146c       0x2e .\CortexM0\ARM_GCC_541\Debug\can_manga.o
                0x0000146c                can_send
 *fill*         0x0000149a        0x2 
 .text.can_send_switches
                0x0000149c       0x1c .\CortexM0\ARM_GCC_541\Debug\can_manga.o
                0x0000149c                can_send_switches
 .text.can_send_cmd
                0x000014b8       0x2c .\CortexM0\ARM_GCC_541\Debug\can_manga.o
                0x000014b8                can_send_cmd
 .text.SetAnalogRoutingPumps
                0x000014e4       0x1c .\CortexM0\ARM_GCC_541\Debug\cyfitter_cfg.o
                0x000014e4                SetAnalogRoutingPumps
 .text.IntDefaultHandler
                0x00001500       0x10 .\CortexM0\ARM_GCC_541\Debug\Cm0Start.o
                0x00001500                IntDefaultHandler
 .text._sbrk    0x00001510       0x2c .\CortexM0\ARM_GCC_541\Debug\Cm0Start.o
                0x00001510                _sbrk
 .text.Start_c  0x0000153c       0x4c .\CortexM0\ARM_GCC_541\Debug\Cm0Start.o
                0x0000153c                Start_c
 .text.startup.initialize_psoc
                0x00001588       0x48 .\CortexM0\ARM_GCC_541\Debug\Cm0Start.o
                0x00001588                initialize_psoc
 .text.RGB1_1_Write
                0x000015d0       0x18 .\CortexM0\ARM_GCC_541\Debug\Dashboard.a(RGB1_1.o)
                0x000015d0                RGB1_1_Write
 .text.RGB2_1_Write
                0x000015e8       0x18 .\CortexM0\ARM_GCC_541\Debug\Dashboard.a(RGB2_1.o)
                0x000015e8                RGB2_1_Write
 .text.RGB3_1_Write
                0x00001600       0x18 .\CortexM0\ARM_GCC_541\Debug\Dashboard.a(RGB3_1.o)
                0x00001600                RGB3_1_Write
 .text.CySysClkImoDisableWcoLock
                0x00001618       0x50 .\CortexM0\ARM_GCC_541\Debug\Dashboard.a(CyLib.o)
                0x00001618                CySysClkImoDisableWcoLock
 .text.CySysClkImoGetWcoLock
                0x00001668       0x10 .\CortexM0\ARM_GCC_541\Debug\Dashboard.a(CyLib.o)
                0x00001668                CySysClkImoGetWcoLock
 .text.CyIntSetVector
                0x00001678       0x18 .\CortexM0\ARM_GCC_541\Debug\Dashboard.a(CyLib.o)
                0x00001678                CyIntSetVector
 .text.CyIntSetPriority
                0x00001690       0x40 .\CortexM0\ARM_GCC_541\Debug\Dashboard.a(CyLib.o)
                0x00001690                CyIntSetPriority
 .text.CyIntEnable
                0x000016d0       0x14 .\CortexM0\ARM_GCC_541\Debug\Dashboard.a(CyLib.o)
                0x000016d0                CyIntEnable
 .text.CyIntDisable
                0x000016e4       0x14 .\CortexM0\ARM_GCC_541\Debug\Dashboard.a(CyLib.o)
                0x000016e4                CyIntDisable
 .text.CyHalt   0x000016f8        0x4 .\CortexM0\ARM_GCC_541\Debug\Dashboard.a(CyLib.o)
                0x000016f8                CyHalt
 .text.CyDelay  0x000016fc       0x2c .\CortexM0\ARM_GCC_541\Debug\Dashboard.a(CyLib.o)
                0x000016fc                CyDelay
 .text.CySysClkImoEnableWcoLock
                0x00001728       0xe4 .\CortexM0\ARM_GCC_541\Debug\Dashboard.a(CyLib.o)
                0x00001728                CySysClkImoEnableWcoLock
 .text.CySysClkWriteImoFreq
                0x0000180c       0x80 .\CortexM0\ARM_GCC_541\Debug\Dashboard.a(CyLib.o)
                0x0000180c                CySysClkWriteImoFreq
 .text.CyDelayUs
                0x0000188c       0x14 .\CortexM0\ARM_GCC_541\Debug\Dashboard.a(CyLib.o)
                0x0000188c                CyDelayUs
 .text.CySysClkWcoEnabled
                0x000018a0        0xc .\CortexM0\ARM_GCC_541\Debug\Dashboard.a(CyLFClk.o)
                0x000018a0                CySysClkWcoEnabled
 .text.CySysWdtLock
                0x000018ac       0x1c .\CortexM0\ARM_GCC_541\Debug\Dashboard.a(CyLFClk.o)
                0x000018ac                CySysWdtLock
 .text.CySysWdtUnlock
                0x000018c8       0x30 .\CortexM0\ARM_GCC_541\Debug\Dashboard.a(CyLFClk.o)
                0x000018c8                CySysWdtUnlock
 .text.CySysWdtClearInterrupt
                0x000018f8       0x54 .\CortexM0\ARM_GCC_541\Debug\Dashboard.a(CyLFClk.o)
                0x000018f8                CySysWdtClearInterrupt
 .text.CySysWdtIsr
                0x0000194c       0xa0 .\CortexM0\ARM_GCC_541\Debug\Dashboard.a(CyLFClk.o)
                0x0000194c                CySysWdtIsr
 .text.Buzzer_Write
                0x000019ec       0x18 .\CortexM0\ARM_GCC_541\Debug\Dashboard.a(Buzzer.o)
                0x000019ec                Buzzer_Write
 .text.D_RST_Write
                0x00001a04       0x18 .\CortexM0\ARM_GCC_541\Debug\Dashboard.a(D_RST.o)
                0x00001a04                D_RST_Write
 .text.D_BL_Write
                0x00001a1c       0x18 .\CortexM0\ARM_GCC_541\Debug\Dashboard.a(D_BL.o)
                0x00001a1c                D_BL_Write
 .text.GraphicLCDIntf_Init
                0x00001a34       0x18 .\CortexM0\ARM_GCC_541\Debug\Dashboard.a(GraphicLCDIntf.o)
                0x00001a34                GraphicLCDIntf_Init
 .text.GraphicLCDIntf_Start
                0x00001a4c       0x18 .\CortexM0\ARM_GCC_541\Debug\Dashboard.a(GraphicLCDIntf.o)
                0x00001a4c                GraphicLCDIntf_Start
 .text.GraphicLCDIntf_Write8
                0x00001a64       0x24 .\CortexM0\ARM_GCC_541\Debug\Dashboard.a(GraphicLCDIntf.o)
                0x00001a64                GraphicLCDIntf_Write8
 .text.GraphicLCDIntf_WriteM8
                0x00001a88       0x34 .\CortexM0\ARM_GCC_541\Debug\Dashboard.a(GraphicLCDIntf.o)
                0x00001a88                GraphicLCDIntf_WriteM8
 .text.CAN_Stop
                0x00001abc       0x30 .\CortexM0\ARM_GCC_541\Debug\Dashboard.a(CAN.o)
                0x00001abc                CAN_Stop
 .text.CAN_GlobalIntEnable
                0x00001aec       0x14 .\CortexM0\ARM_GCC_541\Debug\Dashboard.a(CAN.o)
                0x00001aec                CAN_GlobalIntEnable
 .text.CAN_Enable
                0x00001b00       0x40 .\CortexM0\ARM_GCC_541\Debug\Dashboard.a(CAN.o)
                0x00001b00                CAN_Enable
 .text.CAN_SetTsegSample
                0x00001b40       0x80 .\CortexM0\ARM_GCC_541\Debug\Dashboard.a(CAN.o)
                0x00001b40                CAN_SetTsegSample
 .text.CAN_SetIrqMask
                0x00001bc0       0x18 .\CortexM0\ARM_GCC_541\Debug\Dashboard.a(CAN.o)
                0x00001bc0                CAN_SetIrqMask
 .text.CAN_RxBufConfig
                0x00001bd8       0x90 .\CortexM0\ARM_GCC_541\Debug\Dashboard.a(CAN.o)
                0x00001bd8                CAN_RxBufConfig
 .text.CAN_TxBufConfig
                0x00001c68       0x58 .\CortexM0\ARM_GCC_541\Debug\Dashboard.a(CAN.o)
                0x00001c68                CAN_TxBufConfig
 .text.CAN_RxTxBuffersConfig
                0x00001cc0       0x38 .\CortexM0\ARM_GCC_541\Debug\Dashboard.a(CAN.o)
                0x00001cc0                CAN_RxTxBuffersConfig
 .text.CAN_Init
                0x00001cf8       0xf0 .\CortexM0\ARM_GCC_541\Debug\Dashboard.a(CAN.o)
                0x00001cf8                CAN_Init
 .text.CAN_Start
                0x00001de8       0x24 .\CortexM0\ARM_GCC_541\Debug\Dashboard.a(CAN.o)
                0x00001de8                CAN_Start
 .text.CAN_BusOffIsr
                0x00001e0c       0x14 .\CortexM0\ARM_GCC_541\Debug\Dashboard.a(CAN_INT.o)
                0x00001e0c                CAN_BusOffIsr
 .text.CAN_MsgRXIsr
                0x00001e20       0x44 .\CortexM0\ARM_GCC_541\Debug\Dashboard.a(CAN_INT.o)
                0x00001e20                CAN_MsgRXIsr
 .text.CAN_ISR  0x00001e64       0x20 .\CortexM0\ARM_GCC_541\Debug\Dashboard.a(CAN_INT.o)
                0x00001e64                CAN_ISR
 .text.CAN_SendMsg
                0x00001e84      0x100 .\CortexM0\ARM_GCC_541\Debug\Dashboard.a(CAN_TX_RX_func.o)
                0x00001e84                CAN_SendMsg
 .text.CAN_SendMsgDRIVER_SWITCHES
                0x00001f84       0x18 .\CortexM0\ARM_GCC_541\Debug\Dashboard.a(CAN_TX_RX_func.o)
                0x00001f84                CAN_SendMsgDRIVER_SWITCHES
 .text.CAN_ReceiveMsg
                0x00001f9c       0x1c .\CortexM0\ARM_GCC_541\Debug\Dashboard.a(CAN_TX_RX_func.o)
                0x00001f9c                CAN_ReceiveMsg
 .text.IMD_LED_Write
                0x00001fb8       0x18 .\CortexM0\ARM_GCC_541\Debug\Dashboard.a(IMD_LED.o)
                0x00001fb8                IMD_LED_Write
 .text.BMS_LED_Write
                0x00001fd0       0x18 .\CortexM0\ARM_GCC_541\Debug\Dashboard.a(BMS_LED.o)
                0x00001fd0                BMS_LED_Write
 .text.ADC_GLV_V_Init
                0x00001fe8      0x100 .\CortexM0\ARM_GCC_541\Debug\Dashboard.a(ADC_GLV_V.o)
                0x00001fe8                ADC_GLV_V_Init
 .text.ADC_GLV_V_Enable
                0x000020e8       0x2c .\CortexM0\ARM_GCC_541\Debug\Dashboard.a(ADC_GLV_V.o)
                0x000020e8                ADC_GLV_V_Enable
 .text.ADC_GLV_V_Start
                0x00002114       0x1c .\CortexM0\ARM_GCC_541\Debug\Dashboard.a(ADC_GLV_V.o)
                0x00002114                ADC_GLV_V_Start
 .text.ADC_GLV_V_GetResult16
                0x00002130       0x24 .\CortexM0\ARM_GCC_541\Debug\Dashboard.a(ADC_GLV_V.o)
                0x00002130                ADC_GLV_V_GetResult16
 .text.ADC_GLV_V_CountsTo_mVolts
                0x00002154       0x4c .\CortexM0\ARM_GCC_541\Debug\Dashboard.a(ADC_GLV_V.o)
                0x00002154                ADC_GLV_V_CountsTo_mVolts
 .text.ADC_GLV_V_ISR
                0x000021a0        0xc .\CortexM0\ARM_GCC_541\Debug\Dashboard.a(ADC_GLV_V_INT.o)
                0x000021a0                ADC_GLV_V_ISR
 .text.HV_Read  0x000021ac       0x10 .\CortexM0\ARM_GCC_541\Debug\Dashboard.a(HV.o)
                0x000021ac                HV_Read
 .text.Drive_Read
                0x000021bc       0x10 .\CortexM0\ARM_GCC_541\Debug\Dashboard.a(Drive.o)
                0x000021bc                Drive_Read
 .text.ReadyToDrive_Timer_Enable
                0x000021cc       0x10 .\CortexM0\ARM_GCC_541\Debug\Dashboard.a(ReadyToDrive_Timer.o)
                0x000021cc                ReadyToDrive_Timer_Enable
 .text.ReadyToDrive_Timer_ClearFIFO
                0x000021dc       0x1c .\CortexM0\ARM_GCC_541\Debug\Dashboard.a(ReadyToDrive_Timer.o)
                0x000021dc                ReadyToDrive_Timer_ClearFIFO
 .text.ReadyToDrive_Timer_Init
                0x000021f8       0x3c .\CortexM0\ARM_GCC_541\Debug\Dashboard.a(ReadyToDrive_Timer.o)
                0x000021f8                ReadyToDrive_Timer_Init
 .text.ReadyToDrive_Int_Interrupt
                0x00002234        0x2 .\CortexM0\ARM_GCC_541\Debug\Dashboard.a(ReadyToDrive_Int.o)
                0x00002234                ReadyToDrive_Int_Interrupt
 *fill*         0x00002236        0x2 
 .text.ReadyToDrive_Int_SetPriority
                0x00002238       0x20 .\CortexM0\ARM_GCC_541\Debug\Dashboard.a(ReadyToDrive_Int.o)
                0x00002238                ReadyToDrive_Int_SetPriority
 .text.ReadyToDrive_Int_Start
                0x00002258       0x2c .\CortexM0\ARM_GCC_541\Debug\Dashboard.a(ReadyToDrive_Int.o)
                0x00002258                ReadyToDrive_Int_Start
 *fill*         0x00002284        0x4 
 .text          0x00002288       0x20 .\CortexM0\ARM_GCC_541\Debug\Dashboard.a(CyBootAsmGnu.o)
                0x00002288                CyDelayCycles
                0x0000229a                CyEnterCriticalSection
                0x000022a2                CyExitCriticalSection
 .text.CySysFlashSetWaitCycles
                0x000022a8       0x50 .\CortexM0\ARM_GCC_541\Debug\Dashboard.a(CyFlash.o)
                0x000022a8                CySysFlashSetWaitCycles
 .text          0x000022f8       0x14 c:/program files (x86)/cypress/psoc creator/4.4/psoc creator/import/gnu/arm/5.4.1/bin/../lib/gcc/arm-none-eabi/5.4.1/armv6-m\libgcc.a(_thumb1_case_uqi.o)
                0x000022f8                __gnu_thumb1_case_uqi
 .text          0x0000230c      0x114 c:/program files (x86)/cypress/psoc creator/4.4/psoc creator/import/gnu/arm/5.4.1/bin/../lib/gcc/arm-none-eabi/5.4.1/armv6-m\libgcc.a(_udivsi3.o)
                0x0000230c                __aeabi_uidiv
                0x0000230c                __udivsi3
                0x00002418                __aeabi_uidivmod
 .text          0x00002420      0x1d4 c:/program files (x86)/cypress/psoc creator/4.4/psoc creator/import/gnu/arm/5.4.1/bin/../lib/gcc/arm-none-eabi/5.4.1/armv6-m\libgcc.a(_divsi3.o)
                0x00002420                __divsi3
                0x00002420                __aeabi_idiv
                0x000025ec                __aeabi_idivmod
 .text          0x000025f4        0x4 c:/program files (x86)/cypress/psoc creator/4.4/psoc creator/import/gnu/arm/5.4.1/bin/../lib/gcc/arm-none-eabi/5.4.1/armv6-m\libgcc.a(_dvmd_tls.o)
                0x000025f4                __aeabi_idiv0
                0x000025f4                __aeabi_ldiv0
 .text.__errno  0x000025f8        0xc c:/program files (x86)/cypress/psoc creator/4.4/psoc creator/import/gnu/arm/5.4.1/bin/../lib/gcc/arm-none-eabi/5.4.1/../../../../arm-none-eabi/lib/armv6-m\libg_nano.a(lib_a-errno.o)
                0x000025f8                __errno
 .text.__libc_init_array
                0x00002604       0x4c c:/program files (x86)/cypress/psoc creator/4.4/psoc creator/import/gnu/arm/5.4.1/bin/../lib/gcc/arm-none-eabi/5.4.1/../../../../arm-none-eabi/lib/armv6-m\libg_nano.a(lib_a-init.o)
                0x00002604                __libc_init_array
 .text.memcpy   0x00002650       0x12 c:/program files (x86)/cypress/psoc creator/4.4/psoc creator/import/gnu/arm/5.4.1/bin/../lib/gcc/arm-none-eabi/5.4.1/../../../../arm-none-eabi/lib/armv6-m\libg_nano.a(lib_a-memcpy-stub.o)
                0x00002650                memcpy
 .text.memset   0x00002662       0x10 c:/program files (x86)/cypress/psoc creator/4.4/psoc creator/import/gnu/arm/5.4.1/bin/../lib/gcc/arm-none-eabi/5.4.1/../../../../arm-none-eabi/lib/armv6-m\libg_nano.a(lib_a-memset.o)
                0x00002662                memset
 *fill*         0x00002672        0x2 
 .text.sprintf  0x00002674       0x44 c:/program files (x86)/cypress/psoc creator/4.4/psoc creator/import/gnu/arm/5.4.1/bin/../lib/gcc/arm-none-eabi/5.4.1/../../../../arm-none-eabi/lib/armv6-m\libg_nano.a(lib_a-sprintf.o)
                0x00002674                siprintf
                0x00002674                sprintf
 .text.__ssputs_r
                0x000026b8       0xc4 c:/program files (x86)/cypress/psoc creator/4.4/psoc creator/import/gnu/arm/5.4.1/bin/../lib/gcc/arm-none-eabi/5.4.1/../../../../arm-none-eabi/lib/armv6-m\libg_nano.a(lib_a-nano-svfprintf.o)
                0x000026b8                __ssputs_r
 .text._svfprintf_r
                0x0000277c      0x1fc c:/program files (x86)/cypress/psoc creator/4.4/psoc creator/import/gnu/arm/5.4.1/bin/../lib/gcc/arm-none-eabi/5.4.1/../../../../arm-none-eabi/lib/armv6-m\libg_nano.a(lib_a-nano-svfprintf.o)
                0x0000277c                _svfiprintf_r
                0x0000277c                _svfprintf_r
 .text._printf_common
                0x00002978       0xdc c:/program files (x86)/cypress/psoc creator/4.4/psoc creator/import/gnu/arm/5.4.1/bin/../lib/gcc/arm-none-eabi/5.4.1/../../../../arm-none-eabi/lib/armv6-m\libg_nano.a(lib_a-nano-vfprintf_i.o)
                0x00002978                _printf_common
 .text._printf_i
                0x00002a54      0x244 c:/program files (x86)/cypress/psoc creator/4.4/psoc creator/import/gnu/arm/5.4.1/bin/../lib/gcc/arm-none-eabi/5.4.1/../../../../arm-none-eabi/lib/armv6-m\libg_nano.a(lib_a-nano-vfprintf_i.o)
                0x00002a54                _printf_i
 .text.memchr   0x00002c98       0x16 c:/program files (x86)/cypress/psoc creator/4.4/psoc creator/import/gnu/arm/5.4.1/bin/../lib/gcc/arm-none-eabi/5.4.1/../../../../arm-none-eabi/lib/armv6-m\libg_nano.a(lib_a-memchr-stub.o)
                0x00002c98                memchr
 .text.memmove  0x00002cae       0x2a c:/program files (x86)/cypress/psoc creator/4.4/psoc creator/import/gnu/arm/5.4.1/bin/../lib/gcc/arm-none-eabi/5.4.1/../../../../arm-none-eabi/lib/armv6-m\libg_nano.a(lib_a-memmove.o)
                0x00002cae                memmove
 .text._free_r  0x00002cd8       0x98 c:/program files (x86)/cypress/psoc creator/4.4/psoc creator/import/gnu/arm/5.4.1/bin/../lib/gcc/arm-none-eabi/5.4.1/../../../../arm-none-eabi/lib/armv6-m\libg_nano.a(lib_a-nano-freer.o)
                0x00002cd8                _free_r
 .text._malloc_r
                0x00002d70       0xc0 c:/program files (x86)/cypress/psoc creator/4.4/psoc creator/import/gnu/arm/5.4.1/bin/../lib/gcc/arm-none-eabi/5.4.1/../../../../arm-none-eabi/lib/armv6-m\libg_nano.a(lib_a-nano-mallocr.o)
                0x00002d70                _malloc_r
 .text._realloc_r
                0x00002e30       0x4c c:/program files (x86)/cypress/psoc creator/4.4/psoc creator/import/gnu/arm/5.4.1/bin/../lib/gcc/arm-none-eabi/5.4.1/../../../../arm-none-eabi/lib/armv6-m\libg_nano.a(lib_a-nano-reallocr.o)
                0x00002e30                _realloc_r
 .text._sbrk_r  0x00002e7c       0x24 c:/program files (x86)/cypress/psoc creator/4.4/psoc creator/import/gnu/arm/5.4.1/bin/../lib/gcc/arm-none-eabi/5.4.1/../../../../arm-none-eabi/lib/armv6-m\libg_nano.a(lib_a-sbrkr.o)
                0x00002e7c                _sbrk_r
 .text.__malloc_lock
                0x00002ea0        0x2 c:/program files (x86)/cypress/psoc creator/4.4/psoc creator/import/gnu/arm/5.4.1/bin/../lib/gcc/arm-none-eabi/5.4.1/../../../../arm-none-eabi/lib/armv6-m\libg_nano.a(lib_a-mlock.o)
                0x00002ea0                __malloc_lock
 .text.__malloc_unlock
                0x00002ea2        0x2 c:/program files (x86)/cypress/psoc creator/4.4/psoc creator/import/gnu/arm/5.4.1/bin/../lib/gcc/arm-none-eabi/5.4.1/../../../../arm-none-eabi/lib/armv6-m\libg_nano.a(lib_a-mlock.o)
                0x00002ea2                __malloc_unlock
 .text._malloc_usable_size_r
                0x00002ea4       0x16 c:/program files (x86)/cypress/psoc creator/4.4/psoc creator/import/gnu/arm/5.4.1/bin/../lib/gcc/arm-none-eabi/5.4.1/../../../../arm-none-eabi/lib/armv6-m\libg_nano.a(lib_a-nano-msizer.o)
                0x00002ea4                _malloc_usable_size_r
 *(.plt)
 *(.gnu.warning)
 *(.glue_7t)
 .glue_7t       0x00002eba        0x0 linker stubs
 *(.glue_7)
 .glue_7        0x00002eba        0x0 linker stubs
 *(.vfp11_veneer)
 .vfp11_veneer  0x00002eba        0x0 linker stubs
 *(.bootloader)
 *(.ARM.extab* .gnu.linkonce.armextab.*)
 *(.gcc_except_table)

.v4_bx          0x00002ebc        0x0
 .v4_bx         0x00002ebc        0x0 linker stubs

.iplt           0x00002ebc        0x0
 .iplt          0x00002ebc        0x0 c:/program files (x86)/cypress/psoc creator/4.4/psoc creator/import/gnu/arm/5.4.1/bin/../lib/gcc/arm-none-eabi/5.4.1/armv6-m/crtbegin.o

.eh_frame_hdr
 *(.eh_frame_hdr)

.eh_frame       0x00002ebc        0x4
 *(.eh_frame)
 .eh_frame      0x00002ebc        0x0 c:/program files (x86)/cypress/psoc creator/4.4/psoc creator/import/gnu/arm/5.4.1/bin/../lib/gcc/arm-none-eabi/5.4.1/armv6-m/crtbegin.o
 .eh_frame      0x00002ebc        0x4 c:/program files (x86)/cypress/psoc creator/4.4/psoc creator/import/gnu/arm/5.4.1/bin/../lib/gcc/arm-none-eabi/5.4.1/armv6-m/crtend.o
                [!provide]                PROVIDE (__exidx_start, .)

.ARM.exidx
 *(.ARM.exidx* .gnu.linkonce.armexidx.*)
                0x00002ec0                __exidx_end = .

.rodata         0x00002ec0    0x1c7a0
 *(.rodata .rodata.* .gnu.linkonce.r.*)
 .rodata        0x00002ec0    0x1c190 .\CortexM0\ARM_GCC_541\Debug\ugui.o
                0x00002ec0                pal_button_pressed
                0x00002ef0                pal_button_released
                0x00002f20                pal_checkbox_pressed
                0x00002f50                pal_checkbox_released
                0x00002f80                pal_window
                0x00002fb0                FONT_32X53
                0x00002fc4                FONT_22X36
                0x00002fd8                FONT_16X26
                0x00002fec                FONT_12X16
                0x00003000                FONT_8X14
                0x00003014                FONT_8X12
                0x00003028                FONT_6X10
                0x0000303c                FONT_5X8
                0x00003050                font_32x53
                0x00010450                font_22x36
                0x00017050                font_16x26
                0x0001a450                font_12x16
                0x0001c450                font_8x14
                0x0001d250                font_8x12
                0x0001de50                font_6x10
                0x0001e850                font_5x8
 .rodata.str1.1
                0x0001f050       0xbd .\CortexM0\ARM_GCC_541\Debug\frucd_display.o
 *fill*         0x0001f10d        0x3 
 .rodata        0x0001f110      0x354 .\CortexM0\ARM_GCC_541\Debug\cyfitter_cfg.o
 .rodata        0x0001f464       0x2e .\CortexM0\ARM_GCC_541\Debug\Dashboard.a(CyLib.o)
                0x0001f464                cyImoFreqMhz2Reg
 *fill*         0x0001f492        0x2 
 .rodata        0x0001f494      0x160 .\CortexM0\ARM_GCC_541\Debug\Dashboard.a(CAN.o)
 .rodata.str1.1
                0x0001f5f4       0xbd c:/program files (x86)/cypress/psoc creator/4.4/psoc creator/import/gnu/arm/5.4.1/bin/../lib/gcc/arm-none-eabi/5.4.1/../../../../arm-none-eabi/lib/armv6-m\libg_nano.a(lib_a-impure.o)
                                  0x2 (size before relaxing)
 .rodata.str1.1
                0x0001f5f4       0x11 c:/program files (x86)/cypress/psoc creator/4.4/psoc creator/import/gnu/arm/5.4.1/bin/../lib/gcc/arm-none-eabi/5.4.1/../../../../arm-none-eabi/lib/armv6-m\libg_nano.a(lib_a-nano-svfprintf.o)
 .rodata.str1.1
                0x0001f605       0x22 c:/program files (x86)/cypress/psoc creator/4.4/psoc creator/import/gnu/arm/5.4.1/bin/../lib/gcc/arm-none-eabi/5.4.1/../../../../arm-none-eabi/lib/armv6-m\libg_nano.a(lib_a-nano-vfprintf_i.o)
                0x0001f6b4                . = ALIGN (0x4)
 *fill*         0x0001f627        0x1 
 *(.init)
 .init          0x0001f628        0x4 c:/program files (x86)/cypress/psoc creator/4.4/psoc creator/import/gnu/arm/5.4.1/bin/../lib/gcc/arm-none-eabi/5.4.1/armv6-m/crti.o
                0x0001f628                _init
 .init          0x0001f62c        0x8 c:/program files (x86)/cypress/psoc creator/4.4/psoc creator/import/gnu/arm/5.4.1/bin/../lib/gcc/arm-none-eabi/5.4.1/armv6-m/crtn.o
                0x0001f634                . = ALIGN (0x4)
                0x0001f634                __preinit_array_start = .
 *(.preinit_array)
                0x0001f634                __preinit_array_end = .
                0x0001f634                . = ALIGN (0x4)
                0x0001f634                __init_array_start = .
 *(SORT(.init_array.*))
 *(.init_array)
 .init_array    0x0001f634        0x4 c:/program files (x86)/cypress/psoc creator/4.4/psoc creator/import/gnu/arm/5.4.1/bin/../lib/gcc/arm-none-eabi/5.4.1/armv6-m/crtbegin.o
 .init_array    0x0001f638        0x4 .\CortexM0\ARM_GCC_541\Debug\Cm0Start.o
                0x0001f63c                __init_array_end = .
                0x0001f63c                . = ALIGN (0x4)
 *(.fini)
 .fini          0x0001f63c        0x4 c:/program files (x86)/cypress/psoc creator/4.4/psoc creator/import/gnu/arm/5.4.1/bin/../lib/gcc/arm-none-eabi/5.4.1/armv6-m/crti.o
                0x0001f63c                _fini
 .fini          0x0001f640        0x8 c:/program files (x86)/cypress/psoc creator/4.4/psoc creator/import/gnu/arm/5.4.1/bin/../lib/gcc/arm-none-eabi/5.4.1/armv6-m/crtn.o
                0x0001f648                . = ALIGN (0x4)
                0x0001f648                __fini_array_start = .
 *(.fini_array)
 .fini_array    0x0001f648        0x4 c:/program files (x86)/cypress/psoc creator/4.4/psoc creator/import/gnu/arm/5.4.1/bin/../lib/gcc/arm-none-eabi/5.4.1/armv6-m/crtbegin.o
 *(SORT(.fini_array.*))
                0x0001f64c                __fini_array_end = .
                0x0001f64c                . = ALIGN (0x4)
 *crtbegin.o(.ctors)
 *(EXCLUDE_FILE(*crtend.o) .ctors)
 *(SORT(.ctors.*))
 *crtend.o(.ctors)
                0x0001f64c                . = ALIGN (0x4)
 *crtbegin.o(.dtors)
 *(EXCLUDE_FILE(*crtend.o) .dtors)
 *(SORT(.dtors.*))
 *crtend.o(.dtors)
                0x0001f64c                . = ALIGN (0x4)
                0x0001f64c                __cy_regions = .
                0x0001f64c        0x4 LONG 0x1f660 __cy_region_init_ram
                0x0001f650        0x4 LONG 0x200000c0 __cy_region_start_data
                0x0001f654        0x4 LONG 0x90 __cy_region_init_size_ram
                0x0001f658        0x4 LONG 0x130 __cy_region_zero_size_ram
                0x0001f65c                __cy_regions_end = .
                0x0001f660                . = ALIGN (0x8)
 *fill*         0x0001f65c        0x4 
                0x0001f660                _etext = .

.cy_checksum_exclude
                0x0001f660        0x0
 *(.cy_checksum_exclude)

.ramvectors     0x20000000       0xc0
                0x20000000                __cy_region_start_ram = .
 *(.ramvectors)
 .ramvectors    0x20000000       0xc0 .\CortexM0\ARM_GCC_541\Debug\Cm0Start.o
                0x20000000                CyRamVectors

.noinit
 *(.noinit)

.data           0x200000c0       0x90 load address 0x0001f660
                0x200000c0                __cy_region_start_data = .
 *(.jcr)
 .jcr           0x200000c0        0x0 c:/program files (x86)/cypress/psoc creator/4.4/psoc creator/import/gnu/arm/5.4.1/bin/../lib/gcc/arm-none-eabi/5.4.1/armv6-m/crtbegin.o
 .jcr           0x200000c0        0x4 c:/program files (x86)/cypress/psoc creator/4.4/psoc creator/import/gnu/arm/5.4.1/bin/../lib/gcc/arm-none-eabi/5.4.1/armv6-m/crtend.o
 *(.got.plt)
 *(.got)
 *(.shdata)
 *(.data .data.* .gnu.linkonce.d.*)
 .data          0x200000c4        0x8 .\CortexM0\ARM_GCC_541\Debug\main.o
                0x200000c4                BIG_FONT
                0x200000c8                previous_state
 .data          0x200000cc        0x4 .\CortexM0\ARM_GCC_541\Debug\Cm0Start.o
 .data          0x200000d0       0x14 .\CortexM0\ARM_GCC_541\Debug\Dashboard.a(CyLib.o)
                0x200000d0                CySysClkPumpConfig
                0x200000d4                cydelay32kMs
                0x200000d8                cydelayFreqKhz
                0x200000dc                cydelayFreqMhz
                0x200000e0                cydelayFreqHz
 .data          0x200000e4        0x8 .\CortexM0\ARM_GCC_541\Debug\Dashboard.a(CyLFClk.o)
 .data.impure_data
                0x200000ec       0x60 c:/program files (x86)/cypress/psoc creator/4.4/psoc creator/import/gnu/arm/5.4.1/bin/../lib/gcc/arm-none-eabi/5.4.1/../../../../arm-none-eabi/lib/armv6-m\libg_nano.a(lib_a-impure.o)
 .data._impure_ptr
                0x2000014c        0x4 c:/program files (x86)/cypress/psoc creator/4.4/psoc creator/import/gnu/arm/5.4.1/bin/../lib/gcc/arm-none-eabi/5.4.1/../../../../arm-none-eabi/lib/armv6-m\libg_nano.a(lib_a-impure.o)
                0x2000014c                _impure_ptr
                0x20000150                . = ALIGN (0x8)
 *(.ram)
                0x20000150                _edata = .

.igot.plt       0x20000150        0x0 load address 0x0001f6f0
 .igot.plt      0x20000150        0x0 c:/program files (x86)/cypress/psoc creator/4.4/psoc creator/import/gnu/arm/5.4.1/bin/../lib/gcc/arm-none-eabi/5.4.1/armv6-m/crtbegin.o

.bss            0x20000150      0x130 load address 0x0001f6f0
                0x20000150                PROVIDE (__bss_start__, .)
 *(.shbss)
 *(.bss .bss.* .gnu.linkonce.b.*)
 .bss           0x20000150       0x1c c:/program files (x86)/cypress/psoc creator/4.4/psoc creator/import/gnu/arm/5.4.1/bin/../lib/gcc/arm-none-eabi/5.4.1/armv6-m/crtbegin.o
 .bss           0x2000016c        0xc .\CortexM0\ARM_GCC_541\Debug\ugui.o
 .bss           0x20000178       0x32 .\CortexM0\ARM_GCC_541\Debug\main.o
                0x20000178                BSPD_CATCH
                0x20000179                SMALL_FONT
                0x2000017c                pedalOK
                0x20000180                state
                0x20000182                bms_status
                0x20000184                switches
                0x20000185                shutdown_flags
                0x20000186                soc
                0x20000187                PACK_TEMP
                0x20000188                motor_temp
                0x2000018a                mc_temp
                0x2000018c                fault
                0x20000190                firstDrive
                0x20000194                firstHV
                0x20000198                firstLV
                0x2000019c                firstStart
                0x200001a0                curr_voltage
                0x200001a2                charge
                0x200001a4                voltage
                0x200001a8                CURRENT
 *fill*         0x200001aa        0x2 
 .bss           0x200001ac       0x28 .\CortexM0\ARM_GCC_541\Debug\Dashboard.a(CyLFClk.o)
 .bss           0x200001d4        0x1 .\CortexM0\ARM_GCC_541\Debug\Dashboard.a(GraphicLCDIntf.o)
                0x200001d4                GraphicLCDIntf_initVar
 .bss           0x200001d5        0x1 .\CortexM0\ARM_GCC_541\Debug\Dashboard.a(CAN.o)
                0x200001d5                CAN_initVar
 .bss           0x200001d6        0x1 .\CortexM0\ARM_GCC_541\Debug\Dashboard.a(ADC_GLV_V.o)
                0x200001d6                ADC_GLV_V_initVar
 *fill*         0x200001d7        0x1 
 .bss.__malloc_sbrk_start
                0x200001d8        0x4 c:/program files (x86)/cypress/psoc creator/4.4/psoc creator/import/gnu/arm/5.4.1/bin/../lib/gcc/arm-none-eabi/5.4.1/../../../../arm-none-eabi/lib/armv6-m\libg_nano.a(lib_a-nano-mallocr.o)
                0x200001d8                __malloc_sbrk_start
 .bss.__malloc_free_list
                0x200001dc        0x4 c:/program files (x86)/cypress/psoc creator/4.4/psoc creator/import/gnu/arm/5.4.1/bin/../lib/gcc/arm-none-eabi/5.4.1/../../../../arm-none-eabi/lib/armv6-m\libg_nano.a(lib_a-nano-mallocr.o)
                0x200001dc                __malloc_free_list
 *(COMMON)
 COMMON         0x200001e0       0x78 .\CortexM0\ARM_GCC_541\Debug\ugui_SSD1963.o
                0x200001e0                gui1963
 COMMON         0x20000258       0x18 .\CortexM0\ARM_GCC_541\Debug\frucd_display.o
                0x20000258                last_glv_v_color
                0x2000025c                last_SOC_color
                0x20000260                last_mc_temp_color
                0x20000264                last_state_color
                0x20000268                last_motor_temp_color
                0x2000026c                last_max_pack_temp_color
 COMMON         0x20000270        0xc .\CortexM0\ARM_GCC_541\Debug\Dashboard.a(ADC_GLV_V.o)
                0x20000270                ADC_GLV_V_offset
                0x20000274                ADC_GLV_V_countsPer10Volt
 COMMON         0x2000027c        0x4 c:/program files (x86)/cypress/psoc creator/4.4/psoc creator/import/gnu/arm/5.4.1/bin/../lib/gcc/arm-none-eabi/5.4.1/../../../../arm-none-eabi/lib/armv6-m\libg_nano.a(lib_a-reent.o)
                0x2000027c                errno
                0x20000280                . = ALIGN (0x8)
 *(.ram.b)
                0x20000280                _end = .
                0x20000280                __end = .
                0x20000280                PROVIDE (end, .)
                0x20000280                PROVIDE (__bss_end__, .)
                0x0001f660                __cy_region_init_ram = LOADADDR (.data)
                0x00000090                __cy_region_init_size_ram = (_edata - ADDR (.data))
                0x00000130                __cy_region_zero_size_ram = (_end - _edata)

.heap           0x20000280       0x80 load address 0x0001f6f0
                0x20000280                . = _end
                0x20000300                . = (. + 0x80)
 *fill*         0x20000280       0x80 
                0x20000300                __cy_heap_limit = .

.stack          0x20003800      0x800
                0x20003800                __cy_stack_limit = .
                0x20004000                . = (. + 0x800)
 *fill*         0x20003800      0x800 
                0x00000001                ASSERT ((__cy_stack_limit >= __cy_heap_limit), region RAM overflowed with stack)
                0x00000000                cy_checksum_exclude_size = (CY_APPL_LOADABLE == 0x1)?SIZEOF (.cy_checksum_exclude):0x0
                0x00000001                ASSERT ((cy_checksum_exclude_size <= CY_CHECKSUM_EXCLUDE_SIZE), CY_BOOT: Section .cy_checksum_exclude size exceedes specified limit.)
                0x0001ffc0                cyloadermeta_start = (cy_project_type_bootloader || cy_project_type_app_for_stack_and_copier)?(LENGTH (rom) - CY_METADATA_SIZE):0xf0000000

.cyloadermeta
 *(.cyloadermeta)
                0x0001ffc0                cyloadablemeta_start = cy_project_type_app_for_stack_and_copier?((LENGTH (rom) - CY_FLASH_ROW_SIZE) - CY_METADATA_SIZE):((LENGTH (rom) - (CY_FLASH_ROW_SIZE * (CY_APPL_NUM - 0x1))) - CY_METADATA_SIZE)

.cyloadablemeta
 *(.cyloadablemeta)

.cyflashprotect
                0x90400000       0x80
 *(.cyflashprotect)
 .cyflashprotect
                0x90400000       0x80 .\CortexM0\ARM_GCC_541\Debug\cymetadata.o
                0x90400000                cy_meta_flashprotect

.cymeta         0x90500000        0xc
 *(.cymeta)
 .cymeta        0x90500000        0xc .\CortexM0\ARM_GCC_541\Debug\cymetadata.o
                0x90500000                cy_metadata

.cychipprotect  0x90600000        0x1
 *(.cychipprotect)
 .cychipprotect
                0x90600000        0x1 .\CortexM0\ARM_GCC_541\Debug\cymetadata.o
                0x90600000                cy_meta_chipprotect

.rel.dyn        0x0001f6f0        0x0 load address 0x90600004
 .rel.iplt      0x0001f6f0        0x0 c:/program files (x86)/cypress/psoc creator/4.4/psoc creator/import/gnu/arm/5.4.1/bin/../lib/gcc/arm-none-eabi/5.4.1/armv6-m/crtbegin.o

.stab
 *(.stab)

.stabstr
 *(.stabstr)

.debug
 *(.debug)

.line
 *(.line)

.debug_srcinfo
 *(.debug_srcinfo)

.debug_sfnames
 *(.debug_sfnames)

.debug_aranges  0x00000000     0x1158
 *(.debug_aranges)
 .debug_aranges
                0x00000000      0x568 .\CortexM0\ARM_GCC_541\Debug\ugui.o
 .debug_aranges
                0x00000568       0x48 .\CortexM0\ARM_GCC_541\Debug\ugui_SSD1963.o
 .debug_aranges
                0x000005b0       0x68 .\CortexM0\ARM_GCC_541\Debug\frucd_display.o
 .debug_aranges
                0x00000618       0x38 .\CortexM0\ARM_GCC_541\Debug\main.o
 .debug_aranges
                0x00000650       0x78 .\CortexM0\ARM_GCC_541\Debug\can_manga.o
 .debug_aranges
                0x000006c8       0x28 .\CortexM0\ARM_GCC_541\Debug\cyfitter_cfg.o
 .debug_aranges
                0x000006f0       0x18 .\CortexM0\ARM_GCC_541\Debug\cymetadata.o
 .debug_aranges
                0x00000708       0x48 .\CortexM0\ARM_GCC_541\Debug\Cm0Start.o
 .debug_aranges
                0x00000750       0x48 .\CortexM0\ARM_GCC_541\Debug\Dashboard.a(RGB1_1.o)
 .debug_aranges
                0x00000798       0x48 .\CortexM0\ARM_GCC_541\Debug\Dashboard.a(RGB2_1.o)
 .debug_aranges
                0x000007e0       0x48 .\CortexM0\ARM_GCC_541\Debug\Dashboard.a(RGB3_1.o)
 .debug_aranges
                0x00000828      0x1c8 .\CortexM0\ARM_GCC_541\Debug\Dashboard.a(CyLib.o)
 .debug_aranges
                0x000009f0      0x178 .\CortexM0\ARM_GCC_541\Debug\Dashboard.a(CyLFClk.o)
 .debug_aranges
                0x00000b68       0x48 .\CortexM0\ARM_GCC_541\Debug\Dashboard.a(Buzzer.o)
 .debug_aranges
                0x00000bb0       0x48 .\CortexM0\ARM_GCC_541\Debug\Dashboard.a(D_RST.o)
 .debug_aranges
                0x00000bf8       0x48 .\CortexM0\ARM_GCC_541\Debug\Dashboard.a(D_BL.o)
 .debug_aranges
                0x00000c40       0x80 .\CortexM0\ARM_GCC_541\Debug\Dashboard.a(GraphicLCDIntf.o)
 .debug_aranges
                0x00000cc0       0xe8 .\CortexM0\ARM_GCC_541\Debug\Dashboard.a(CAN.o)
 .debug_aranges
                0x00000da8       0x30 .\CortexM0\ARM_GCC_541\Debug\Dashboard.a(CAN_INT.o)
 .debug_aranges
                0x00000dd8       0x38 .\CortexM0\ARM_GCC_541\Debug\Dashboard.a(CAN_TX_RX_func.o)
 .debug_aranges
                0x00000e10       0x48 .\CortexM0\ARM_GCC_541\Debug\Dashboard.a(IMD_LED.o)
 .debug_aranges
                0x00000e58       0x48 .\CortexM0\ARM_GCC_541\Debug\Dashboard.a(BMS_LED.o)
 .debug_aranges
                0x00000ea0       0xa8 .\CortexM0\ARM_GCC_541\Debug\Dashboard.a(ADC_GLV_V.o)
 .debug_aranges
                0x00000f48       0x20 .\CortexM0\ARM_GCC_541\Debug\Dashboard.a(ADC_GLV_V_INT.o)
 .debug_aranges
                0x00000f68       0x48 .\CortexM0\ARM_GCC_541\Debug\Dashboard.a(HV.o)
 .debug_aranges
                0x00000fb0       0x48 .\CortexM0\ARM_GCC_541\Debug\Dashboard.a(Drive.o)
 .debug_aranges
                0x00000ff8       0x90 .\CortexM0\ARM_GCC_541\Debug\Dashboard.a(ReadyToDrive_Timer.o)
 .debug_aranges
                0x00001088       0x80 .\CortexM0\ARM_GCC_541\Debug\Dashboard.a(ReadyToDrive_Int.o)
 .debug_aranges
                0x00001108       0x20 .\CortexM0\ARM_GCC_541\Debug\Dashboard.a(CyBootAsmGnu.o)
 .debug_aranges
                0x00001128       0x30 .\CortexM0\ARM_GCC_541\Debug\Dashboard.a(CyFlash.o)

.debug_pubnames
 *(.debug_pubnames)

.debug_info     0x00000000    0x10982
 *(.debug_info .gnu.linkonce.wi.*)
 .debug_info    0x00000000     0x5f71 .\CortexM0\ARM_GCC_541\Debug\ugui.o
 .debug_info    0x00005f71     0x1866 .\CortexM0\ARM_GCC_541\Debug\ugui_SSD1963.o
 .debug_info    0x000077d7     0x15a1 .\CortexM0\ARM_GCC_541\Debug\frucd_display.o
 .debug_info    0x00008d78      0xf36 .\CortexM0\ARM_GCC_541\Debug\main.o
 .debug_info    0x00009cae      0xbe1 .\CortexM0\ARM_GCC_541\Debug\can_manga.o
 .debug_info    0x0000a88f      0x42d .\CortexM0\ARM_GCC_541\Debug\cyfitter_cfg.o
 .debug_info    0x0000acbc       0xf8 .\CortexM0\ARM_GCC_541\Debug\cymetadata.o
 .debug_info    0x0000adb4      0x39e .\CortexM0\ARM_GCC_541\Debug\Cm0Start.o
 .debug_info    0x0000b152      0x19b .\CortexM0\ARM_GCC_541\Debug\Dashboard.a(RGB1_1.o)
 .debug_info    0x0000b2ed      0x19b .\CortexM0\ARM_GCC_541\Debug\Dashboard.a(RGB2_1.o)
 .debug_info    0x0000b488      0x19b .\CortexM0\ARM_GCC_541\Debug\Dashboard.a(RGB3_1.o)
 .debug_info    0x0000b623      0xed3 .\CortexM0\ARM_GCC_541\Debug\Dashboard.a(CyLib.o)
 .debug_info    0x0000c4f6     0x1237 .\CortexM0\ARM_GCC_541\Debug\Dashboard.a(CyLFClk.o)
 .debug_info    0x0000d72d      0x19b .\CortexM0\ARM_GCC_541\Debug\Dashboard.a(Buzzer.o)
 .debug_info    0x0000d8c8      0x19b .\CortexM0\ARM_GCC_541\Debug\Dashboard.a(D_RST.o)
 .debug_info    0x0000da63      0x19b .\CortexM0\ARM_GCC_541\Debug\Dashboard.a(D_BL.o)
 .debug_info    0x0000dbfe      0x38f .\CortexM0\ARM_GCC_541\Debug\Dashboard.a(GraphicLCDIntf.o)
 .debug_info    0x0000df8d      0xcac .\CortexM0\ARM_GCC_541\Debug\Dashboard.a(CAN.o)
 .debug_info    0x0000ec39      0x24e .\CortexM0\ARM_GCC_541\Debug\Dashboard.a(CAN_INT.o)
 .debug_info    0x0000ee87      0x3a7 .\CortexM0\ARM_GCC_541\Debug\Dashboard.a(CAN_TX_RX_func.o)
 .debug_info    0x0000f22e      0x19b .\CortexM0\ARM_GCC_541\Debug\Dashboard.a(IMD_LED.o)
 .debug_info    0x0000f3c9      0x19b .\CortexM0\ARM_GCC_541\Debug\Dashboard.a(BMS_LED.o)
 .debug_info    0x0000f564      0x5b1 .\CortexM0\ARM_GCC_541\Debug\Dashboard.a(ADC_GLV_V.o)
 .debug_info    0x0000fb15       0xcb .\CortexM0\ARM_GCC_541\Debug\Dashboard.a(ADC_GLV_V_INT.o)
 .debug_info    0x0000fbe0      0x19b .\CortexM0\ARM_GCC_541\Debug\Dashboard.a(HV.o)
 .debug_info    0x0000fd7b      0x19b .\CortexM0\ARM_GCC_541\Debug\Dashboard.a(Drive.o)
 .debug_info    0x0000ff16      0x358 .\CortexM0\ARM_GCC_541\Debug\Dashboard.a(ReadyToDrive_Timer.o)
 .debug_info    0x0001026e      0x352 .\CortexM0\ARM_GCC_541\Debug\Dashboard.a(ReadyToDrive_Int.o)
 .debug_info    0x000105c0       0xad .\CortexM0\ARM_GCC_541\Debug\Dashboard.a(CyBootAsmGnu.o)
 .debug_info    0x0001066d      0x315 .\CortexM0\ARM_GCC_541\Debug\Dashboard.a(CyFlash.o)

.debug_abbrev   0x00000000     0x2d43
 *(.debug_abbrev)
 .debug_abbrev  0x00000000      0x345 .\CortexM0\ARM_GCC_541\Debug\ugui.o
 .debug_abbrev  0x00000345      0x271 .\CortexM0\ARM_GCC_541\Debug\ugui_SSD1963.o
 .debug_abbrev  0x000005b6      0x2dd .\CortexM0\ARM_GCC_541\Debug\frucd_display.o
 .debug_abbrev  0x00000893      0x263 .\CortexM0\ARM_GCC_541\Debug\main.o
 .debug_abbrev  0x00000af6      0x205 .\CortexM0\ARM_GCC_541\Debug\can_manga.o
 .debug_abbrev  0x00000cfb      0x20d .\CortexM0\ARM_GCC_541\Debug\cyfitter_cfg.o
 .debug_abbrev  0x00000f08       0x5d .\CortexM0\ARM_GCC_541\Debug\cymetadata.o
 .debug_abbrev  0x00000f65      0x1d5 .\CortexM0\ARM_GCC_541\Debug\Cm0Start.o
 .debug_abbrev  0x0000113a       0xc6 .\CortexM0\ARM_GCC_541\Debug\Dashboard.a(RGB1_1.o)
 .debug_abbrev  0x00001200       0xc6 .\CortexM0\ARM_GCC_541\Debug\Dashboard.a(RGB2_1.o)
 .debug_abbrev  0x000012c6       0xc6 .\CortexM0\ARM_GCC_541\Debug\Dashboard.a(RGB3_1.o)
 .debug_abbrev  0x0000138c      0x345 .\CortexM0\ARM_GCC_541\Debug\Dashboard.a(CyLib.o)
 .debug_abbrev  0x000016d1      0x381 .\CortexM0\ARM_GCC_541\Debug\Dashboard.a(CyLFClk.o)
 .debug_abbrev  0x00001a52       0xc6 .\CortexM0\ARM_GCC_541\Debug\Dashboard.a(Buzzer.o)
 .debug_abbrev  0x00001b18       0xc6 .\CortexM0\ARM_GCC_541\Debug\Dashboard.a(D_RST.o)
 .debug_abbrev  0x00001bde       0xc6 .\CortexM0\ARM_GCC_541\Debug\Dashboard.a(D_BL.o)
 .debug_abbrev  0x00001ca4      0x197 .\CortexM0\ARM_GCC_541\Debug\Dashboard.a(GraphicLCDIntf.o)
 .debug_abbrev  0x00001e3b      0x242 .\CortexM0\ARM_GCC_541\Debug\Dashboard.a(CAN.o)
 .debug_abbrev  0x0000207d       0xe6 .\CortexM0\ARM_GCC_541\Debug\Dashboard.a(CAN_INT.o)
 .debug_abbrev  0x00002163      0x159 .\CortexM0\ARM_GCC_541\Debug\Dashboard.a(CAN_TX_RX_func.o)
 .debug_abbrev  0x000022bc       0xc6 .\CortexM0\ARM_GCC_541\Debug\Dashboard.a(IMD_LED.o)
 .debug_abbrev  0x00002382       0xc6 .\CortexM0\ARM_GCC_541\Debug\Dashboard.a(BMS_LED.o)
 .debug_abbrev  0x00002448      0x19a .\CortexM0\ARM_GCC_541\Debug\Dashboard.a(ADC_GLV_V.o)
 .debug_abbrev  0x000025e2       0x65 .\CortexM0\ARM_GCC_541\Debug\Dashboard.a(ADC_GLV_V_INT.o)
 .debug_abbrev  0x00002647       0xc6 .\CortexM0\ARM_GCC_541\Debug\Dashboard.a(HV.o)
 .debug_abbrev  0x0000270d       0xc6 .\CortexM0\ARM_GCC_541\Debug\Dashboard.a(Drive.o)
 .debug_abbrev  0x000027d3      0x19f .\CortexM0\ARM_GCC_541\Debug\Dashboard.a(ReadyToDrive_Timer.o)
 .debug_abbrev  0x00002972      0x244 .\CortexM0\ARM_GCC_541\Debug\Dashboard.a(ReadyToDrive_Int.o)
 .debug_abbrev  0x00002bb6       0x14 .\CortexM0\ARM_GCC_541\Debug\Dashboard.a(CyBootAsmGnu.o)
 .debug_abbrev  0x00002bca      0x179 .\CortexM0\ARM_GCC_541\Debug\Dashboard.a(CyFlash.o)

.debug_line     0x00000000     0x5251
 *(.debug_line)
 .debug_line    0x00000000     0x1a76 .\CortexM0\ARM_GCC_541\Debug\ugui.o
 .debug_line    0x00001a76      0x348 .\CortexM0\ARM_GCC_541\Debug\ugui_SSD1963.o
 .debug_line    0x00001dbe      0x400 .\CortexM0\ARM_GCC_541\Debug\frucd_display.o
 .debug_line    0x000021be      0x33c .\CortexM0\ARM_GCC_541\Debug\main.o
 .debug_line    0x000024fa      0x2d1 .\CortexM0\ARM_GCC_541\Debug\can_manga.o
 .debug_line    0x000027cb      0x1cf .\CortexM0\ARM_GCC_541\Debug\cyfitter_cfg.o
 .debug_line    0x0000299a      0x141 .\CortexM0\ARM_GCC_541\Debug\cymetadata.o
 .debug_line    0x00002adb      0x232 .\CortexM0\ARM_GCC_541\Debug\Cm0Start.o
 .debug_line    0x00002d0d       0xc9 .\CortexM0\ARM_GCC_541\Debug\Dashboard.a(RGB1_1.o)
 .debug_line    0x00002dd6       0xc9 .\CortexM0\ARM_GCC_541\Debug\Dashboard.a(RGB2_1.o)
 .debug_line    0x00002e9f       0xc9 .\CortexM0\ARM_GCC_541\Debug\Dashboard.a(RGB3_1.o)
 .debug_line    0x00002f68      0x601 .\CortexM0\ARM_GCC_541\Debug\Dashboard.a(CyLib.o)
 .debug_line    0x00003569      0x731 .\CortexM0\ARM_GCC_541\Debug\Dashboard.a(CyLFClk.o)
 .debug_line    0x00003c9a       0xc9 .\CortexM0\ARM_GCC_541\Debug\Dashboard.a(Buzzer.o)
 .debug_line    0x00003d63       0xca .\CortexM0\ARM_GCC_541\Debug\Dashboard.a(D_RST.o)
 .debug_line    0x00003e2d       0xc7 .\CortexM0\ARM_GCC_541\Debug\Dashboard.a(D_BL.o)
 .debug_line    0x00003ef4      0x1b1 .\CortexM0\ARM_GCC_541\Debug\Dashboard.a(GraphicLCDIntf.o)
 .debug_line    0x000040a5      0x3e6 .\CortexM0\ARM_GCC_541\Debug\Dashboard.a(CAN.o)
 .debug_line    0x0000448b       0xc2 .\CortexM0\ARM_GCC_541\Debug\Dashboard.a(CAN_INT.o)
 .debug_line    0x0000454d       0xff .\CortexM0\ARM_GCC_541\Debug\Dashboard.a(CAN_TX_RX_func.o)
 .debug_line    0x0000464c       0xca .\CortexM0\ARM_GCC_541\Debug\Dashboard.a(IMD_LED.o)
 .debug_line    0x00004716       0xca .\CortexM0\ARM_GCC_541\Debug\Dashboard.a(BMS_LED.o)
 .debug_line    0x000047e0      0x335 .\CortexM0\ARM_GCC_541\Debug\Dashboard.a(ADC_GLV_V.o)
 .debug_line    0x00004b15       0x6e .\CortexM0\ARM_GCC_541\Debug\Dashboard.a(ADC_GLV_V_INT.o)
 .debug_line    0x00004b83       0xc5 .\CortexM0\ARM_GCC_541\Debug\Dashboard.a(HV.o)
 .debug_line    0x00004c48       0xc8 .\CortexM0\ARM_GCC_541\Debug\Dashboard.a(Drive.o)
 .debug_line    0x00004d10      0x1d2 .\CortexM0\ARM_GCC_541\Debug\Dashboard.a(ReadyToDrive_Timer.o)
 .debug_line    0x00004ee2      0x1b8 .\CortexM0\ARM_GCC_541\Debug\Dashboard.a(ReadyToDrive_Int.o)
 .debug_line    0x0000509a       0x68 .\CortexM0\ARM_GCC_541\Debug\Dashboard.a(CyBootAsmGnu.o)
 .debug_line    0x00005102      0x14f .\CortexM0\ARM_GCC_541\Debug\Dashboard.a(CyFlash.o)

.debug_frame    0x00000000     0x3300
 *(.debug_frame)
 .debug_frame   0x00000000     0x1254 .\CortexM0\ARM_GCC_541\Debug\ugui.o
 .debug_frame   0x00001254       0xf4 .\CortexM0\ARM_GCC_541\Debug\ugui_SSD1963.o
 .debug_frame   0x00001348      0x1b4 .\CortexM0\ARM_GCC_541\Debug\frucd_display.o
 .debug_frame   0x000014fc       0x94 .\CortexM0\ARM_GCC_541\Debug\main.o
 .debug_frame   0x00001590      0x128 .\CortexM0\ARM_GCC_541\Debug\can_manga.o
 .debug_frame   0x000016b8       0x4c .\CortexM0\ARM_GCC_541\Debug\cyfitter_cfg.o
 .debug_frame   0x00001704       0xc8 .\CortexM0\ARM_GCC_541\Debug\Cm0Start.o
 .debug_frame   0x000017cc       0x70 .\CortexM0\ARM_GCC_541\Debug\Dashboard.a(RGB1_1.o)
 .debug_frame   0x0000183c       0x70 .\CortexM0\ARM_GCC_541\Debug\Dashboard.a(RGB2_1.o)
 .debug_frame   0x000018ac       0x70 .\CortexM0\ARM_GCC_541\Debug\Dashboard.a(RGB3_1.o)
 .debug_frame   0x0000191c      0x468 .\CortexM0\ARM_GCC_541\Debug\Dashboard.a(CyLib.o)
 .debug_frame   0x00001d84      0x484 .\CortexM0\ARM_GCC_541\Debug\Dashboard.a(CyLFClk.o)
 .debug_frame   0x00002208       0x70 .\CortexM0\ARM_GCC_541\Debug\Dashboard.a(Buzzer.o)
 .debug_frame   0x00002278       0x70 .\CortexM0\ARM_GCC_541\Debug\Dashboard.a(D_RST.o)
 .debug_frame   0x000022e8       0x70 .\CortexM0\ARM_GCC_541\Debug\Dashboard.a(D_BL.o)
 .debug_frame   0x00002358      0x170 .\CortexM0\ARM_GCC_541\Debug\Dashboard.a(GraphicLCDIntf.o)
 .debug_frame   0x000024c8      0x240 .\CortexM0\ARM_GCC_541\Debug\Dashboard.a(CAN.o)
 .debug_frame   0x00002708       0x68 .\CortexM0\ARM_GCC_541\Debug\Dashboard.a(CAN_INT.o)
 .debug_frame   0x00002770       0x6c .\CortexM0\ARM_GCC_541\Debug\Dashboard.a(CAN_TX_RX_func.o)
 .debug_frame   0x000027dc       0x70 .\CortexM0\ARM_GCC_541\Debug\Dashboard.a(IMD_LED.o)
 .debug_frame   0x0000284c       0x70 .\CortexM0\ARM_GCC_541\Debug\Dashboard.a(BMS_LED.o)
 .debug_frame   0x000028bc      0x1c0 .\CortexM0\ARM_GCC_541\Debug\Dashboard.a(ADC_GLV_V.o)
 .debug_frame   0x00002a7c       0x20 .\CortexM0\ARM_GCC_541\Debug\Dashboard.a(ADC_GLV_V_INT.o)
 .debug_frame   0x00002a9c       0x70 .\CortexM0\ARM_GCC_541\Debug\Dashboard.a(HV.o)
 .debug_frame   0x00002b0c       0x70 .\CortexM0\ARM_GCC_541\Debug\Dashboard.a(Drive.o)
 .debug_frame   0x00002b7c      0x118 .\CortexM0\ARM_GCC_541\Debug\Dashboard.a(ReadyToDrive_Timer.o)
 .debug_frame   0x00002c94      0x104 .\CortexM0\ARM_GCC_541\Debug\Dashboard.a(ReadyToDrive_Int.o)
 .debug_frame   0x00002d98       0x80 .\CortexM0\ARM_GCC_541\Debug\Dashboard.a(CyFlash.o)
 .debug_frame   0x00002e18       0x20 c:/program files (x86)/cypress/psoc creator/4.4/psoc creator/import/gnu/arm/5.4.1/bin/../lib/gcc/arm-none-eabi/5.4.1/armv6-m\libgcc.a(_udivsi3.o)
 .debug_frame   0x00002e38       0x20 c:/program files (x86)/cypress/psoc creator/4.4/psoc creator/import/gnu/arm/5.4.1/bin/../lib/gcc/arm-none-eabi/5.4.1/armv6-m\libgcc.a(_divsi3.o)
 .debug_frame   0x00002e58       0x34 c:/program files (x86)/cypress/psoc creator/4.4/psoc creator/import/gnu/arm/5.4.1/bin/../lib/gcc/arm-none-eabi/5.4.1/armv6-m\libgcc.a(_muldi3.o)
 .debug_frame   0x00002e8c       0x30 c:/program files (x86)/cypress/psoc creator/4.4/psoc creator/import/gnu/arm/5.4.1/bin/../lib/gcc/arm-none-eabi/5.4.1/armv6-m\libgcc.a(bpabi.o)
 .debug_frame   0x00002ebc       0x3c c:/program files (x86)/cypress/psoc creator/4.4/psoc creator/import/gnu/arm/5.4.1/bin/../lib/gcc/arm-none-eabi/5.4.1/armv6-m\libgcc.a(divsf3.o)
 .debug_frame   0x00002ef8       0x38 c:/program files (x86)/cypress/psoc creator/4.4/psoc creator/import/gnu/arm/5.4.1/bin/../lib/gcc/arm-none-eabi/5.4.1/armv6-m\libgcc.a(mulsf3.o)
 .debug_frame   0x00002f30       0x2c c:/program files (x86)/cypress/psoc creator/4.4/psoc creator/import/gnu/arm/5.4.1/bin/../lib/gcc/arm-none-eabi/5.4.1/armv6-m\libgcc.a(floatsisf.o)
 .debug_frame   0x00002f5c       0x3c c:/program files (x86)/cypress/psoc creator/4.4/psoc creator/import/gnu/arm/5.4.1/bin/../lib/gcc/arm-none-eabi/5.4.1/armv6-m\libgcc.a(_divdi3.o)
 .debug_frame   0x00002f98       0x20 c:/program files (x86)/cypress/psoc creator/4.4/psoc creator/import/gnu/arm/5.4.1/bin/../lib/gcc/arm-none-eabi/5.4.1/../../../../arm-none-eabi/lib/armv6-m\libg_nano.a(lib_a-errno.o)
 .debug_frame   0x00002fb8       0x28 c:/program files (x86)/cypress/psoc creator/4.4/psoc creator/import/gnu/arm/5.4.1/bin/../lib/gcc/arm-none-eabi/5.4.1/../../../../arm-none-eabi/lib/armv6-m\libg_nano.a(lib_a-exit.o)
 .debug_frame   0x00002fe0       0x2c c:/program files (x86)/cypress/psoc creator/4.4/psoc creator/import/gnu/arm/5.4.1/bin/../lib/gcc/arm-none-eabi/5.4.1/../../../../arm-none-eabi/lib/armv6-m\libg_nano.a(lib_a-init.o)
 .debug_frame   0x0000300c       0x28 c:/program files (x86)/cypress/psoc creator/4.4/psoc creator/import/gnu/arm/5.4.1/bin/../lib/gcc/arm-none-eabi/5.4.1/../../../../arm-none-eabi/lib/armv6-m\libg_nano.a(lib_a-memcpy-stub.o)
 .debug_frame   0x00003034       0x20 c:/program files (x86)/cypress/psoc creator/4.4/psoc creator/import/gnu/arm/5.4.1/bin/../lib/gcc/arm-none-eabi/5.4.1/../../../../arm-none-eabi/lib/armv6-m\libg_nano.a(lib_a-memset.o)
 .debug_frame   0x00003054       0x50 c:/program files (x86)/cypress/psoc creator/4.4/psoc creator/import/gnu/arm/5.4.1/bin/../lib/gcc/arm-none-eabi/5.4.1/../../../../arm-none-eabi/lib/armv6-m\libg_nano.a(lib_a-sprintf.o)
 .debug_frame   0x000030a4       0x74 c:/program files (x86)/cypress/psoc creator/4.4/psoc creator/import/gnu/arm/5.4.1/bin/../lib/gcc/arm-none-eabi/5.4.1/../../../../arm-none-eabi/lib/armv6-m\libg_nano.a(lib_a-nano-svfprintf.o)
 .debug_frame   0x00003118       0x54 c:/program files (x86)/cypress/psoc creator/4.4/psoc creator/import/gnu/arm/5.4.1/bin/../lib/gcc/arm-none-eabi/5.4.1/../../../../arm-none-eabi/lib/armv6-m\libg_nano.a(lib_a-nano-vfprintf_i.o)
 .debug_frame   0x0000316c       0x20 c:/program files (x86)/cypress/psoc creator/4.4/psoc creator/import/gnu/arm/5.4.1/bin/../lib/gcc/arm-none-eabi/5.4.1/../../../../arm-none-eabi/lib/armv6-m\libg_nano.a(lib_a-memchr-stub.o)
 .debug_frame   0x0000318c       0x28 c:/program files (x86)/cypress/psoc creator/4.4/psoc creator/import/gnu/arm/5.4.1/bin/../lib/gcc/arm-none-eabi/5.4.1/../../../../arm-none-eabi/lib/armv6-m\libg_nano.a(lib_a-memmove.o)
 .debug_frame   0x000031b4       0x2c c:/program files (x86)/cypress/psoc creator/4.4/psoc creator/import/gnu/arm/5.4.1/bin/../lib/gcc/arm-none-eabi/5.4.1/../../../../arm-none-eabi/lib/armv6-m\libg_nano.a(lib_a-nano-freer.o)
 .debug_frame   0x000031e0       0x2c c:/program files (x86)/cypress/psoc creator/4.4/psoc creator/import/gnu/arm/5.4.1/bin/../lib/gcc/arm-none-eabi/5.4.1/../../../../arm-none-eabi/lib/armv6-m\libg_nano.a(lib_a-nano-mallocr.o)
 .debug_frame   0x0000320c       0x30 c:/program files (x86)/cypress/psoc creator/4.4/psoc creator/import/gnu/arm/5.4.1/bin/../lib/gcc/arm-none-eabi/5.4.1/../../../../arm-none-eabi/lib/armv6-m\libg_nano.a(lib_a-nano-reallocr.o)
 .debug_frame   0x0000323c       0x2c c:/program files (x86)/cypress/psoc creator/4.4/psoc creator/import/gnu/arm/5.4.1/bin/../lib/gcc/arm-none-eabi/5.4.1/../../../../arm-none-eabi/lib/armv6-m\libg_nano.a(lib_a-sbrkr.o)
 .debug_frame   0x00003268       0x30 c:/program files (x86)/cypress/psoc creator/4.4/psoc creator/import/gnu/arm/5.4.1/bin/../lib/gcc/arm-none-eabi/5.4.1/../../../../arm-none-eabi/lib/armv6-m\libg_nano.a(lib_a-mlock.o)
 .debug_frame   0x00003298       0x20 c:/program files (x86)/cypress/psoc creator/4.4/psoc creator/import/gnu/arm/5.4.1/bin/../lib/gcc/arm-none-eabi/5.4.1/../../../../arm-none-eabi/lib/armv6-m\libg_nano.a(lib_a-nano-msizer.o)
 .debug_frame   0x000032b8       0x48 c:/program files (x86)/cypress/psoc creator/4.4/psoc creator/import/gnu/arm/5.4.1/bin/../lib/gcc/arm-none-eabi/5.4.1/../../../../arm-none-eabi/lib/armv6-m\libg_nano.a(lib_a-reent.o)

.debug_str      0x00000000     0x3c15
 *(.debug_str)
 .debug_str     0x00000000     0x124f .\CortexM0\ARM_GCC_541\Debug\ugui.o
                               0x1307 (size before relaxing)
 .debug_str     0x0000124f      0x11d .\CortexM0\ARM_GCC_541\Debug\ugui_SSD1963.o
                                0x551 (size before relaxing)
 .debug_str     0x0000136c      0x1f2 .\CortexM0\ARM_GCC_541\Debug\frucd_display.o
                                0x682 (size before relaxing)
 .debug_str     0x0000155e      0x3a8 .\CortexM0\ARM_GCC_541\Debug\main.o
                                0x9c6 (size before relaxing)
 .debug_str     0x00001906      0x232 .\CortexM0\ARM_GCC_541\Debug\can_manga.o
                                0x777 (size before relaxing)
 .debug_str     0x00001b38      0x197 .\CortexM0\ARM_GCC_541\Debug\cyfitter_cfg.o
                                0x320 (size before relaxing)
 .debug_str     0x00001ccf       0x59 .\CortexM0\ARM_GCC_541\Debug\cymetadata.o
                                0x1e5 (size before relaxing)
 .debug_str     0x00001d28      0x13a .\CortexM0\ARM_GCC_541\Debug\Cm0Start.o
                                0x31e (size before relaxing)
 .debug_str     0x00001e62       0xaa .\CortexM0\ARM_GCC_541\Debug\Dashboard.a(RGB1_1.o)
                                0x25a (size before relaxing)
 .debug_str     0x00001f0c       0x81 .\CortexM0\ARM_GCC_541\Debug\Dashboard.a(RGB2_1.o)
                                0x25a (size before relaxing)
 .debug_str     0x00001f8d       0x81 .\CortexM0\ARM_GCC_541\Debug\Dashboard.a(RGB3_1.o)
                                0x25a (size before relaxing)
 .debug_str     0x0000200e      0x5fa .\CortexM0\ARM_GCC_541\Debug\Dashboard.a(CyLib.o)
                                0x81a (size before relaxing)
 .debug_str     0x00002608      0x6e2 .\CortexM0\ARM_GCC_541\Debug\Dashboard.a(CyLFClk.o)
                                0x93a (size before relaxing)
 .debug_str     0x00002cea       0x81 .\CortexM0\ARM_GCC_541\Debug\Dashboard.a(Buzzer.o)
                                0x255 (size before relaxing)
 .debug_str     0x00002d6b       0x7b .\CortexM0\ARM_GCC_541\Debug\Dashboard.a(D_RST.o)
                                0x253 (size before relaxing)
 .debug_str     0x00002de6       0x75 .\CortexM0\ARM_GCC_541\Debug\Dashboard.a(D_BL.o)
                                0x24c (size before relaxing)
 .debug_str     0x00002e5b      0x14d .\CortexM0\ARM_GCC_541\Debug\Dashboard.a(GraphicLCDIntf.o)
                                0x32b (size before relaxing)
 .debug_str     0x00002fa8      0x301 .\CortexM0\ARM_GCC_541\Debug\Dashboard.a(CAN.o)
                                0x553 (size before relaxing)
 .debug_str     0x000032a9       0x61 .\CortexM0\ARM_GCC_541\Debug\Dashboard.a(CAN_INT.o)
                                0x280 (size before relaxing)
 .debug_str     0x0000330a       0x56 .\CortexM0\ARM_GCC_541\Debug\Dashboard.a(CAN_TX_RX_func.o)
                                0x301 (size before relaxing)
 .debug_str     0x00003360       0x87 .\CortexM0\ARM_GCC_541\Debug\Dashboard.a(IMD_LED.o)
                                0x261 (size before relaxing)
 .debug_str     0x000033e7       0x87 .\CortexM0\ARM_GCC_541\Debug\Dashboard.a(BMS_LED.o)
                                0x261 (size before relaxing)
 .debug_str     0x0000346e      0x22e .\CortexM0\ARM_GCC_541\Debug\Dashboard.a(ADC_GLV_V.o)
                                0x485 (size before relaxing)
 .debug_str     0x0000369c       0x41 .\CortexM0\ARM_GCC_541\Debug\Dashboard.a(ADC_GLV_V_INT.o)
                                0x1e6 (size before relaxing)
 .debug_str     0x000036dd       0x6a .\CortexM0\ARM_GCC_541\Debug\Dashboard.a(HV.o)
                                0x23e (size before relaxing)
 .debug_str     0x00003747       0x7c .\CortexM0\ARM_GCC_541\Debug\Dashboard.a(Drive.o)
                                0x253 (size before relaxing)
 .debug_str     0x000037c3      0x233 .\CortexM0\ARM_GCC_541\Debug\Dashboard.a(ReadyToDrive_Timer.o)
                                0x442 (size before relaxing)
 .debug_str     0x000039f6      0x178 .\CortexM0\ARM_GCC_541\Debug\Dashboard.a(ReadyToDrive_Int.o)
                                0x3a1 (size before relaxing)
 .debug_str     0x00003b6e       0xa7 .\CortexM0\ARM_GCC_541\Debug\Dashboard.a(CyFlash.o)
                                0x2cd (size before relaxing)

.debug_loc      0x00000000     0xbb4a
 *(.debug_loc)
 .debug_loc     0x00000000     0x6ea6 .\CortexM0\ARM_GCC_541\Debug\ugui.o
 .debug_loc     0x00006ea6      0x9c1 .\CortexM0\ARM_GCC_541\Debug\ugui_SSD1963.o
 .debug_loc     0x00007867      0xd28 .\CortexM0\ARM_GCC_541\Debug\frucd_display.o
 .debug_loc     0x0000858f      0x133 .\CortexM0\ARM_GCC_541\Debug\main.o
 .debug_loc     0x000086c2      0x16d .\CortexM0\ARM_GCC_541\Debug\can_manga.o
 .debug_loc     0x0000882f      0x13c .\CortexM0\ARM_GCC_541\Debug\cyfitter_cfg.o
 .debug_loc     0x0000896b      0x1de .\CortexM0\ARM_GCC_541\Debug\Cm0Start.o
 .debug_loc     0x00008b49       0xa1 .\CortexM0\ARM_GCC_541\Debug\Dashboard.a(RGB1_1.o)
 .debug_loc     0x00008bea       0xa1 .\CortexM0\ARM_GCC_541\Debug\Dashboard.a(RGB2_1.o)
 .debug_loc     0x00008c8b       0xa1 .\CortexM0\ARM_GCC_541\Debug\Dashboard.a(RGB3_1.o)
 .debug_loc     0x00008d2c      0x8b2 .\CortexM0\ARM_GCC_541\Debug\Dashboard.a(CyLib.o)
 .debug_loc     0x000095de      0xe0a .\CortexM0\ARM_GCC_541\Debug\Dashboard.a(CyLFClk.o)
 .debug_loc     0x0000a3e8       0xa1 .\CortexM0\ARM_GCC_541\Debug\Dashboard.a(Buzzer.o)
 .debug_loc     0x0000a489       0xa1 .\CortexM0\ARM_GCC_541\Debug\Dashboard.a(D_RST.o)
 .debug_loc     0x0000a52a       0xa1 .\CortexM0\ARM_GCC_541\Debug\Dashboard.a(D_BL.o)
 .debug_loc     0x0000a5cb      0x201 .\CortexM0\ARM_GCC_541\Debug\Dashboard.a(GraphicLCDIntf.o)
 .debug_loc     0x0000a7cc      0x8dc .\CortexM0\ARM_GCC_541\Debug\Dashboard.a(CAN.o)
 .debug_loc     0x0000b0a8       0x48 .\CortexM0\ARM_GCC_541\Debug\Dashboard.a(CAN_INT.o)
 .debug_loc     0x0000b0f0      0x1c5 .\CortexM0\ARM_GCC_541\Debug\Dashboard.a(CAN_TX_RX_func.o)
 .debug_loc     0x0000b2b5       0xa1 .\CortexM0\ARM_GCC_541\Debug\Dashboard.a(IMD_LED.o)
 .debug_loc     0x0000b356       0xa1 .\CortexM0\ARM_GCC_541\Debug\Dashboard.a(BMS_LED.o)
 .debug_loc     0x0000b3f7      0x3ba .\CortexM0\ARM_GCC_541\Debug\Dashboard.a(ADC_GLV_V.o)
 .debug_loc     0x0000b7b1       0xa1 .\CortexM0\ARM_GCC_541\Debug\Dashboard.a(HV.o)
 .debug_loc     0x0000b852       0xa1 .\CortexM0\ARM_GCC_541\Debug\Dashboard.a(Drive.o)
 .debug_loc     0x0000b8f3       0x51 .\CortexM0\ARM_GCC_541\Debug\Dashboard.a(ReadyToDrive_Timer.o)
 .debug_loc     0x0000b944       0xa6 .\CortexM0\ARM_GCC_541\Debug\Dashboard.a(ReadyToDrive_Int.o)
 .debug_loc     0x0000b9ea      0x160 .\CortexM0\ARM_GCC_541\Debug\Dashboard.a(CyFlash.o)

.debug_macinfo
 *(.debug_macinfo)

.debug_ranges   0x00000000     0x1350
 *(.debug_ranges)
 .debug_ranges  0x00000000      0x588 .\CortexM0\ARM_GCC_541\Debug\ugui.o
 .debug_ranges  0x00000588       0x88 .\CortexM0\ARM_GCC_541\Debug\ugui_SSD1963.o
 .debug_ranges  0x00000610       0x70 .\CortexM0\ARM_GCC_541\Debug\frucd_display.o
 .debug_ranges  0x00000680       0x28 .\CortexM0\ARM_GCC_541\Debug\main.o
 .debug_ranges  0x000006a8       0x68 .\CortexM0\ARM_GCC_541\Debug\can_manga.o
 .debug_ranges  0x00000710       0xe0 .\CortexM0\ARM_GCC_541\Debug\cyfitter_cfg.o
 .debug_ranges  0x000007f0       0x50 .\CortexM0\ARM_GCC_541\Debug\Cm0Start.o
 .debug_ranges  0x00000840       0x38 .\CortexM0\ARM_GCC_541\Debug\Dashboard.a(RGB1_1.o)
 .debug_ranges  0x00000878       0x38 .\CortexM0\ARM_GCC_541\Debug\Dashboard.a(RGB2_1.o)
 .debug_ranges  0x000008b0       0x38 .\CortexM0\ARM_GCC_541\Debug\Dashboard.a(RGB3_1.o)
 .debug_ranges  0x000008e8      0x228 .\CortexM0\ARM_GCC_541\Debug\Dashboard.a(CyLib.o)
 .debug_ranges  0x00000b10      0x1f8 .\CortexM0\ARM_GCC_541\Debug\Dashboard.a(CyLFClk.o)
 .debug_ranges  0x00000d08       0x38 .\CortexM0\ARM_GCC_541\Debug\Dashboard.a(Buzzer.o)
 .debug_ranges  0x00000d40       0x38 .\CortexM0\ARM_GCC_541\Debug\Dashboard.a(D_RST.o)
 .debug_ranges  0x00000d78       0x38 .\CortexM0\ARM_GCC_541\Debug\Dashboard.a(D_BL.o)
 .debug_ranges  0x00000db0       0x70 .\CortexM0\ARM_GCC_541\Debug\Dashboard.a(GraphicLCDIntf.o)
 .debug_ranges  0x00000e20      0x170 .\CortexM0\ARM_GCC_541\Debug\Dashboard.a(CAN.o)
 .debug_ranges  0x00000f90       0x20 .\CortexM0\ARM_GCC_541\Debug\Dashboard.a(CAN_INT.o)
 .debug_ranges  0x00000fb0       0x28 .\CortexM0\ARM_GCC_541\Debug\Dashboard.a(CAN_TX_RX_func.o)
 .debug_ranges  0x00000fd8       0x38 .\CortexM0\ARM_GCC_541\Debug\Dashboard.a(IMD_LED.o)
 .debug_ranges  0x00001010       0x38 .\CortexM0\ARM_GCC_541\Debug\Dashboard.a(BMS_LED.o)
 .debug_ranges  0x00001048       0x98 .\CortexM0\ARM_GCC_541\Debug\Dashboard.a(ADC_GLV_V.o)
 .debug_ranges  0x000010e0       0x10 .\CortexM0\ARM_GCC_541\Debug\Dashboard.a(ADC_GLV_V_INT.o)
 .debug_ranges  0x000010f0       0x38 .\CortexM0\ARM_GCC_541\Debug\Dashboard.a(HV.o)
 .debug_ranges  0x00001128       0x38 .\CortexM0\ARM_GCC_541\Debug\Dashboard.a(Drive.o)
 .debug_ranges  0x00001160       0xe0 .\CortexM0\ARM_GCC_541\Debug\Dashboard.a(ReadyToDrive_Timer.o)
 .debug_ranges  0x00001240       0xf0 .\CortexM0\ARM_GCC_541\Debug\Dashboard.a(ReadyToDrive_Int.o)
 .debug_ranges  0x00001330       0x20 .\CortexM0\ARM_GCC_541\Debug\Dashboard.a(CyFlash.o)

.comment        0x00000000       0x6e
 .comment       0x00000000       0x6e .\CortexM0\ARM_GCC_541\Debug\ugui.o
                                 0x6f (size before relaxing)
 .comment       0x0000006e       0x6f .\CortexM0\ARM_GCC_541\Debug\ugui_SSD1963.o
 .comment       0x0000006e       0x6f .\CortexM0\ARM_GCC_541\Debug\frucd_display.o
 .comment       0x0000006e       0x6f .\CortexM0\ARM_GCC_541\Debug\main.o
 .comment       0x0000006e       0x6f .\CortexM0\ARM_GCC_541\Debug\can_manga.o
 .comment       0x0000006e       0x6f .\CortexM0\ARM_GCC_541\Debug\cyfitter_cfg.o
 .comment       0x0000006e       0x6f .\CortexM0\ARM_GCC_541\Debug\cymetadata.o
 .comment       0x0000006e       0x6f .\CortexM0\ARM_GCC_541\Debug\Cm0Start.o
 .comment       0x0000006e       0x6f .\CortexM0\ARM_GCC_541\Debug\Dashboard.a(RGB1_1.o)
 .comment       0x0000006e       0x6f .\CortexM0\ARM_GCC_541\Debug\Dashboard.a(RGB2_1.o)
 .comment       0x0000006e       0x6f .\CortexM0\ARM_GCC_541\Debug\Dashboard.a(RGB3_1.o)
 .comment       0x0000006e       0x6f .\CortexM0\ARM_GCC_541\Debug\Dashboard.a(CyLib.o)
 .comment       0x0000006e       0x6f .\CortexM0\ARM_GCC_541\Debug\Dashboard.a(CyLFClk.o)
 .comment       0x0000006e       0x6f .\CortexM0\ARM_GCC_541\Debug\Dashboard.a(Buzzer.o)
 .comment       0x0000006e       0x6f .\CortexM0\ARM_GCC_541\Debug\Dashboard.a(D_RST.o)
 .comment       0x0000006e       0x6f .\CortexM0\ARM_GCC_541\Debug\Dashboard.a(D_BL.o)
 .comment       0x0000006e       0x6f .\CortexM0\ARM_GCC_541\Debug\Dashboard.a(GraphicLCDIntf.o)
 .comment       0x0000006e       0x6f .\CortexM0\ARM_GCC_541\Debug\Dashboard.a(CAN.o)
 .comment       0x0000006e       0x6f .\CortexM0\ARM_GCC_541\Debug\Dashboard.a(CAN_INT.o)
 .comment       0x0000006e       0x6f .\CortexM0\ARM_GCC_541\Debug\Dashboard.a(CAN_TX_RX_func.o)
 .comment       0x0000006e       0x6f .\CortexM0\ARM_GCC_541\Debug\Dashboard.a(IMD_LED.o)
 .comment       0x0000006e       0x6f .\CortexM0\ARM_GCC_541\Debug\Dashboard.a(BMS_LED.o)
 .comment       0x0000006e       0x6f .\CortexM0\ARM_GCC_541\Debug\Dashboard.a(ADC_GLV_V.o)
 .comment       0x0000006e       0x6f .\CortexM0\ARM_GCC_541\Debug\Dashboard.a(ADC_GLV_V_INT.o)
 .comment       0x0000006e       0x6f .\CortexM0\ARM_GCC_541\Debug\Dashboard.a(HV.o)
 .comment       0x0000006e       0x6f .\CortexM0\ARM_GCC_541\Debug\Dashboard.a(Drive.o)
 .comment       0x0000006e       0x6f .\CortexM0\ARM_GCC_541\Debug\Dashboard.a(ReadyToDrive_Timer.o)
 .comment       0x0000006e       0x6f .\CortexM0\ARM_GCC_541\Debug\Dashboard.a(ReadyToDrive_Int.o)
 .comment       0x0000006e       0x6f .\CortexM0\ARM_GCC_541\Debug\Dashboard.a(CyFlash.o)

.debug_weaknames
 *(.debug_weaknames)

.debug_funcnames
 *(.debug_funcnames)

.debug_typenames
 *(.debug_typenames)

.debug_varnames
 *(.debug_varnames)

.note.gnu.arm.ident
 *(.note.gnu.arm.ident)

.ARM.attributes
                0x00000000       0x28
 *(.ARM.attributes)
 .ARM.attributes
                0x00000000       0x1e c:/program files (x86)/cypress/psoc creator/4.4/psoc creator/import/gnu/arm/5.4.1/bin/../lib/gcc/arm-none-eabi/5.4.1/armv6-m/crti.o
 .ARM.attributes
                0x0000001e       0x2c c:/program files (x86)/cypress/psoc creator/4.4/psoc creator/import/gnu/arm/5.4.1/bin/../lib/gcc/arm-none-eabi/5.4.1/armv6-m/crtbegin.o
 .ARM.attributes
                0x0000004a       0x1b c:/program files (x86)/cypress/psoc creator/4.4/psoc creator/import/gnu/arm/5.4.1/bin/../lib/gcc/arm-none-eabi/5.4.1/../../../../arm-none-eabi/lib/armv6-m/crt0.o
 .ARM.attributes
                0x00000065       0x31 .\CortexM0\ARM_GCC_541\Debug\ugui.o
 .ARM.attributes
                0x00000096       0x31 .\CortexM0\ARM_GCC_541\Debug\ugui_SSD1963.o
 .ARM.attributes
                0x000000c7       0x31 .\CortexM0\ARM_GCC_541\Debug\frucd_display.o
 .ARM.attributes
                0x000000f8       0x31 .\CortexM0\ARM_GCC_541\Debug\main.o
 .ARM.attributes
                0x00000129       0x31 .\CortexM0\ARM_GCC_541\Debug\can_manga.o
 .ARM.attributes
                0x0000015a       0x31 .\CortexM0\ARM_GCC_541\Debug\cyfitter_cfg.o
 .ARM.attributes
                0x0000018b       0x31 .\CortexM0\ARM_GCC_541\Debug\cymetadata.o
 .ARM.attributes
                0x000001bc       0x31 .\CortexM0\ARM_GCC_541\Debug\Cm0Start.o
 .ARM.attributes
                0x000001ed       0x31 .\CortexM0\ARM_GCC_541\Debug\Dashboard.a(RGB1_1.o)
 .ARM.attributes
                0x0000021e       0x31 .\CortexM0\ARM_GCC_541\Debug\Dashboard.a(RGB2_1.o)
 .ARM.attributes
                0x0000024f       0x31 .\CortexM0\ARM_GCC_541\Debug\Dashboard.a(RGB3_1.o)
 .ARM.attributes
                0x00000280       0x31 .\CortexM0\ARM_GCC_541\Debug\Dashboard.a(CyLib.o)
 .ARM.attributes
                0x000002b1       0x31 .\CortexM0\ARM_GCC_541\Debug\Dashboard.a(CyLFClk.o)
 .ARM.attributes
                0x000002e2       0x31 .\CortexM0\ARM_GCC_541\Debug\Dashboard.a(Buzzer.o)
 .ARM.attributes
                0x00000313       0x31 .\CortexM0\ARM_GCC_541\Debug\Dashboard.a(D_RST.o)
 .ARM.attributes
                0x00000344       0x31 .\CortexM0\ARM_GCC_541\Debug\Dashboard.a(D_BL.o)
 .ARM.attributes
                0x00000375       0x31 .\CortexM0\ARM_GCC_541\Debug\Dashboard.a(GraphicLCDIntf.o)
 .ARM.attributes
                0x000003a6       0x31 .\CortexM0\ARM_GCC_541\Debug\Dashboard.a(CAN.o)
 .ARM.attributes
                0x000003d7       0x31 .\CortexM0\ARM_GCC_541\Debug\Dashboard.a(CAN_INT.o)
 .ARM.attributes
                0x00000408       0x31 .\CortexM0\ARM_GCC_541\Debug\Dashboard.a(CAN_TX_RX_func.o)
 .ARM.attributes
                0x00000439       0x31 .\CortexM0\ARM_GCC_541\Debug\Dashboard.a(IMD_LED.o)
 .ARM.attributes
                0x0000046a       0x31 .\CortexM0\ARM_GCC_541\Debug\Dashboard.a(BMS_LED.o)
 .ARM.attributes
                0x0000049b       0x31 .\CortexM0\ARM_GCC_541\Debug\Dashboard.a(ADC_GLV_V.o)
 .ARM.attributes
                0x000004cc       0x31 .\CortexM0\ARM_GCC_541\Debug\Dashboard.a(ADC_GLV_V_INT.o)
 .ARM.attributes
                0x000004fd       0x31 .\CortexM0\ARM_GCC_541\Debug\Dashboard.a(HV.o)
 .ARM.attributes
                0x0000052e       0x31 .\CortexM0\ARM_GCC_541\Debug\Dashboard.a(Drive.o)
 .ARM.attributes
                0x0000055f       0x31 .\CortexM0\ARM_GCC_541\Debug\Dashboard.a(ReadyToDrive_Timer.o)
 .ARM.attributes
                0x00000590       0x31 .\CortexM0\ARM_GCC_541\Debug\Dashboard.a(ReadyToDrive_Int.o)
 .ARM.attributes
                0x000005c1       0x21 .\CortexM0\ARM_GCC_541\Debug\Dashboard.a(CyBootAsmGnu.o)
 .ARM.attributes
                0x000005e2       0x31 .\CortexM0\ARM_GCC_541\Debug\Dashboard.a(CyFlash.o)
 .ARM.attributes
                0x00000613       0x1e c:/program files (x86)/cypress/psoc creator/4.4/psoc creator/import/gnu/arm/5.4.1/bin/../lib/gcc/arm-none-eabi/5.4.1/armv6-m\libgcc.a(_thumb1_case_uqi.o)
 .ARM.attributes
                0x00000631       0x1e c:/program files (x86)/cypress/psoc creator/4.4/psoc creator/import/gnu/arm/5.4.1/bin/../lib/gcc/arm-none-eabi/5.4.1/armv6-m\libgcc.a(_udivsi3.o)
 .ARM.attributes
                0x0000064f       0x1e c:/program files (x86)/cypress/psoc creator/4.4/psoc creator/import/gnu/arm/5.4.1/bin/../lib/gcc/arm-none-eabi/5.4.1/armv6-m\libgcc.a(_divsi3.o)
 .ARM.attributes
                0x0000066d       0x1e c:/program files (x86)/cypress/psoc creator/4.4/psoc creator/import/gnu/arm/5.4.1/bin/../lib/gcc/arm-none-eabi/5.4.1/armv6-m\libgcc.a(_dvmd_tls.o)
 .ARM.attributes
                0x0000068b       0x1e c:/program files (x86)/cypress/psoc creator/4.4/psoc creator/import/gnu/arm/5.4.1/bin/../lib/gcc/arm-none-eabi/5.4.1/armv6-m\libgcc.a(_aeabi_ldivmod.o)
 .ARM.attributes
                0x000006a9       0x2c c:/program files (x86)/cypress/psoc creator/4.4/psoc creator/import/gnu/arm/5.4.1/bin/../lib/gcc/arm-none-eabi/5.4.1/armv6-m\libgcc.a(_muldi3.o)
 .ARM.attributes
                0x000006d5       0x2c c:/program files (x86)/cypress/psoc creator/4.4/psoc creator/import/gnu/arm/5.4.1/bin/../lib/gcc/arm-none-eabi/5.4.1/armv6-m\libgcc.a(bpabi.o)
 .ARM.attributes
                0x00000701       0x2c c:/program files (x86)/cypress/psoc creator/4.4/psoc creator/import/gnu/arm/5.4.1/bin/../lib/gcc/arm-none-eabi/5.4.1/armv6-m\libgcc.a(divsf3.o)
 .ARM.attributes
                0x0000072d       0x2c c:/program files (x86)/cypress/psoc creator/4.4/psoc creator/import/gnu/arm/5.4.1/bin/../lib/gcc/arm-none-eabi/5.4.1/armv6-m\libgcc.a(mulsf3.o)
 .ARM.attributes
                0x00000759       0x2c c:/program files (x86)/cypress/psoc creator/4.4/psoc creator/import/gnu/arm/5.4.1/bin/../lib/gcc/arm-none-eabi/5.4.1/armv6-m\libgcc.a(floatsisf.o)
 .ARM.attributes
                0x00000785       0x1e c:/program files (x86)/cypress/psoc creator/4.4/psoc creator/import/gnu/arm/5.4.1/bin/../lib/gcc/arm-none-eabi/5.4.1/armv6-m\libgcc.a(_clzsi2.o)
 .ARM.attributes
                0x000007a3       0x2c c:/program files (x86)/cypress/psoc creator/4.4/psoc creator/import/gnu/arm/5.4.1/bin/../lib/gcc/arm-none-eabi/5.4.1/armv6-m\libgcc.a(_divdi3.o)
 .ARM.attributes
                0x000007cf       0x1e c:/program files (x86)/cypress/psoc creator/4.4/psoc creator/import/gnu/arm/5.4.1/bin/../lib/gcc/arm-none-eabi/5.4.1/armv6-m\libgcc.a(_clzdi2.o)
 .ARM.attributes
                0x000007ed       0x2c c:/program files (x86)/cypress/psoc creator/4.4/psoc creator/import/gnu/arm/5.4.1/bin/../lib/gcc/arm-none-eabi/5.4.1/../../../../arm-none-eabi/lib/armv6-m\libg_nano.a(lib_a-errno.o)
 .ARM.attributes
                0x00000819       0x2c c:/program files (x86)/cypress/psoc creator/4.4/psoc creator/import/gnu/arm/5.4.1/bin/../lib/gcc/arm-none-eabi/5.4.1/../../../../arm-none-eabi/lib/armv6-m\libg_nano.a(lib_a-exit.o)
 .ARM.attributes
                0x00000845       0x2c c:/program files (x86)/cypress/psoc creator/4.4/psoc creator/import/gnu/arm/5.4.1/bin/../lib/gcc/arm-none-eabi/5.4.1/../../../../arm-none-eabi/lib/armv6-m\libg_nano.a(lib_a-impure.o)
 .ARM.attributes
                0x00000871       0x2c c:/program files (x86)/cypress/psoc creator/4.4/psoc creator/import/gnu/arm/5.4.1/bin/../lib/gcc/arm-none-eabi/5.4.1/../../../../arm-none-eabi/lib/armv6-m\libg_nano.a(lib_a-init.o)
 .ARM.attributes
                0x0000089d       0x2c c:/program files (x86)/cypress/psoc creator/4.4/psoc creator/import/gnu/arm/5.4.1/bin/../lib/gcc/arm-none-eabi/5.4.1/../../../../arm-none-eabi/lib/armv6-m\libg_nano.a(lib_a-memcpy-stub.o)
 .ARM.attributes
                0x000008c9       0x2c c:/program files (x86)/cypress/psoc creator/4.4/psoc creator/import/gnu/arm/5.4.1/bin/../lib/gcc/arm-none-eabi/5.4.1/../../../../arm-none-eabi/lib/armv6-m\libg_nano.a(lib_a-memset.o)
 .ARM.attributes
                0x000008f5       0x2c c:/program files (x86)/cypress/psoc creator/4.4/psoc creator/import/gnu/arm/5.4.1/bin/../lib/gcc/arm-none-eabi/5.4.1/../../../../arm-none-eabi/lib/armv6-m\libg_nano.a(lib_a-sprintf.o)
 .ARM.attributes
                0x00000921       0x2c c:/program files (x86)/cypress/psoc creator/4.4/psoc creator/import/gnu/arm/5.4.1/bin/../lib/gcc/arm-none-eabi/5.4.1/../../../../arm-none-eabi/lib/armv6-m\libg_nano.a(lib_a-nano-svfprintf.o)
 .ARM.attributes
                0x0000094d       0x2c c:/program files (x86)/cypress/psoc creator/4.4/psoc creator/import/gnu/arm/5.4.1/bin/../lib/gcc/arm-none-eabi/5.4.1/../../../../arm-none-eabi/lib/armv6-m\libg_nano.a(lib_a-nano-vfprintf_i.o)
 .ARM.attributes
                0x00000979       0x2c c:/program files (x86)/cypress/psoc creator/4.4/psoc creator/import/gnu/arm/5.4.1/bin/../lib/gcc/arm-none-eabi/5.4.1/../../../../arm-none-eabi/lib/armv6-m\libg_nano.a(lib_a-memchr-stub.o)
 .ARM.attributes
                0x000009a5       0x2c c:/program files (x86)/cypress/psoc creator/4.4/psoc creator/import/gnu/arm/5.4.1/bin/../lib/gcc/arm-none-eabi/5.4.1/../../../../arm-none-eabi/lib/armv6-m\libg_nano.a(lib_a-memmove.o)
 .ARM.attributes
                0x000009d1       0x2c c:/program files (x86)/cypress/psoc creator/4.4/psoc creator/import/gnu/arm/5.4.1/bin/../lib/gcc/arm-none-eabi/5.4.1/../../../../arm-none-eabi/lib/armv6-m\libg_nano.a(lib_a-nano-freer.o)
 .ARM.attributes
                0x000009fd       0x2c c:/program files (x86)/cypress/psoc creator/4.4/psoc creator/import/gnu/arm/5.4.1/bin/../lib/gcc/arm-none-eabi/5.4.1/../../../../arm-none-eabi/lib/armv6-m\libg_nano.a(lib_a-nano-mallocr.o)
 .ARM.attributes
                0x00000a29       0x2c c:/program files (x86)/cypress/psoc creator/4.4/psoc creator/import/gnu/arm/5.4.1/bin/../lib/gcc/arm-none-eabi/5.4.1/../../../../arm-none-eabi/lib/armv6-m\libg_nano.a(lib_a-nano-reallocr.o)
 .ARM.attributes
                0x00000a55       0x2c c:/program files (x86)/cypress/psoc creator/4.4/psoc creator/import/gnu/arm/5.4.1/bin/../lib/gcc/arm-none-eabi/5.4.1/../../../../arm-none-eabi/lib/armv6-m\libg_nano.a(lib_a-sbrkr.o)
 .ARM.attributes
                0x00000a81       0x2c c:/program files (x86)/cypress/psoc creator/4.4/psoc creator/import/gnu/arm/5.4.1/bin/../lib/gcc/arm-none-eabi/5.4.1/../../../../arm-none-eabi/lib/armv6-m\libg_nano.a(lib_a-mlock.o)
 .ARM.attributes
                0x00000aad       0x2c c:/program files (x86)/cypress/psoc creator/4.4/psoc creator/import/gnu/arm/5.4.1/bin/../lib/gcc/arm-none-eabi/5.4.1/../../../../arm-none-eabi/lib/armv6-m\libg_nano.a(lib_a-nano-msizer.o)
 .ARM.attributes
                0x00000ad9       0x2c c:/program files (x86)/cypress/psoc creator/4.4/psoc creator/import/gnu/arm/5.4.1/bin/../lib/gcc/arm-none-eabi/5.4.1/../../../../arm-none-eabi/lib/armv6-m\libg_nano.a(lib_a-reent.o)
 .ARM.attributes
                0x00000b05       0x2c c:/program files (x86)/cypress/psoc creator/4.4/psoc creator/import/gnu/arm/5.4.1/bin/../lib/gcc/arm-none-eabi/5.4.1/armv6-m/crtend.o
 .ARM.attributes
                0x00000b31       0x1e c:/program files (x86)/cypress/psoc creator/4.4/psoc creator/import/gnu/arm/5.4.1/bin/../lib/gcc/arm-none-eabi/5.4.1/armv6-m/crtn.o

/DISCARD/
 *(.note.GNU-stack)
OUTPUT(\\Mac\Home\Desktop\Dashboard-Firmware-FE10-Updated\Dashboard-Firmware-FE9\Dashboard.cydsn\CortexM0\ARM_GCC_541\Debug\Dashboard.elf elf32-littlearm)
