Archive member included to satisfy reference by file (symbol)

.\CortexM0\ARM_GCC_541\Debug\Dashboard.a(RGB1_1.o)
                              .\CortexM0\ARM_GCC_541\Debug\main.o (RGB1_1_Write)
.\CortexM0\ARM_GCC_541\Debug\Dashboard.a(RGB2_1.o)
                              .\CortexM0\ARM_GCC_541\Debug\main.o (RGB2_1_Write)
.\CortexM0\ARM_GCC_541\Debug\Dashboard.a(RGB3_1.o)
                              .\CortexM0\ARM_GCC_541\Debug\main.o (RGB3_1_Write)
.\CortexM0\ARM_GCC_541\Debug\Dashboard.a(CyLib.o)
                              .\CortexM0\ARM_GCC_541\Debug\cyfitter_cfg.o (CyIntSetVector)
.\CortexM0\ARM_GCC_541\Debug\Dashboard.a(CyLFClk.o)
                              .\CortexM0\ARM_GCC_541\Debug\Dashboard.a(CyLib.o) (CySysClkWcoEnabled)
.\CortexM0\ARM_GCC_541\Debug\Dashboard.a(Buzzer.o)
                              .\CortexM0\ARM_GCC_541\Debug\main.o (Buzzer_Write)
.\CortexM0\ARM_GCC_541\Debug\Dashboard.a(D_RST.o)
                              .\CortexM0\ARM_GCC_541\Debug\ugui_SSD1963.o (D_RST_Write)
.\CortexM0\ARM_GCC_541\Debug\Dashboard.a(D_BL.o)
                              .\CortexM0\ARM_GCC_541\Debug\main.o (D_BL_Write)
.\CortexM0\ARM_GCC_541\Debug\Dashboard.a(GraphicLCDIntf.o)
                              .\CortexM0\ARM_GCC_541\Debug\main.o (GraphicLCDIntf_Start)
.\CortexM0\ARM_GCC_541\Debug\Dashboard.a(CAN.o)
                              .\CortexM0\ARM_GCC_541\Debug\main.o (CAN_GlobalIntEnable)
.\CortexM0\ARM_GCC_541\Debug\Dashboard.a(CAN_INT.o)
                              .\CortexM0\ARM_GCC_541\Debug\Dashboard.a(CAN.o) (CAN_ISR)
.\CortexM0\ARM_GCC_541\Debug\Dashboard.a(CAN_TX_RX_func.o)
                              .\CortexM0\ARM_GCC_541\Debug\can_manga.o (CAN_SendMsg)
.\CortexM0\ARM_GCC_541\Debug\Dashboard.a(IMD_LED.o)
                              .\CortexM0\ARM_GCC_541\Debug\main.o (IMD_LED_Write)
.\CortexM0\ARM_GCC_541\Debug\Dashboard.a(BMS_LED.o)
                              .\CortexM0\ARM_GCC_541\Debug\main.o (BMS_LED_Write)
.\CortexM0\ARM_GCC_541\Debug\Dashboard.a(ADC_GLV_V.o)
                              .\CortexM0\ARM_GCC_541\Debug\main.o (ADC_GLV_V_Start)
.\CortexM0\ARM_GCC_541\Debug\Dashboard.a(ADC_GLV_V_INT.o)
                              .\CortexM0\ARM_GCC_541\Debug\Dashboard.a(ADC_GLV_V.o) (ADC_GLV_V_ISR)
.\CortexM0\ARM_GCC_541\Debug\Dashboard.a(HV.o)
                              .\CortexM0\ARM_GCC_541\Debug\main.o (HV_Read)
.\CortexM0\ARM_GCC_541\Debug\Dashboard.a(Drive.o)
                              .\CortexM0\ARM_GCC_541\Debug\main.o (Drive_Read)
.\CortexM0\ARM_GCC_541\Debug\Dashboard.a(ReadyToDrive_Timer.o)
                              .\CortexM0\ARM_GCC_541\Debug\main.o (ReadyToDrive_Timer_Enable)
.\CortexM0\ARM_GCC_541\Debug\Dashboard.a(ReadyToDrive_Int.o)
                              .\CortexM0\ARM_GCC_541\Debug\main.o (ReadyToDrive_Int_Start)
.\CortexM0\ARM_GCC_541\Debug\Dashboard.a(CyBootAsmGnu.o)
                              .\CortexM0\ARM_GCC_541\Debug\Dashboard.a(CyLib.o) (CyDelayCycles)
.\CortexM0\ARM_GCC_541\Debug\Dashboard.a(CyFlash.o)
                              .\CortexM0\ARM_GCC_541\Debug\Dashboard.a(CyLib.o) (CySysFlashSetWaitCycles)
c:/program files (x86)/cypress/psoc creator/4.4/psoc creator/import/gnu/arm/5.4.1/bin/../lib/gcc/arm-none-eabi/5.4.1/armv6-m\libgcc.a(_thumb1_case_uqi.o)
                              .\CortexM0\ARM_GCC_541\Debug\frucd_display.o (__gnu_thumb1_case_uqi)
c:/program files (x86)/cypress/psoc creator/4.4/psoc creator/import/gnu/arm/5.4.1/bin/../lib/gcc/arm-none-eabi/5.4.1/armv6-m\libgcc.a(_udivsi3.o)
                              .\CortexM0\ARM_GCC_541\Debug\frucd_display.o (__aeabi_uidiv)
c:/program files (x86)/cypress/psoc creator/4.4/psoc creator/import/gnu/arm/5.4.1/bin/../lib/gcc/arm-none-eabi/5.4.1/armv6-m\libgcc.a(_divsi3.o)
                              .\CortexM0\ARM_GCC_541\Debug\Dashboard.a(CyLFClk.o) (__aeabi_idiv)
c:/program files (x86)/cypress/psoc creator/4.4/psoc creator/import/gnu/arm/5.4.1/bin/../lib/gcc/arm-none-eabi/5.4.1/armv6-m\libgcc.a(_dvmd_tls.o)
                              c:/program files (x86)/cypress/psoc creator/4.4/psoc creator/import/gnu/arm/5.4.1/bin/../lib/gcc/arm-none-eabi/5.4.1/armv6-m\libgcc.a(_udivsi3.o) (__aeabi_idiv0)
c:/program files (x86)/cypress/psoc creator/4.4/psoc creator/import/gnu/arm/5.4.1/bin/../lib/gcc/arm-none-eabi/5.4.1/armv6-m\libgcc.a(_aeabi_ldivmod.o)
                              .\CortexM0\ARM_GCC_541\Debug\Dashboard.a(ADC_GLV_V.o) (__aeabi_ldivmod)
c:/program files (x86)/cypress/psoc creator/4.4/psoc creator/import/gnu/arm/5.4.1/bin/../lib/gcc/arm-none-eabi/5.4.1/armv6-m\libgcc.a(_muldi3.o)
                              .\CortexM0\ARM_GCC_541\Debug\Dashboard.a(ADC_GLV_V.o) (__aeabi_lmul)
c:/program files (x86)/cypress/psoc creator/4.4/psoc creator/import/gnu/arm/5.4.1/bin/../lib/gcc/arm-none-eabi/5.4.1/armv6-m\libgcc.a(bpabi.o)
[...]
Memory Configuration

Name             Origin             Length             Attributes
rom              0x00000000         0x00020000         xr
ram              0x20000000         0x00004000         xrw
*default*        0x00000000         0xffffffff

Linker script and memory map

LOAD c:/program files (x86)/cypress/psoc creator/4.4/psoc creator/import/gnu/arm/5.4.1/bin/../lib/gcc/arm-none-eabi/5.4.1/armv6-m/crti.o
LOAD c:/program files (x86)/cypress/psoc creator/4.4/psoc creator/import/gnu/arm/5.4.1/bin/../lib/gcc/arm-none-eabi/5.4.1/armv6-m/crtbegin.o
LOAD c:/program files (x86)/cypress/psoc creator/4.4/psoc creator/import/gnu/arm/5.4.1/bin/../lib/gcc/arm-none-eabi/5.4.1/../../../../arm-none-eabi/lib/armv6-m/crt0.o
START GROUP
LOAD .\CortexM0\ARM_GCC_541\Debug\ugui.o
LOAD .\CortexM0\ARM_GCC_541\Debug\ugui_SSD1963.o
LOAD .\CortexM0\ARM_GCC_541\Debug\frucd_display.o
LOAD .\CortexM0\ARM_GCC_541\Debug\main.o
LOAD .\CortexM0\ARM_GCC_541\Debug\can_manga.o
LOAD .\CortexM0\ARM_GCC_541\Debug\cyfitter_cfg.o
LOAD .\CortexM0\ARM_GCC_541\Debug\cymetadata.o
LOAD .\CortexM0\ARM_GCC_541\Debug\Cm0Start.o
LOAD .\CortexM0\ARM_GCC_541\Debug\Dashboard.a
END GROUP
START GROUP
LOAD c:/program files (x86)/cypress/psoc creator/4.4/psoc creator/import/gnu/arm/5.4.1/bin/../lib/gcc/arm-none-eabi/5.4.1/armv6-m\libgcc.a
LOAD c:/program files (x86)/cypress/psoc creator/4.4/psoc creator/import/gnu/arm/5.4.1/bin/../lib/gcc/arm-none-eabi/5.4.1/../../../../arm-none-eabi/lib/armv6-m\libg_nano.a
LOAD c:/program files (x86)/cypress/psoc creator/4.4/psoc creator/import/gnu/arm/5.4.1/bin/../lib/gcc/arm-none-eabi/5.4.1/../../../../arm-none-eabi/lib/armv6-m\libc_nano.a
END GROUP
START GROUP
LOAD c:/program files (x86)/cypress/psoc creator/4.4/psoc creator/import/gnu/arm/5.4.1/bin/../lib/gcc/arm-none-eabi/5.4.1/armv6-m\libgcc.a
LOAD c:/program files (x86)/cypress/psoc creator/4.4/psoc creator/import/gnu/arm/5.4.1/bin/../lib/gcc/arm-none-eabi/5.4.1/../../../../arm-none-eabi/lib/armv6-m\libc_nano.a
END GROUP
LOAD c:/program files (x86)/cypress/psoc creator/4.4/psoc creator/import/gnu/arm/5.4.1/bin/../lib/gcc/arm-none-eabi/5.4.1/armv6-m/crtend.o
LOAD c:/program files (x86)/cypress/psoc creator/4.4/psoc creator/import/gnu/arm/5.4.1/bin/../lib/gcc/arm-none-eabi/5.4.1/armv6-m/crtn.o
START GROUP
LOAD c:/program files (x86)/cypress/psoc creator/4.4/psoc creator/import/gnu/arm/5.4.1/bin/../lib/gcc/arm-none-eabi/5.4.1/armv6-m\libgcc.a
LOAD c:/program files (x86)/cypress/psoc creator/4.4/psoc creator/import/gnu/arm/5.4.1/bin/../lib/gcc/arm-none-eabi/5.4.1/../../../../arm-none-eabi/lib/armv6-m\libc.a
LOAD c:/program files (x86)/cypress/psoc creator/4.4/psoc creator/import/gnu/arm/5.4.1/bin/../lib/gcc/arm-none-eabi/5.4.1/../../../../arm-none-eabi/lib/armv6-m\libnosys.a
END GROUP
                0x00000000                CY_APPL_ORIGIN = 0x0
                0x00000080                CY_FLASH_ROW_SIZE = 0x80
                0x00000001                CY_APPL_NUM = 0x1
                0x00000001                CY_APPL_MAX = 0x1
                0x00000040                CY_METADATA_SIZE = 0x40
                0x00000000                CY_APPL_LOADABLE = 0x0
                0x00000000                CY_CHECKSUM_EXCLUDE_SIZE = ALIGN (0x0, CY_FLASH_ROW_SIZE)
                0x00000000                CY_APP_FOR_STACK_AND_COPIER = 0x0
                [!provide]                PROVIDE (__cy_heap_start, _end)
                0x00000001                PROVIDE (__cy_region_num, ((__cy_regions_end - __cy_regions) / 0x10))
                0x20004000                PROVIDE (__cy_stack, (ORIGIN (ram) + LENGTH (ram)))
                [!provide]                PROVIDE (__cy_heap_end, (__cy_stack - 0x800))

.cybootloader   0x00000000        0x0
 *(.cybootloader)
                0x00000000                appl1_start = CY_APPL_ORIGIN?CY_APPL_ORIGIN:ALIGN (CY_FLASH_ROW_SIZE)
                0x0000ff80                appl2_start = (appl1_start + ALIGN ((((LENGTH (rom) - appl1_start) - (0x2 * CY_FLASH_ROW_SIZE)) / 0x2), CY_FLASH_ROW_SIZE))
                0x00000000                appl_start = (CY_APPL_NUM == 0x1)?appl1_start:appl2_start
                0x00000001                cy_project_type_bootloader = (appl_start == 0x0)?0x1:0x0
                0x00000000                cy_project_type_app_for_stack_and_copier = (CY_APP_FOR_STACK_AND_COPIER == 0x1)?0x1:0x0

.text           0x00000000     0x2fea
 CREATE_OBJECT_SYMBOLS
                0x00000000                PROVIDE (__cy_interrupt_vector, RomVectors)
 *(.romvectors)
 .romvectors    0x00000000       0x10 .\CortexM0\ARM_GCC_541\Debug\Cm0Start.o
                0x00000000                RomVectors
                0x00000001                ASSERT ((. != __cy_interrupt_vector), No interrupt vector)
                0x00000001                ASSERT (CY_APPL_ORIGIN?(SIZEOF (.cybootloader) <= CY_APPL_ORIGIN):0x1, Wrong image location)
                0x00000010                PROVIDE (__cy_reset, Reset)
 *(.text.Reset)
 .text.Reset    0x00000010        0x6 .\CortexM0\ARM_GCC_541\Debug\Cm0Start.o
                0x00000010                Reset
                0x00000001                ASSERT ((. != __cy_reset), No reset code)
 *(.psocinit)
 *fill*         0x00000016        0x2 
 .psocinit      0x00000018      0x2c0 .\CortexM0\ARM_GCC_541\Debug\cyfitter_cfg.o
                0x00000018                cyfitter_cfg
                0x000002d8                . = MAX (., 0x100)
 *(.text .text.* .gnu.linkonce.t.*)
 .text          0x000002d8       0x60 c:/program files (x86)/cypress/psoc creator/4.4/psoc creator/import/gnu/arm/5.4.1/bin/../lib/gcc/arm-none-eabi/5.4.1/armv6-m/crtbegin.o
 .text.UG_Init  0x00000338       0x6c .\CortexM0\ARM_GCC_541\Debug\ugui.o
                0x00000338                UG_Init
 .text.UG_FontSelect
                0x000003a4       0x18 .\CortexM0\ARM_GCC_541\Debug\ugui.o
                0x000003a4                UG_FontSelect
 .text.UG_FillFrame
                0x000003bc       0x6c .\CortexM0\ARM_GCC_541\Debug\ugui.o
                0x000003bc                UG_FillFrame
 .text.UG_FillScreen
                0x00000428       0x24 .\CortexM0\ARM_GCC_541\Debug\ugui.o
                0x00000428                UG_FillScreen
 .text.UG_SetForecolor
                0x0000044c        0xc .\CortexM0\ARM_GCC_541\Debug\ugui.o
                0x0000044c                UG_SetForecolor
 .text.UG_SetBackcolor
                0x00000458        0xc .\CortexM0\ARM_GCC_541\Debug\ugui.o
                0x00000458                UG_SetBackcolor
 .text._UG_PutChar
                0x00000464      0x31c .\CortexM0\ARM_GCC_541\Debug\ugui.o
                0x00000464                _UG_PutChar
 .text.UG_PutChar
                0x00000780       0x18 .\CortexM0\ARM_GCC_541\Debug\ugui.o
                0x00000780                UG_PutChar
 .text.UG_PutString
                0x00000798       0x80 .\CortexM0\ARM_GCC_541\Debug\ugui.o
                0x00000798                UG_PutString
 .text.UG_PutColorString
                0x00000818       0x84 .\CortexM0\ARM_GCC_541\Debug\ugui.o
                0x00000818                UG_PutColorString
 .text.UG_DriverRegister
                0x0000089c       0x1c .\CortexM0\ARM_GCC_541\Debug\ugui.o
                0x0000089c                UG_DriverRegister
 .text.Display_Init
                0x000008b8      0x254 .\CortexM0\ARM_GCC_541\Debug\ugui_SSD1963.o
                0x000008b8                Display_Init
 .text.Display_WindowSet
                0x00000b0c       0x46 .\CortexM0\ARM_GCC_541\Debug\ugui_SSD1963.o
                0x00000b0c                Display_WindowSet
 .text.Display_PSet
                0x00000b52       0x42 .\CortexM0\ARM_GCC_541\Debug\ugui_SSD1963.o
                0x00000b52                Display_PSet
 .text.HW_FillFrame
                0x00000b94       0x7c .\CortexM0\ARM_GCC_541\Debug\ugui_SSD1963.o
                0x00000b94                HW_FillFrame
 .text.HW_DrawLine
                0x00000c10       0x3c .\CortexM0\ARM_GCC_541\Debug\ugui_SSD1963.o
                0x00000c10                HW_DrawLine
 .text.HW_DrawImage
                0x00000c4c       0x58 .\CortexM0\ARM_GCC_541\Debug\ugui_SSD1963.o
                0x00000c4c                HW_DrawImage
 .text.calibrateScreen
                0x00000ca4       0x70 .\CortexM0\ARM_GCC_541\Debug\frucd_display.o
                0x00000ca4                calibrateScreen
 .text.driveTemplate
                0x00000d14       0x48 .\CortexM0\ARM_GCC_541\Debug\frucd_display.o
                0x00000d14                driveTemplate
 .text.disp_SOC
                0x00000d5c      0x15c .\CortexM0\ARM_GCC_541\Debug\frucd_display.o
                0x00000d5c                disp_SOC
 .text.disp_max_pack_temp
                0x00000eb8      0x10c .\CortexM0\ARM_GCC_541\Debug\frucd_display.o
                0x00000eb8                disp_max_pack_temp
 .text.disp_state
                0x00000fc4      0x2b8 .\CortexM0\ARM_GCC_541\Debug\frucd_display.o
                0x00000fc4                disp_state
 .text.disp_glv_v
                0x0000127c      0x124 .\CortexM0\ARM_GCC_541\Debug\frucd_display.o
                0x0000127c                disp_glv_v
 .text.LED_color
                0x000013a0       0x5a .\CortexM0\ARM_GCC_541\Debug\main.o
                0x000013a0                LED_color
 .text.LED_color_wheel
                0x000013fa       0x1a .\CortexM0\ARM_GCC_541\Debug\main.o
                0x000013fa                LED_color_wheel
 .text.startup.main
                0x00001414      0x18c .\CortexM0\ARM_GCC_541\Debug\main.o
                0x00001414                main
 .text.can_send
                0x000015a0       0x2e .\CortexM0\ARM_GCC_541\Debug\can_manga.o
                0x000015a0                can_send
 *fill*         0x000015ce        0x2 
 .text.can_send_switches
                0x000015d0       0x1c .\CortexM0\ARM_GCC_541\Debug\can_manga.o
                0x000015d0                can_send_switches
 .text.can_send_cmd
                0x000015ec       0x2c .\CortexM0\ARM_GCC_541\Debug\can_manga.o
                0x000015ec                can_send_cmd
 .text.SetAnalogRoutingPumps
                0x00001618       0x1c .\CortexM0\ARM_GCC_541\Debug\cyfitter_cfg.o
                0x00001618                SetAnalogRoutingPumps
 .text.IntDefaultHandler
                0x00001634       0x10 .\CortexM0\ARM_GCC_541\Debug\Cm0Start.o
                0x00001634                IntDefaultHandler
 .text._sbrk    0x00001644       0x2c .\CortexM0\ARM_GCC_541\Debug\Cm0Start.o
                0x00001644                _sbrk
 .text.Start_c  0x00001670       0x4c .\CortexM0\ARM_GCC_541\Debug\Cm0Start.o
                0x00001670                Start_c
 .text.startup.initialize_psoc
                0x000016bc       0x48 .\CortexM0\ARM_GCC_541\Debug\Cm0Start.o
                0x000016bc                initialize_psoc
 .text.RGB1_1_Write
                0x00001704       0x18 .\CortexM0\ARM_GCC_541\Debug\Dashboard.a(RGB1_1.o)
                0x00001704                RGB1_1_Write
 .text.RGB2_1_Write
                0x0000171c       0x18 .\CortexM0\ARM_GCC_541\Debug\Dashboard.a(RGB2_1.o)
                0x0000171c                RGB2_1_Write
 .text.RGB3_1_Write
                0x00001734       0x18 .\CortexM0\ARM_GCC_541\Debug\Dashboard.a(RGB3_1.o)
                0x00001734                RGB3_1_Write
 .text.CySysClkImoDisableWcoLock
                0x0000174c       0x50 .\CortexM0\ARM_GCC_541\Debug\Dashboard.a(CyLib.o)
                0x0000174c                CySysClkImoDisableWcoLock
 .text.CySysClkImoGetWcoLock
                0x0000179c       0x10 .\CortexM0\ARM_GCC_541\Debug\Dashboard.a(CyLib.o)
                0x0000179c                CySysClkImoGetWcoLock
 .text.CyIntSetVector
                0x000017ac       0x18 .\CortexM0\ARM_GCC_541\Debug\Dashboard.a(CyLib.o)
                0x000017ac                CyIntSetVector
 .text.CyIntSetPriority
                0x000017c4       0x40 .\CortexM0\ARM_GCC_541\Debug\Dashboard.a(CyLib.o)
                0x000017c4                CyIntSetPriority
 .text.CyIntEnable
                0x00001804       0x14 .\CortexM0\ARM_GCC_541\Debug\Dashboard.a(CyLib.o)
                0x00001804                CyIntEnable
 .text.CyIntDisable
                0x00001818       0x14 .\CortexM0\ARM_GCC_541\Debug\Dashboard.a(CyLib.o)
                0x00001818                CyIntDisable
 .text.CyHalt   0x0000182c        0x4 .\CortexM0\ARM_GCC_541\Debug\Dashboard.a(CyLib.o)
                0x0000182c                CyHalt
 .text.CyDelay  0x00001830       0x2c .\CortexM0\ARM_GCC_541\Debug\Dashboard.a(CyLib.o)
                0x00001830                CyDelay
 .text.CySysClkImoEnableWcoLock
                0x0000185c       0xe4 .\CortexM0\ARM_GCC_541\Debug\Dashboard.a(CyLib.o)
                0x0000185c                CySysClkImoEnableWcoLock
 .text.CySysClkWriteImoFreq
                0x00001940       0x80 .\CortexM0\ARM_GCC_541\Debug\Dashboard.a(CyLib.o)
                0x00001940                CySysClkWriteImoFreq
 .text.CyDelayUs
                0x000019c0       0x14 .\CortexM0\ARM_GCC_541\Debug\Dashboard.a(CyLib.o)
                0x000019c0                CyDelayUs
 .text.CySysClkWcoEnabled
                0x000019d4        0xc .\CortexM0\ARM_GCC_541\Debug\Dashboard.a(CyLFClk.o)
                0x000019d4                CySysClkWcoEnabled
 .text.CySysWdtLock
                0x000019e0       0x1c .\CortexM0\ARM_GCC_541\Debug\Dashboard.a(CyLFClk.o)
                0x000019e0                CySysWdtLock
 .text.CySysWdtUnlock
                0x000019fc       0x30 .\CortexM0\ARM_GCC_541\Debug\Dashboard.a(CyLFClk.o)
                0x000019fc                CySysWdtUnlock
 .text.CySysWdtClearInterrupt
                0x00001a2c       0x54 .\CortexM0\ARM_GCC_541\Debug\Dashboard.a(CyLFClk.o)
                0x00001a2c                CySysWdtClearInterrupt
 .text.CySysWdtIsr
                0x00001a80       0xa0 .\CortexM0\ARM_GCC_541\Debug\Dashboard.a(CyLFClk.o)
                0x00001a80                CySysWdtIsr
 .text.Buzzer_Write
                0x00001b20       0x18 .\CortexM0\ARM_GCC_541\Debug\Dashboard.a(Buzzer.o)
                0x00001b20                Buzzer_Write
 .text.D_RST_Write
                0x00001b38       0x18 .\CortexM0\ARM_GCC_541\Debug\Dashboard.a(D_RST.o)
                0x00001b38                D_RST_Write
 .text.D_BL_Write
                0x00001b50       0x18 .\CortexM0\ARM_GCC_541\Debug\Dashboard.a(D_BL.o)
                0x00001b50                D_BL_Write
 .text.GraphicLCDIntf_Init
                0x00001b68       0x18 .\CortexM0\ARM_GCC_541\Debug\Dashboard.a(GraphicLCDIntf.o)
                0x00001b68                GraphicLCDIntf_Init
 .text.GraphicLCDIntf_Start
                0x00001b80       0x18 .\CortexM0\ARM_GCC_541\Debug\Dashboard.a(GraphicLCDIntf.o)
                0x00001b80                GraphicLCDIntf_Start
 .text.GraphicLCDIntf_Write8
                0x00001b98       0x24 .\CortexM0\ARM_GCC_541\Debug\Dashboard.a(GraphicLCDIntf.o)
                0x00001b98                GraphicLCDIntf_Write8
 .text.GraphicLCDIntf_WriteM8
                0x00001bbc       0x34 .\CortexM0\ARM_GCC_541\Debug\Dashboard.a(GraphicLCDIntf.o)
                0x00001bbc                GraphicLCDIntf_WriteM8
 .text.CAN_Stop
                0x00001bf0       0x30 .\CortexM0\ARM_GCC_541\Debug\Dashboard.a(CAN.o)
                0x00001bf0                CAN_Stop
 .text.CAN_GlobalIntEnable
                0x00001c20       0x14 .\CortexM0\ARM_GCC_541\Debug\Dashboard.a(CAN.o)
                0x00001c20                CAN_GlobalIntEnable
 .text.CAN_Enable
                0x00001c34       0x40 .\CortexM0\ARM_GCC_541\Debug\Dashboard.a(CAN.o)
                0x00001c34                CAN_Enable
 .text.CAN_SetTsegSample
                0x00001c74       0x80 .\CortexM0\ARM_GCC_541\Debug\Dashboard.a(CAN.o)
                0x00001c74                CAN_SetTsegSample
 .text.CAN_SetIrqMask
                0x00001cf4       0x18 .\CortexM0\ARM_GCC_541\Debug\Dashboard.a(CAN.o)
                0x00001cf4                CAN_SetIrqMask
 .text.CAN_RxBufConfig
                0x00001d0c       0x90 .\CortexM0\ARM_GCC_541\Debug\Dashboard.a(CAN.o)
                0x00001d0c                CAN_RxBufConfig
 .text.CAN_TxBufConfig
                0x00001d9c       0x58 .\CortexM0\ARM_GCC_541\Debug\Dashboard.a(CAN.o)
                0x00001d9c                CAN_TxBufConfig
 .text.CAN_RxTxBuffersConfig
                0x00001df4       0x38 .\CortexM0\ARM_GCC_541\Debug\Dashboard.a(CAN.o)
                0x00001df4                CAN_RxTxBuffersConfig
 .text.CAN_Init
                0x00001e2c       0xf0 .\CortexM0\ARM_GCC_541\Debug\Dashboard.a(CAN.o)
                0x00001e2c                CAN_Init
 .text.CAN_Start
                0x00001f1c       0x24 .\CortexM0\ARM_GCC_541\Debug\Dashboard.a(CAN.o)
                0x00001f1c                CAN_Start
 .text.CAN_BusOffIsr
                0x00001f40       0x14 .\CortexM0\ARM_GCC_541\Debug\Dashboard.a(CAN_INT.o)
                0x00001f40                CAN_BusOffIsr
 .text.CAN_MsgRXIsr
                0x00001f54       0x44 .\CortexM0\ARM_GCC_541\Debug\Dashboard.a(CAN_INT.o)
                0x00001f54                CAN_MsgRXIsr
 .text.CAN_ISR  0x00001f98       0x20 .\CortexM0\ARM_GCC_541\Debug\Dashboard.a(CAN_INT.o)
                0x00001f98                CAN_ISR
 .text.CAN_SendMsg
                0x00001fb8      0x100 .\CortexM0\ARM_GCC_541\Debug\Dashboard.a(CAN_TX_RX_func.o)
                0x00001fb8                CAN_SendMsg
 .text.CAN_SendMsgDRIVER_SWITCHES
                0x000020b8       0x18 .\CortexM0\ARM_GCC_541\Debug\Dashboard.a(CAN_TX_RX_func.o)
                0x000020b8                CAN_SendMsgDRIVER_SWITCHES
 .text.CAN_ReceiveMsg
                0x000020d0       0x1c .\CortexM0\ARM_GCC_541\Debug\Dashboard.a(CAN_TX_RX_func.o)
                0x000020d0                CAN_ReceiveMsg
 .text.IMD_LED_Write
                0x000020ec       0x18 .\CortexM0\ARM_GCC_541\Debug\Dashboard.a(IMD_LED.o)
                0x000020ec                IMD_LED_Write
 .text.BMS_LED_Write
                0x00002104       0x18 .\CortexM0\ARM_GCC_541\Debug\Dashboard.a(BMS_LED.o)
                0x00002104                BMS_LED_Write
 .text.ADC_GLV_V_Init
                0x0000211c      0x100 .\CortexM0\ARM_GCC_541\Debug\Dashboard.a(ADC_GLV_V.o)
                0x0000211c                ADC_GLV_V_Init
 .text.ADC_GLV_V_Enable
                0x0000221c       0x2c .\CortexM0\ARM_GCC_541\Debug\Dashboard.a(ADC_GLV_V.o)
                0x0000221c                ADC_GLV_V_Enable
 .text.ADC_GLV_V_Start
                0x00002248       0x1c .\CortexM0\ARM_GCC_541\Debug\Dashboard.a(ADC_GLV_V.o)
                0x00002248                ADC_GLV_V_Start
 .text.ADC_GLV_V_GetResult16
                0x00002264       0x24 .\CortexM0\ARM_GCC_541\Debug\Dashboard.a(ADC_GLV_V.o)
                0x00002264                ADC_GLV_V_GetResult16
 .text.ADC_GLV_V_CountsTo_mVolts
                0x00002288       0x4c .\CortexM0\ARM_GCC_541\Debug\Dashboard.a(ADC_GLV_V.o)
                0x00002288                ADC_GLV_V_CountsTo_mVolts
 .text.ADC_GLV_V_ISR
                0x000022d4        0xc .\CortexM0\ARM_GCC_541\Debug\Dashboard.a(ADC_GLV_V_INT.o)
                0x000022d4                ADC_GLV_V_ISR
 .text.HV_Read  0x000022e0       0x10 .\CortexM0\ARM_GCC_541\Debug\Dashboard.a(HV.o)
                0x000022e0                HV_Read
 .text.Drive_Read
                0x000022f0       0x10 .\CortexM0\ARM_GCC_541\Debug\Dashboard.a(Drive.o)
                0x000022f0                Drive_Read
 .text.ReadyToDrive_Timer_Enable
                0x00002300       0x10 .\CortexM0\ARM_GCC_541\Debug\Dashboard.a(ReadyToDrive_Timer.o)
                0x00002300                ReadyToDrive_Timer_Enable
 .text.ReadyToDrive_Timer_ClearFIFO
                0x00002310       0x1c .\CortexM0\ARM_GCC_541\Debug\Dashboard.a(ReadyToDrive_Timer.o)
                0x00002310                ReadyToDrive_Timer_ClearFIFO
 .text.ReadyToDrive_Timer_Init
                0x0000232c       0x3c .\CortexM0\ARM_GCC_541\Debug\Dashboard.a(ReadyToDrive_Timer.o)
                0x0000232c                ReadyToDrive_Timer_Init
 .text.ReadyToDrive_Int_Interrupt
                0x00002368        0x2 .\CortexM0\ARM_GCC_541\Debug\Dashboard.a(ReadyToDrive_Int.o)
                0x00002368                ReadyToDrive_Int_Interrupt
 *fill*         0x0000236a        0x2 
 .text.ReadyToDrive_Int_SetPriority
                0x0000236c       0x20 .\CortexM0\ARM_GCC_541\Debug\Dashboard.a(ReadyToDrive_Int.o)
                0x0000236c                ReadyToDrive_Int_SetPriority
 .text.ReadyToDrive_Int_Start
                0x0000238c       0x2c .\CortexM0\ARM_GCC_541\Debug\Dashboard.a(ReadyToDrive_Int.o)
                0x0000238c                ReadyToDrive_Int_Start
 .text          0x000023b8       0x20 .\CortexM0\ARM_GCC_541\Debug\Dashboard.a(CyBootAsmGnu.o)
                0x000023b8                CyDelayCycles
                0x000023ca                CyEnterCriticalSection
                0x000023d2                CyExitCriticalSection
 .text.CySysFlashSetWaitCycles
                0x000023d8       0x50 .\CortexM0\ARM_GCC_541\Debug\Dashboard.a(CyFlash.o)
                0x000023d8                CySysFlashSetWaitCycles
 .text          0x00002428       0x14 c:/program files (x86)/cypress/psoc creator/4.4/psoc creator/import/gnu/arm/5.4.1/bin/../lib/gcc/arm-none-eabi/5.4.1/armv6-m\libgcc.a(_thumb1_case_uqi.o)
                0x00002428                __gnu_thumb1_case_uqi
 .text          0x0000243c      0x114 c:/program files (x86)/cypress/psoc creator/4.4/psoc creator/import/gnu/arm/5.4.1/bin/../lib/gcc/arm-none-eabi/5.4.1/armv6-m\libgcc.a(_udivsi3.o)
                0x0000243c                __aeabi_uidiv
                0x0000243c                __udivsi3
                0x00002548                __aeabi_uidivmod
 .text          0x00002550      0x1d4 c:/program files (x86)/cypress/psoc creator/4.4/psoc creator/import/gnu/arm/5.4.1/bin/../lib/gcc/arm-none-eabi/5.4.1/armv6-m\libgcc.a(_divsi3.o)
                0x00002550                __divsi3
                0x00002550                __aeabi_idiv
                0x0000271c                __aeabi_idivmod
 .text          0x00002724        0x4 c:/program files (x86)/cypress/psoc creator/4.4/psoc creator/import/gnu/arm/5.4.1/bin/../lib/gcc/arm-none-eabi/5.4.1/armv6-m\libgcc.a(_dvmd_tls.o)
                0x00002724                __aeabi_idiv0
                0x00002724                __aeabi_ldiv0
 .text.__errno  0x00002728        0xc c:/program files (x86)/cypress/psoc creator/4.4/psoc creator/import/gnu/arm/5.4.1/bin/../lib/gcc/arm-none-eabi/5.4.1/../../../../arm-none-eabi/lib/armv6-m\libg_nano.a(lib_a-errno.o)
                0x00002728                __errno
 .text.__libc_init_array
                0x00002734       0x4c c:/program files (x86)/cypress/psoc creator/4.4/psoc creator/import/gnu/arm/5.4.1/bin/../lib/gcc/arm-none-eabi/5.4.1/../../../../arm-none-eabi/lib/armv6-m\libg_nano.a(lib_a-init.o)
                0x00002734                __libc_init_array
 .text.memcpy   0x00002780       0x12 c:/program files (x86)/cypress/psoc creator/4.4/psoc creator/import/gnu/arm/5.4.1/bin/../lib/gcc/arm-none-eabi/5.4.1/../../../../arm-none-eabi/lib/armv6-m\libg_nano.a(lib_a-memcpy-stub.o)
                0x00002780                memcpy
 .text.memset   0x00002792       0x10 c:/program files (x86)/cypress/psoc creator/4.4/psoc creator/import/gnu/arm/5.4.1/bin/../lib/gcc/arm-none-eabi/5.4.1/../../../../arm-none-eabi/lib/armv6-m\libg_nano.a(lib_a-memset.o)
                0x00002792                memset
 *fill*         0x000027a2        0x2 
 .text.sprintf  0x000027a4       0x44 c:/program files (x86)/cypress/psoc creator/4.4/psoc creator/import/gnu/arm/5.4.1/bin/../lib/gcc/arm-none-eabi/5.4.1/../../../../arm-none-eabi/lib/armv6-m\libg_nano.a(lib_a-sprintf.o)
                0x000027a4                siprintf
                0x000027a4                sprintf
 .text.__ssputs_r
                0x000027e8       0xc4 c:/program files (x86)/cypress/psoc creator/4.4/psoc creator/import/gnu/arm/5.4.1/bin/../lib/gcc/arm-none-eabi/5.4.1/../../../../arm-none-eabi/lib/armv6-m\libg_nano.a(lib_a-nano-svfprintf.o)
                0x000027e8                __ssputs_r
 .text._svfprintf_r
                0x000028ac      0x1fc c:/program files (x86)/cypress/psoc creator/4.4/psoc creator/import/gnu/arm/5.4.1/bin/../lib/gcc/arm-none-eabi/5.4.1/../../../../arm-none-eabi/lib/armv6-m\libg_nano.a(lib_a-nano-svfprintf.o)
                0x000028ac                _svfiprintf_r
                0x000028ac                _svfprintf_r
 .text._printf_common
                0x00002aa8       0xdc c:/program files (x86)/cypress/psoc creator/4.4/psoc creator/import/gnu/arm/5.4.1/bin/../lib/gcc/arm-none-eabi/5.4.1/../../../../arm-none-eabi/lib/armv6-m\libg_nano.a(lib_a-nano-vfprintf_i.o)
                0x00002aa8                _printf_common
 .text._printf_i
                0x00002b84      0x244 c:/program files (x86)/cypress/psoc creator/4.4/psoc creator/import/gnu/arm/5.4.1/bin/../lib/gcc/arm-none-eabi/5.4.1/../../../../arm-none-eabi/lib/armv6-m\libg_nano.a(lib_a-nano-vfprintf_i.o)
                0x00002b84                _printf_i
 .text.memchr   0x00002dc8       0x16 c:/program files (x86)/cypress/psoc creator/4.4/psoc creator/import/gnu/arm/5.4.1/bin/../lib/gcc/arm-none-eabi/5.4.1/../../../../arm-none-eabi/lib/armv6-m\libg_nano.a(lib_a-memchr-stub.o)
                0x00002dc8                memchr
 .text.memmove  0x00002dde       0x2a c:/program files (x86)/cypress/psoc creator/4.4/psoc creator/import/gnu/arm/5.4.1/bin/../lib/gcc/arm-none-eabi/5.4.1/../../../../arm-none-eabi/lib/armv6-m\libg_nano.a(lib_a-memmove.o)
                0x00002dde                memmove
 .text._free_r  0x00002e08       0x98 c:/program files (x86)/cypress/psoc creator/4.4/psoc creator/import/gnu/arm/5.4.1/bin/../lib/gcc/arm-none-eabi/5.4.1/../../../../arm-none-eabi/lib/armv6-m\libg_nano.a(lib_a-nano-freer.o)
                0x00002e08                _free_r
 .text._malloc_r
                0x00002ea0       0xc0 c:/program files (x86)/cypress/psoc creator/4.4/psoc creator/import/gnu/arm/5.4.1/bin/../lib/gcc/arm-none-eabi/5.4.1/../../../../arm-none-eabi/lib/armv6-m\libg_nano.a(lib_a-nano-mallocr.o)
                0x00002ea0                _malloc_r
 .text._realloc_r
                0x00002f60       0x4c c:/program files (x86)/cypress/psoc creator/4.4/psoc creator/import/gnu/arm/5.4.1/bin/../lib/gcc/arm-none-eabi/5.4.1/../../../../arm-none-eabi/lib/armv6-m\libg_nano.a(lib_a-nano-reallocr.o)
                0x00002f60                _realloc_r
 .text._sbrk_r  0x00002fac       0x24 c:/program files (x86)/cypress/psoc creator/4.4/psoc creator/import/gnu/arm/5.4.1/bin/../lib/gcc/arm-none-eabi/5.4.1/../../../../arm-none-eabi/lib/armv6-m\libg_nano.a(lib_a-sbrkr.o)
                0x00002fac                _sbrk_r
 .text.__malloc_lock
                0x00002fd0        0x2 c:/program files (x86)/cypress/psoc creator/4.4/psoc creator/import/gnu/arm/5.4.1/bin/../lib/gcc/arm-none-eabi/5.4.1/../../../../arm-none-eabi/lib/armv6-m\libg_nano.a(lib_a-mlock.o)
                0x00002fd0                __malloc_lock
 .text.__malloc_unlock
                0x00002fd2        0x2 c:/program files (x86)/cypress/psoc creator/4.4/psoc creator/import/gnu/arm/5.4.1/bin/../lib/gcc/arm-none-eabi/5.4.1/../../../../arm-none-eabi/lib/armv6-m\libg_nano.a(lib_a-mlock.o)
                0x00002fd2                __malloc_unlock
 .text._malloc_usable_size_r
                0x00002fd4       0x16 c:/program files (x86)/cypress/psoc creator/4.4/psoc creator/import/gnu/arm/5.4.1/bin/../lib/gcc/arm-none-eabi/5.4.1/../../../../arm-none-eabi/lib/armv6-m\libg_nano.a(lib_a-nano-msizer.o)
                0x00002fd4                _malloc_usable_size_r
 *(.plt)
 *(.gnu.warning)
 *(.glue_7t)
 .glue_7t       0x00002fea        0x0 linker stubs
 *(.glue_7)
 .glue_7        0x00002fea        0x0 linker stubs
 *(.vfp11_veneer)
 .vfp11_veneer  0x00002fea        0x0 linker stubs
 *(.bootloader)
 *(.ARM.extab* .gnu.linkonce.armextab.*)
 *(.gcc_except_table)

.v4_bx          0x00002fec        0x0
 .v4_bx         0x00002fec        0x0 linker stubs

.iplt           0x00002fec        0x0
 .iplt          0x00002fec        0x0 c:/program files (x86)/cypress/psoc creator/4.4/psoc creator/import/gnu/arm/5.4.1/bin/../lib/gcc/arm-none-eabi/5.4.1/armv6-m/crtbegin.o

.eh_frame_hdr
 *(.eh_frame_hdr)

.eh_frame       0x00002fec        0x4
 *(.eh_frame)
 .eh_frame      0x00002fec        0x0 c:/program files (x86)/cypress/psoc creator/4.4/psoc creator/import/gnu/arm/5.4.1/bin/../lib/gcc/arm-none-eabi/5.4.1/armv6-m/crtbegin.o
 .eh_frame      0x00002fec        0x4 c:/program files (x86)/cypress/psoc creator/4.4/psoc creator/import/gnu/arm/5.4.1/bin/../lib/gcc/arm-none-eabi/5.4.1/armv6-m/crtend.o
                [!provide]                PROVIDE (__exidx_start, .)

.ARM.exidx
 *(.ARM.exidx* .gnu.linkonce.armexidx.*)
                0x00002ff0                __exidx_end = .

.rodata         0x00002ff0    0x1c7a0
 *(.rodata .rodata.* .gnu.linkonce.r.*)
 .rodata        0x00002ff0    0x1c190 .\CortexM0\ARM_GCC_541\Debug\ugui.o
                0x00002ff0                pal_button_pressed
                0x00003020                pal_button_released
                0x00003050                pal_checkbox_pressed
                0x00003080                pal_checkbox_released
                0x000030b0                pal_window
                0x000030e0                FONT_32X53
                0x000030f4                FONT_22X36
                0x00003108                FONT_16X26
                0x0000311c                FONT_12X16
                0x00003130                FONT_8X14
                0x00003144                FONT_8X12
                0x00003158                FONT_6X10
                0x0000316c                FONT_5X8
                0x00003180                font_32x53
                0x00010580                font_22x36
                0x00017180                font_16x26
                0x0001a580                font_12x16
                0x0001c580                font_8x14
                0x0001d380                font_8x12
                0x0001df80                font_6x10
                0x0001e980                font_5x8
 .rodata.str1.1
                0x0001f180       0xc2 .\CortexM0\ARM_GCC_541\Debug\frucd_display.o
 *fill*         0x0001f242        0x2 
 .rodata        0x0001f244      0x354 .\CortexM0\ARM_GCC_541\Debug\cyfitter_cfg.o
 .rodata        0x0001f598       0x2e .\CortexM0\ARM_GCC_541\Debug\Dashboard.a(CyLib.o)
                0x0001f598                cyImoFreqMhz2Reg
 *fill*         0x0001f5c6        0x2 
 .rodata        0x0001f5c8      0x160 .\CortexM0\ARM_GCC_541\Debug\Dashboard.a(CAN.o)
 .rodata.str1.1
                0x0001f728       0xc2 c:/program files (x86)/cypress/psoc creator/4.4/psoc creator/import/gnu/arm/5.4.1/bin/../lib/gcc/arm-none-eabi/5.4.1/../../../../arm-none-eabi/lib/armv6-m\libg_nano.a(lib_a-impure.o)
                                  0x2 (size before relaxing)
 .rodata.str1.1
                0x0001f728       0x11 c:/program files (x86)/cypress/psoc creator/4.4/psoc creator/import/gnu/arm/5.4.1/bin/../lib/gcc/arm-none-eabi/5.4.1/../../../../arm-none-eabi/lib/armv6-m\libg_nano.a(lib_a-nano-svfprintf.o)
 .rodata.str1.1
                0x0001f739       0x22 c:/program files (x86)/cypress/psoc creator/4.4/psoc creator/import/gnu/arm/5.4.1/bin/../lib/gcc/arm-none-eabi/5.4.1/../../../../arm-none-eabi/lib/armv6-m\libg_nano.a(lib_a-nano-vfprintf_i.o)
                0x0001f7ec                . = ALIGN (0x4)
 *fill*         0x0001f75b        0x1 
 *(.init)
 .init          0x0001f75c        0x4 c:/program files (x86)/cypress/psoc creator/4.4/psoc creator/import/gnu/arm/5.4.1/bin/../lib/gcc/arm-none-eabi/5.4.1/armv6-m/crti.o
                0x0001f75c                _init
 .init          0x0001f760        0x8 c:/program files (x86)/cypress/psoc creator/4.4/psoc creator/import/gnu/arm/5.4.1/bin/../lib/gcc/arm-none-eabi/5.4.1/armv6-m/crtn.o
                0x0001f768                . = ALIGN (0x4)
                0x0001f768                __preinit_array_start = .
 *(.preinit_array)
                0x0001f768                __preinit_array_end = .
                0x0001f768                . = ALIGN (0x4)
                0x0001f768                __init_array_start = .
 *(SORT(.init_array.*))
 *(.init_array)
 .init_array    0x0001f768        0x4 c:/program files (x86)/cypress/psoc creator/4.4/psoc creator/import/gnu/arm/5.4.1/bin/../lib/gcc/arm-none-eabi/5.4.1/armv6-m/crtbegin.o
 .init_array    0x0001f76c        0x4 .\CortexM0\ARM_GCC_541\Debug\Cm0Start.o
                0x0001f770                __init_array_end = .
                0x0001f770                . = ALIGN (0x4)
 *(.fini)
 .fini          0x0001f770        0x4 c:/program files (x86)/cypress/psoc creator/4.4/psoc creator/import/gnu/arm/5.4.1/bin/../lib/gcc/arm-none-eabi/5.4.1/armv6-m/crti.o
                0x0001f770                _fini
 .fini          0x0001f774        0x8 c:/program files (x86)/cypress/psoc creator/4.4/psoc creator/import/gnu/arm/5.4.1/bin/../lib/gcc/arm-none-eabi/5.4.1/armv6-m/crtn.o
                0x0001f77c                . = ALIGN (0x4)
                0x0001f77c                __fini_array_start = .
 *(.fini_array)
 .fini_array    0x0001f77c        0x4 c:/program files (x86)/cypress/psoc creator/4.4/psoc creator/import/gnu/arm/5.4.1/bin/../lib/gcc/arm-none-eabi/5.4.1/armv6-m/crtbegin.o
 *(SORT(.fini_array.*))
                0x0001f780                __fini_array_end = .
                0x0001f780                . = ALIGN (0x4)
 *crtbegin.o(.ctors)
 *(EXCLUDE_FILE(*crtend.o) .ctors)
 *(SORT(.ctors.*))
 *crtend.o(.ctors)
                0x0001f780                . = ALIGN (0x4)
 *crtbegin.o(.dtors)
 *(EXCLUDE_FILE(*crtend.o) .dtors)
 *(SORT(.dtors.*))
 *crtend.o(.dtors)
                0x0001f780                . = ALIGN (0x4)
                0x0001f780                __cy_regions = .
                0x0001f780        0x4 LONG 0x1f790 __cy_region_init_ram
                0x0001f784        0x4 LONG 0x200000c0 __cy_region_start_data
                0x0001f788        0x4 LONG 0x90 __cy_region_init_size_ram
                0x0001f78c        0x4 LONG 0x130 __cy_region_zero_size_ram
                0x0001f790                __cy_regions_end = .
                0x0001f790                . = ALIGN (0x8)
                0x0001f790                _etext = .

.cy_checksum_exclude
                0x0001f790        0x0
 *(.cy_checksum_exclude)

.ramvectors     0x20000000       0xc0
                0x20000000                __cy_region_start_ram = .
 *(.ramvectors)
 .ramvectors    0x20000000       0xc0 .\CortexM0\ARM_GCC_541\Debug\Cm0Start.o
                0x20000000                CyRamVectors

.noinit
 *(.noinit)

.data           0x200000c0       0x90 load address 0x0001f790
                0x200000c0                __cy_region_start_data = .
 *(.jcr)
 .jcr           0x200000c0        0x0 c:/program files (x86)/cypress/psoc creator/4.4/psoc creator/import/gnu/arm/5.4.1/bin/../lib/gcc/arm-none-eabi/5.4.1/armv6-m/crtbegin.o
 .jcr           0x200000c0        0x4 c:/program files (x86)/cypress/psoc creator/4.4/psoc creator/import/gnu/arm/5.4.1/bin/../lib/gcc/arm-none-eabi/5.4.1/armv6-m/crtend.o
 *(.got.plt)
 *(.got)
 *(.shdata)
 *(.data .data.* .gnu.linkonce.d.*)
 .data          0x200000c4        0x8 .\CortexM0\ARM_GCC_541\Debug\main.o
                0x200000c4                BIG_FONT
                0x200000c8                previous_state
 .data          0x200000cc        0x4 .\CortexM0\ARM_GCC_541\Debug\Cm0Start.o
 .data          0x200000d0       0x14 .\CortexM0\ARM_GCC_541\Debug\Dashboard.a(CyLib.o)
                0x200000d0                CySysClkPumpConfig
                0x200000d4                cydelay32kMs
                0x200000d8                cydelayFreqKhz
                0x200000dc                cydelayFreqMhz
                0x200000e0                cydelayFreqHz
 .data          0x200000e4        0x8 .\CortexM0\ARM_GCC_541\Debug\Dashboard.a(CyLFClk.o)
 .data.impure_data
                0x200000ec       0x60 c:/program files (x86)/cypress/psoc creator/4.4/psoc creator/import/gnu/arm/5.4.1/bin/../lib/gcc/arm-none-eabi/5.4.1/../../../../arm-none-eabi/lib/armv6-m\libg_nano.a(lib_a-impure.o)
 .data._impure_ptr
                0x2000014c        0x4 c:/program files (x86)/cypress/psoc creator/4.4/psoc creator/import/gnu/arm/5.4.1/bin/../lib/gcc/arm-none-eabi/5.4.1/../../../../arm-none-eabi/lib/armv6-m\libg_nano.a(lib_a-impure.o)
                0x2000014c                _impure_ptr
                0x20000150                . = ALIGN (0x8)
 *(.ram)
                0x20000150                _edata = .

.igot.plt       0x20000150        0x0 load address 0x0001f820
 .igot.plt      0x20000150        0x0 c:/program files (x86)/cypress/psoc creator/4.4/psoc creator/import/gnu/arm/5.4.1/bin/../lib/gcc/arm-none-eabi/5.4.1/armv6-m/crtbegin.o

.bss            0x20000150      0x130 load address 0x0001f820
                0x20000150                PROVIDE (__bss_start__, .)
 *(.shbss)
 *(.bss .bss.* .gnu.linkonce.b.*)
 .bss           0x20000150       0x1c c:/program files (x86)/cypress/psoc creator/4.4/psoc creator/import/gnu/arm/5.4.1/bin/../lib/gcc/arm-none-eabi/5.4.1/armv6-m/crtbegin.o
 .bss           0x2000016c        0xc .\CortexM0\ARM_GCC_541\Debug\ugui.o
 .bss           0x20000178       0x32 .\CortexM0\ARM_GCC_541\Debug\main.o
                0x20000178                BSPD_CATCH
                0x20000179                SMALL_FONT
                0x2000017c                pedalOK
                0x20000180                state
                0x20000182                bms_status
                0x20000184                switches
                0x20000185                shutdown_flags
                0x20000186                soc
                0x20000187                PACK_TEMP
                0x20000188                motor_temp
                0x2000018a                mc_temp
                0x2000018c                fault
                0x20000190                firstDrive
                0x20000194                firstHV
                0x20000198                firstLV
                0x2000019c                firstStart
                0x200001a0                curr_voltage
                0x200001a2                charge
                0x200001a4                voltage
                0x200001a8                CURRENT
 *fill*         0x200001aa        0x2 
 .bss           0x200001ac       0x28 .\CortexM0\ARM_GCC_541\Debug\Dashboard.a(CyLFClk.o)
 .bss           0x200001d4        0x1 .\CortexM0\ARM_GCC_541\Debug\Dashboard.a(GraphicLCDIntf.o)
                0x200001d4                GraphicLCDIntf_initVar
 .bss           0x200001d5        0x1 .\CortexM0\ARM_GCC_541\Debug\Dashboard.a(CAN.o)
                0x200001d5                CAN_initVar
 .bss           0x200001d6        0x1 .\CortexM0\ARM_GCC_541\Debug\Dashboard.a(ADC_GLV_V.o)
                0x200001d6                ADC_GLV_V_initVar
 *fill*         0x200001d7        0x1 
 .bss.__malloc_sbrk_start
                0x200001d8        0x4 c:/program files (x86)/cypress/psoc creator/4.4/psoc creator/import/gnu/arm/5.4.1/bin/../lib/gcc/arm-none-eabi/5.4.1/../../../../arm-none-eabi/lib/armv6-m\libg_nano.a(lib_a-nano-mallocr.o)
                0x200001d8                __malloc_sbrk_start
 .bss.__malloc_free_list
                0x200001dc        0x4 c:/program files (x86)/cypress/psoc creator/4.4/psoc creator/import/gnu/arm/5.4.1/bin/../lib/gcc/arm-none-eabi/5.4.1/../../../../arm-none-eabi/lib/armv6-m\libg_nano.a(lib_a-nano-mallocr.o)
                0x200001dc                __malloc_free_list
 *(COMMON)
 COMMON         0x200001e0       0x78 .\CortexM0\ARM_GCC_541\Debug\ugui_SSD1963.o
                0x200001e0                gui1963
 COMMON         0x20000258       0x18 .\CortexM0\ARM_GCC_541\Debug\frucd_display.o
                0x20000258                last_glv_v_color
                0x2000025c                last_SOC_color
                0x20000260                last_mc_temp_color
                0x20000264                last_state_color
                0x20000268                last_motor_temp_color
                0x2000026c                last_max_pack_temp_color
 COMMON         0x20000270        0xc .\CortexM0\ARM_GCC_541\Debug\Dashboard.a(ADC_GLV_V.o)
                0x20000270                ADC_GLV_V_offset
                0x20000274                ADC_GLV_V_countsPer10Volt
 COMMON         0x2000027c        0x4 c:/program files (x86)/cypress/psoc creator/4.4/psoc creator/import/gnu/arm/5.4.1/bin/../lib/gcc/arm-none-eabi/5.4.1/../../../../arm-none-eabi/lib/armv6-m\libg_nano.a(lib_a-reent.o)
                0x2000027c                errno
                0x20000280                . = ALIGN (0x8)
 *(.ram.b)
                0x20000280                _end = .
                0x20000280                __end = .
                0x20000280                PROVIDE (end, .)
                0x20000280                PROVIDE (__bss_end__, .)
                0x0001f790                __cy_region_init_ram = LOADADDR (.data)
                0x00000090                __cy_region_init_size_ram = (_edata - ADDR (.data))
                0x00000130                __cy_region_zero_size_ram = (_end - _edata)

.heap           0x20000280       0x80 load address 0x0001f820
                0x20000280                . = _end
                0x20000300                . = (. + 0x80)
 *fill*         0x20000280       0x80 
                0x20000300                __cy_heap_limit = .

.stack          0x20003800      0x800
                0x20003800                __cy_stack_limit = .
                0x20004000                . = (. + 0x800)
 *fill*         0x20003800      0x800 
                0x00000001                ASSERT ((__cy_stack_limit >= __cy_heap_limit), region RAM overflowed with stack)
                0x00000000                cy_checksum_exclude_size = (CY_APPL_LOADABLE == 0x1)?SIZEOF (.cy_checksum_exclude):0x0
                0x00000001                ASSERT ((cy_checksum_exclude_size <= CY_CHECKSUM_EXCLUDE_SIZE), CY_BOOT: Section .cy_checksum_exclude size exceedes specified limit.)
                0x0001ffc0                cyloadermeta_start = (cy_project_type_bootloader || cy_project_type_app_for_stack_and_copier)?(LENGTH (rom) - CY_METADATA_SIZE):0xf0000000

.cyloadermeta
 *(.cyloadermeta)
                0x0001ffc0                cyloadablemeta_start = cy_project_type_app_for_stack_and_copier?((LENGTH (rom) - CY_FLASH_ROW_SIZE) - CY_METADATA_SIZE):((LENGTH (rom) - (CY_FLASH_ROW_SIZE * (CY_APPL_NUM - 0x1))) - CY_METADATA_SIZE)

.cyloadablemeta
 *(.cyloadablemeta)

.cyflashprotect
                0x90400000       0x80
 *(.cyflashprotect)
 .cyflashprotect
                0x90400000       0x80 .\CortexM0\ARM_GCC_541\Debug\cymetadata.o
                0x90400000                cy_meta_flashprotect

.cymeta         0x90500000        0xc
 *(.cymeta)
 .cymeta        0x90500000        0xc .\CortexM0\ARM_GCC_541\Debug\cymetadata.o
                0x90500000                cy_metadata

.cychipprotect  0x90600000        0x1
 *(.cychipprotect)
 .cychipprotect
                0x90600000        0x1 .\CortexM0\ARM_GCC_541\Debug\cymetadata.o
                0x90600000                cy_meta_chipprotect

.rel.dyn        0x0001f820        0x0 load address 0x90600004
 .rel.iplt      0x0001f820        0x0 c:/program files (x86)/cypress/psoc creator/4.4/psoc creator/import/gnu/arm/5.4.1/bin/../lib/gcc/arm-none-eabi/5.4.1/armv6-m/crtbegin.o

.stab
 *(.stab)

.stabstr
 *(.stabstr)

.debug
 *(.debug)

.line
 *(.line)

.debug_srcinfo
 *(.debug_srcinfo)

.debug_sfnames
 *(.debug_sfnames)

.debug_aranges  0x00000000     0x1158
 *(.debug_aranges)
 .debug_aranges
                0x00000000      0x568 .\CortexM0\ARM_GCC_541\Debug\ugui.o
 .debug_aranges
                0x00000568       0x48 .\CortexM0\ARM_GCC_541\Debug\ugui_SSD1963.o
 .debug_aranges
                0x000005b0       0x68 .\CortexM0\ARM_GCC_541\Debug\frucd_display.o
 .debug_aranges
                0x00000618       0x38 .\CortexM0\ARM_GCC_541\Debug\main.o
 .debug_aranges
                0x00000650       0x78 .\CortexM0\ARM_GCC_541\Debug\can_manga.o
 .debug_aranges
                0x000006c8       0x28 .\CortexM0\ARM_GCC_541\Debug\cyfitter_cfg.o
 .debug_aranges
                0x000006f0       0x18 .\CortexM0\ARM_GCC_541\Debug\cymetadata.o
 .debug_aranges
                0x00000708       0x48 .\CortexM0\ARM_GCC_541\Debug\Cm0Start.o
 .debug_aranges
                0x00000750       0x48 .\CortexM0\ARM_GCC_541\Debug\Dashboard.a(RGB1_1.o)
 .debug_aranges
                0x00000798       0x48 .\CortexM0\ARM_GCC_541\Debug\Dashboard.a(RGB2_1.o)
 .debug_aranges
                0x000007e0       0x48 .\CortexM0\ARM_GCC_541\Debug\Dashboard.a(RGB3_1.o)
 .debug_aranges
                0x00000828      0x1c8 .\CortexM0\ARM_GCC_541\Debug\Dashboard.a(CyLib.o)
 .debug_aranges
                0x000009f0      0x178 .\CortexM0\ARM_GCC_541\Debug\Dashboard.a(CyLFClk.o)
 .debug_aranges
                0x00000b68       0x48 .\CortexM0\ARM_GCC_541\Debug\Dashboard.a(Buzzer.o)
 .debug_aranges
                0x00000bb0       0x48 .\CortexM0\ARM_GCC_541\Debug\Dashboard.a(D_RST.o)
 .debug_aranges
                0x00000bf8       0x48 .\CortexM0\ARM_GCC_541\Debug\Dashboard.a(D_BL.o)
 .debug_aranges
                0x00000c40       0x80 .\CortexM0\ARM_GCC_541\Debug\Dashboard.a(GraphicLCDIntf.o)
 .debug_aranges
                0x00000cc0       0xe8 .\CortexM0\ARM_GCC_541\Debug\Dashboard.a(CAN.o)
 .debug_aranges
                0x00000da8       0x30 .\CortexM0\ARM_GCC_541\Debug\Dashboard.a(CAN_INT.o)
 .debug_aranges
                0x00000dd8       0x38 .\CortexM0\ARM_GCC_541\Debug\Dashboard.a(CAN_TX_RX_func.o)
 .debug_aranges
                0x00000e10       0x48 .\CortexM0\ARM_GCC_541\Debug\Dashboard.a(IMD_LED.o)
 .debug_aranges
                0x00000e58       0x48 .\CortexM0\ARM_GCC_541\Debug\Dashboard.a(BMS_LED.o)
 .debug_aranges
                0x00000ea0       0xa8 .\CortexM0\ARM_GCC_541\Debug\Dashboard.a(ADC_GLV_V.o)
 .debug_aranges
                0x00000f48       0x20 .\CortexM0\ARM_GCC_541\Debug\Dashboard.a(ADC_GLV_V_INT.o)
 .debug_aranges
                0x00000f68       0x48 .\CortexM0\ARM_GCC_541\Debug\Dashboard.a(HV.o)
 .debug_aranges
                0x00000fb0       0x48 .\CortexM0\ARM_GCC_541\Debug\Dashboard.a(Drive.o)
 .debug_aranges
                0x00000ff8       0x90 .\CortexM0\ARM_GCC_541\Debug\Dashboard.a(ReadyToDrive_Timer.o)
 .debug_aranges
                0x00001088       0x80 .\CortexM0\ARM_GCC_541\Debug\Dashboard.a(ReadyToDrive_Int.o)
 .debug_aranges
                0x00001108       0x20 .\CortexM0\ARM_GCC_541\Debug\Dashboard.a(CyBootAsmGnu.o)
 .debug_aranges
                0x00001128       0x30 .\CortexM0\ARM_GCC_541\Debug\Dashboard.a(CyFlash.o)

.debug_pubnames
 *(.debug_pubnames)

.debug_info     0x00000000    0x1098b
 *(.debug_info .gnu.linkonce.wi.*)
 .debug_info    0x00000000     0x5f71 .\CortexM0\ARM_GCC_541\Debug\ugui.o
 .debug_info    0x00005f71     0x1866 .\CortexM0\ARM_GCC_541\Debug\ugui_SSD1963.o
 .debug_info    0x000077d7     0x155d .\CortexM0\ARM_GCC_541\Debug\frucd_display.o
 .debug_info    0x00008d34      0xf73 .\CortexM0\ARM_GCC_541\Debug\main.o
 .debug_info    0x00009ca7      0xbe1 .\CortexM0\ARM_GCC_541\Debug\can_manga.o
 .debug_info    0x0000a888      0x42d .\CortexM0\ARM_GCC_541\Debug\cyfitter_cfg.o
 .debug_info    0x0000acb5       0xf8 .\CortexM0\ARM_GCC_541\Debug\cymetadata.o
 .debug_info    0x0000adad      0x39e .\CortexM0\ARM_GCC_541\Debug\Cm0Start.o
 .debug_info    0x0000b14b      0x19b .\CortexM0\ARM_GCC_541\Debug\Dashboard.a(RGB1_1.o)
 .debug_info    0x0000b2e6      0x19b .\CortexM0\ARM_GCC_541\Debug\Dashboard.a(RGB2_1.o)
 .debug_info    0x0000b481      0x19b .\CortexM0\ARM_GCC_541\Debug\Dashboard.a(RGB3_1.o)
 .debug_info    0x0000b61c      0xed3 .\CortexM0\ARM_GCC_541\Debug\Dashboard.a(CyLib.o)
 .debug_info    0x0000c4ef     0x1237 .\CortexM0\ARM_GCC_541\Debug\Dashboard.a(CyLFClk.o)
 .debug_info    0x0000d726      0x19b .\CortexM0\ARM_GCC_541\Debug\Dashboard.a(Buzzer.o)
 .debug_info    0x0000d8c1      0x19b .\CortexM0\ARM_GCC_541\Debug\Dashboard.a(D_RST.o)
 .debug_info    0x0000da5c      0x19b .\CortexM0\ARM_GCC_541\Debug\Dashboard.a(D_BL.o)
 .debug_info    0x0000dbf7      0x38f .\CortexM0\ARM_GCC_541\Debug\Dashboard.a(GraphicLCDIntf.o)
 .debug_info    0x0000df86      0xcac .\CortexM0\ARM_GCC_541\Debug\Dashboard.a(CAN.o)
 .debug_info    0x0000ec32      0x24e .\CortexM0\ARM_GCC_541\Debug\Dashboard.a(CAN_INT.o)
 .debug_info    0x0000ee80      0x3a7 .\CortexM0\ARM_GCC_541\Debug\Dashboard.a(CAN_TX_RX_func.o)
 .debug_info    0x0000f227      0x19b .\CortexM0\ARM_GCC_541\Debug\Dashboard.a(IMD_LED.o)
 .debug_info    0x0000f3c2      0x19b .\CortexM0\ARM_GCC_541\Debug\Dashboard.a(BMS_LED.o)
 .debug_info    0x0000f55d      0x5b1 .\CortexM0\ARM_GCC_541\Debug\Dashboard.a(ADC_GLV_V.o)
 .debug_info    0x0000fb0e       0xcb .\CortexM0\ARM_GCC_541\Debug\Dashboard.a(ADC_GLV_V_INT.o)
 .debug_info    0x0000fbd9      0x19b .\CortexM0\ARM_GCC_541\Debug\Dashboard.a(HV.o)
 .debug_info    0x0000fd74      0x19b .\CortexM0\ARM_GCC_541\Debug\Dashboard.a(Drive.o)
 .debug_info    0x0000ff0f      0x358 .\CortexM0\ARM_GCC_541\Debug\Dashboard.a(ReadyToDrive_Timer.o)
 .debug_info    0x00010267      0x352 .\CortexM0\ARM_GCC_541\Debug\Dashboard.a(ReadyToDrive_Int.o)
 .debug_info    0x000105b9       0xbd .\CortexM0\ARM_GCC_541\Debug\Dashboard.a(CyBootAsmGnu.o)
 .debug_info    0x00010676      0x315 .\CortexM0\ARM_GCC_541\Debug\Dashboard.a(CyFlash.o)

.debug_abbrev   0x00000000     0x2d52
 *(.debug_abbrev)
 .debug_abbrev  0x00000000      0x345 .\CortexM0\ARM_GCC_541\Debug\ugui.o
 .debug_abbrev  0x00000345      0x271 .\CortexM0\ARM_GCC_541\Debug\ugui_SSD1963.o
 .debug_abbrev  0x000005b6      0x2dd .\CortexM0\ARM_GCC_541\Debug\frucd_display.o
 .debug_abbrev  0x00000893      0x272 .\CortexM0\ARM_GCC_541\Debug\main.o
 .debug_abbrev  0x00000b05      0x205 .\CortexM0\ARM_GCC_541\Debug\can_manga.o
 .debug_abbrev  0x00000d0a      0x20d .\CortexM0\ARM_GCC_541\Debug\cyfitter_cfg.o
 .debug_abbrev  0x00000f17       0x5d .\CortexM0\ARM_GCC_541\Debug\cymetadata.o
 .debug_abbrev  0x00000f74      0x1d5 .\CortexM0\ARM_GCC_541\Debug\Cm0Start.o
 .debug_abbrev  0x00001149       0xc6 .\CortexM0\ARM_GCC_541\Debug\Dashboard.a(RGB1_1.o)
 .debug_abbrev  0x0000120f       0xc6 .\CortexM0\ARM_GCC_541\Debug\Dashboard.a(RGB2_1.o)
 .debug_abbrev  0x000012d5       0xc6 .\CortexM0\ARM_GCC_541\Debug\Dashboard.a(RGB3_1.o)
 .debug_abbrev  0x0000139b      0x345 .\CortexM0\ARM_GCC_541\Debug\Dashboard.a(CyLib.o)
 .debug_abbrev  0x000016e0      0x381 .\CortexM0\ARM_GCC_541\Debug\Dashboard.a(CyLFClk.o)
 .debug_abbrev  0x00001a61       0xc6 .\CortexM0\ARM_GCC_541\Debug\Dashboard.a(Buzzer.o)
 .debug_abbrev  0x00001b27       0xc6 .\CortexM0\ARM_GCC_541\Debug\Dashboard.a(D_RST.o)
 .debug_abbrev  0x00001bed       0xc6 .\CortexM0\ARM_GCC_541\Debug\Dashboard.a(D_BL.o)
 .debug_abbrev  0x00001cb3      0x197 .\CortexM0\ARM_GCC_541\Debug\Dashboard.a(GraphicLCDIntf.o)
 .debug_abbrev  0x00001e4a      0x242 .\CortexM0\ARM_GCC_541\Debug\Dashboard.a(CAN.o)
 .debug_abbrev  0x0000208c       0xe6 .\CortexM0\ARM_GCC_541\Debug\Dashboard.a(CAN_INT.o)
 .debug_abbrev  0x00002172      0x159 .\CortexM0\ARM_GCC_541\Debug\Dashboard.a(CAN_TX_RX_func.o)
 .debug_abbrev  0x000022cb       0xc6 .\CortexM0\ARM_GCC_541\Debug\Dashboard.a(IMD_LED.o)
 .debug_abbrev  0x00002391       0xc6 .\CortexM0\ARM_GCC_541\Debug\Dashboard.a(BMS_LED.o)
 .debug_abbrev  0x00002457      0x19a .\CortexM0\ARM_GCC_541\Debug\Dashboard.a(ADC_GLV_V.o)
 .debug_abbrev  0x000025f1       0x65 .\CortexM0\ARM_GCC_541\Debug\Dashboard.a(ADC_GLV_V_INT.o)
 .debug_abbrev  0x00002656       0xc6 .\CortexM0\ARM_GCC_541\Debug\Dashboard.a(HV.o)
 .debug_abbrev  0x0000271c       0xc6 .\CortexM0\ARM_GCC_541\Debug\Dashboard.a(Drive.o)
 .debug_abbrev  0x000027e2      0x19f .\CortexM0\ARM_GCC_541\Debug\Dashboard.a(ReadyToDrive_Timer.o)
 .debug_abbrev  0x00002981      0x244 .\CortexM0\ARM_GCC_541\Debug\Dashboard.a(ReadyToDrive_Int.o)
 .debug_abbrev  0x00002bc5       0x14 .\CortexM0\ARM_GCC_541\Debug\Dashboard.a(CyBootAsmGnu.o)
 .debug_abbrev  0x00002bd9      0x179 .\CortexM0\ARM_GCC_541\Debug\Dashboard.a(CyFlash.o)

.debug_line     0x00000000     0x5252
 *(.debug_line)
 .debug_line    0x00000000     0x1a76 .\CortexM0\ARM_GCC_541\Debug\ugui.o
 .debug_line    0x00001a76      0x348 .\CortexM0\ARM_GCC_541\Debug\ugui_SSD1963.o
 .debug_line    0x00001dbe      0x3f7 .\CortexM0\ARM_GCC_541\Debug\frucd_display.o
 .debug_line    0x000021b5      0x346 .\CortexM0\ARM_GCC_541\Debug\main.o
 .debug_line    0x000024fb      0x2d1 .\CortexM0\ARM_GCC_541\Debug\can_manga.o
 .debug_line    0x000027cc      0x1cf .\CortexM0\ARM_GCC_541\Debug\cyfitter_cfg.o
 .debug_line    0x0000299b      0x141 .\CortexM0\ARM_GCC_541\Debug\cymetadata.o
 .debug_line    0x00002adc      0x232 .\CortexM0\ARM_GCC_541\Debug\Cm0Start.o
 .debug_line    0x00002d0e       0xc9 .\CortexM0\ARM_GCC_541\Debug\Dashboard.a(RGB1_1.o)
 .debug_line    0x00002dd7       0xc9 .\CortexM0\ARM_GCC_541\Debug\Dashboard.a(RGB2_1.o)
 .debug_line    0x00002ea0       0xc9 .\CortexM0\ARM_GCC_541\Debug\Dashboard.a(RGB3_1.o)
 .debug_line    0x00002f69      0x601 .\CortexM0\ARM_GCC_541\Debug\Dashboard.a(CyLib.o)
 .debug_line    0x0000356a      0x731 .\CortexM0\ARM_GCC_541\Debug\Dashboard.a(CyLFClk.o)
 .debug_line    0x00003c9b       0xc9 .\CortexM0\ARM_GCC_541\Debug\Dashboard.a(Buzzer.o)
 .debug_line    0x00003d64       0xca .\CortexM0\ARM_GCC_541\Debug\Dashboard.a(D_RST.o)
 .debug_line    0x00003e2e       0xc7 .\CortexM0\ARM_GCC_541\Debug\Dashboard.a(D_BL.o)
 .debug_line    0x00003ef5      0x1b1 .\CortexM0\ARM_GCC_541\Debug\Dashboard.a(GraphicLCDIntf.o)
 .debug_line    0x000040a6      0x3e6 .\CortexM0\ARM_GCC_541\Debug\Dashboard.a(CAN.o)
 .debug_line    0x0000448c       0xc2 .\CortexM0\ARM_GCC_541\Debug\Dashboard.a(CAN_INT.o)
 .debug_line    0x0000454e       0xff .\CortexM0\ARM_GCC_541\Debug\Dashboard.a(CAN_TX_RX_func.o)
 .debug_line    0x0000464d       0xca .\CortexM0\ARM_GCC_541\Debug\Dashboard.a(IMD_LED.o)
 .debug_line    0x00004717       0xca .\CortexM0\ARM_GCC_541\Debug\Dashboard.a(BMS_LED.o)
 .debug_line    0x000047e1      0x335 .\CortexM0\ARM_GCC_541\Debug\Dashboard.a(ADC_GLV_V.o)
 .debug_line    0x00004b16       0x6e .\CortexM0\ARM_GCC_541\Debug\Dashboard.a(ADC_GLV_V_INT.o)
 .debug_line    0x00004b84       0xc5 .\CortexM0\ARM_GCC_541\Debug\Dashboard.a(HV.o)
 .debug_line    0x00004c49       0xc8 .\CortexM0\ARM_GCC_541\Debug\Dashboard.a(Drive.o)
 .debug_line    0x00004d11      0x1d2 .\CortexM0\ARM_GCC_541\Debug\Dashboard.a(ReadyToDrive_Timer.o)
 .debug_line    0x00004ee3      0x1b8 .\CortexM0\ARM_GCC_541\Debug\Dashboard.a(ReadyToDrive_Int.o)
 .debug_line    0x0000509b       0x68 .\CortexM0\ARM_GCC_541\Debug\Dashboard.a(CyBootAsmGnu.o)
 .debug_line    0x00005103      0x14f .\CortexM0\ARM_GCC_541\Debug\Dashboard.a(CyFlash.o)

.debug_frame    0x00000000     0x32fc
 *(.debug_frame)
 .debug_frame   0x00000000     0x1254 .\CortexM0\ARM_GCC_541\Debug\ugui.o
 .debug_frame   0x00001254       0xf4 .\CortexM0\ARM_GCC_541\Debug\ugui_SSD1963.o
 .debug_frame   0x00001348      0x1b4 .\CortexM0\ARM_GCC_541\Debug\frucd_display.o
 .debug_frame   0x000014fc       0x90 .\CortexM0\ARM_GCC_541\Debug\main.o
 .debug_frame   0x0000158c      0x128 .\CortexM0\ARM_GCC_541\Debug\can_manga.o
 .debug_frame   0x000016b4       0x4c .\CortexM0\ARM_GCC_541\Debug\cyfitter_cfg.o
 .debug_frame   0x00001700       0xc8 .\CortexM0\ARM_GCC_541\Debug\Cm0Start.o
 .debug_frame   0x000017c8       0x70 .\CortexM0\ARM_GCC_541\Debug\Dashboard.a(RGB1_1.o)
 .debug_frame   0x00001838       0x70 .\CortexM0\ARM_GCC_541\Debug\Dashboard.a(RGB2_1.o)
 .debug_frame   0x000018a8       0x70 .\CortexM0\ARM_GCC_541\Debug\Dashboard.a(RGB3_1.o)
 .debug_frame   0x00001918      0x468 .\CortexM0\ARM_GCC_541\Debug\Dashboard.a(CyLib.o)
 .debug_frame   0x00001d80      0x484 .\CortexM0\ARM_GCC_541\Debug\Dashboard.a(CyLFClk.o)
 .debug_frame   0x00002204       0x70 .\CortexM0\ARM_GCC_541\Debug\Dashboard.a(Buzzer.o)
 .debug_frame   0x00002274       0x70 .\CortexM0\ARM_GCC_541\Debug\Dashboard.a(D_RST.o)
 .debug_frame   0x000022e4       0x70 .\CortexM0\ARM_GCC_541\Debug\Dashboard.a(D_BL.o)
 .debug_frame   0x00002354      0x170 .\CortexM0\ARM_GCC_541\Debug\Dashboard.a(GraphicLCDIntf.o)
 .debug_frame   0x000024c4      0x240 .\CortexM0\ARM_GCC_541\Debug\Dashboard.a(CAN.o)
 .debug_frame   0x00002704       0x68 .\CortexM0\ARM_GCC_541\Debug\Dashboard.a(CAN_INT.o)
 .debug_frame   0x0000276c       0x6c .\CortexM0\ARM_GCC_541\Debug\Dashboard.a(CAN_TX_RX_func.o)
 .debug_frame   0x000027d8       0x70 .\CortexM0\ARM_GCC_541\Debug\Dashboard.a(IMD_LED.o)
 .debug_frame   0x00002848       0x70 .\CortexM0\ARM_GCC_541\Debug\Dashboard.a(BMS_LED.o)
 .debug_frame   0x000028b8      0x1c0 .\CortexM0\ARM_GCC_541\Debug\Dashboard.a(ADC_GLV_V.o)
 .debug_frame   0x00002a78       0x20 .\CortexM0\ARM_GCC_541\Debug\Dashboard.a(ADC_GLV_V_INT.o)
 .debug_frame   0x00002a98       0x70 .\CortexM0\ARM_GCC_541\Debug\Dashboard.a(HV.o)
 .debug_frame   0x00002b08       0x70 .\CortexM0\ARM_GCC_541\Debug\Dashboard.a(Drive.o)
 .debug_frame   0x00002b78      0x118 .\CortexM0\ARM_GCC_541\Debug\Dashboard.a(ReadyToDrive_Timer.o)
 .debug_frame   0x00002c90      0x104 .\CortexM0\ARM_GCC_541\Debug\Dashboard.a(ReadyToDrive_Int.o)
 .debug_frame   0x00002d94       0x80 .\CortexM0\ARM_GCC_541\Debug\Dashboard.a(CyFlash.o)
 .debug_frame   0x00002e14       0x20 c:/program files (x86)/cypress/psoc creator/4.4/psoc creator/import/gnu/arm/5.4.1/bin/../lib/gcc/arm-none-eabi/5.4.1/armv6-m\libgcc.a(_udivsi3.o)
 .debug_frame   0x00002e34       0x20 c:/program files (x86)/cypress/psoc creator/4.4/psoc creator/import/gnu/arm/5.4.1/bin/../lib/gcc/arm-none-eabi/5.4.1/armv6-m\libgcc.a(_divsi3.o)
 .debug_frame   0x00002e54       0x34 c:/program files (x86)/cypress/psoc creator/4.4/psoc creator/import/gnu/arm/5.4.1/bin/../lib/gcc/arm-none-eabi/5.4.1/armv6-m\libgcc.a(_muldi3.o)
 .debug_frame   0x00002e88       0x30 c:/program files (x86)/cypress/psoc creator/4.4/psoc creator/import/gnu/arm/5.4.1/bin/../lib/gcc/arm-none-eabi/5.4.1/armv6-m\libgcc.a(bpabi.o)
 .debug_frame   0x00002eb8       0x3c c:/program files (x86)/cypress/psoc creator/4.4/psoc creator/import/gnu/arm/5.4.1/bin/../lib/gcc/arm-none-eabi/5.4.1/armv6-m\libgcc.a(divsf3.o)
 .debug_frame   0x00002ef4       0x38 c:/program files (x86)/cypress/psoc creator/4.4/psoc creator/import/gnu/arm/5.4.1/bin/../lib/gcc/arm-none-eabi/5.4.1/armv6-m\libgcc.a(mulsf3.o)
 .debug_frame   0x00002f2c       0x2c c:/program files (x86)/cypress/psoc creator/4.4/psoc creator/import/gnu/arm/5.4.1/bin/../lib/gcc/arm-none-eabi/5.4.1/armv6-m\libgcc.a(floatsisf.o)
 .debug_frame   0x00002f58       0x3c c:/program files (x86)/cypress/psoc creator/4.4/psoc creator/import/gnu/arm/5.4.1/bin/../lib/gcc/arm-none-eabi/5.4.1/armv6-m\libgcc.a(_divdi3.o)
 .debug_frame   0x00002f94       0x20 c:/program files (x86)/cypress/psoc creator/4.4/psoc creator/import/gnu/arm/5.4.1/bin/../lib/gcc/arm-none-eabi/5.4.1/../../../../arm-none-eabi/lib/armv6-m\libg_nano.a(lib_a-errno.o)
 .debug_frame   0x00002fb4       0x28 c:/program files (x86)/cypress/psoc creator/4.4/psoc creator/import/gnu/arm/5.4.1/bin/../lib/gcc/arm-none-eabi/5.4.1/../../../../arm-none-eabi/lib/armv6-m\libg_nano.a(lib_a-exit.o)
 .debug_frame   0x00002fdc       0x2c c:/program files (x86)/cypress/psoc creator/4.4/psoc creator/import/gnu/arm/5.4.1/bin/../lib/gcc/arm-none-eabi/5.4.1/../../../../arm-none-eabi/lib/armv6-m\libg_nano.a(lib_a-init.o)
 .debug_frame   0x00003008       0x28 c:/program files (x86)/cypress/psoc creator/4.4/psoc creator/import/gnu/arm/5.4.1/bin/../lib/gcc/arm-none-eabi/5.4.1/../../../../arm-none-eabi/lib/armv6-m\libg_nano.a(lib_a-memcpy-stub.o)
 .debug_frame   0x00003030       0x20 c:/program files (x86)/cypress/psoc creator/4.4/psoc creator/import/gnu/arm/5.4.1/bin/../lib/gcc/arm-none-eabi/5.4.1/../../../../arm-none-eabi/lib/armv6-m\libg_nano.a(lib_a-memset.o)
 .debug_frame   0x00003050       0x50 c:/program files (x86)/cypress/psoc creator/4.4/psoc creator/import/gnu/arm/5.4.1/bin/../lib/gcc/arm-none-eabi/5.4.1/../../../../arm-none-eabi/lib/armv6-m\libg_nano.a(lib_a-sprintf.o)
 .debug_frame   0x000030a0       0x74 c:/program files (x86)/cypress/psoc creator/4.4/psoc creator/import/gnu/arm/5.4.1/bin/../lib/gcc/arm-none-eabi/5.4.1/../../../../arm-none-eabi/lib/armv6-m\libg_nano.a(lib_a-nano-svfprintf.o)
 .debug_frame   0x00003114       0x54 c:/program files (x86)/cypress/psoc creator/4.4/psoc creator/import/gnu/arm/5.4.1/bin/../lib/gcc/arm-none-eabi/5.4.1/../../../../arm-none-eabi/lib/armv6-m\libg_nano.a(lib_a-nano-vfprintf_i.o)
 .debug_frame   0x00003168       0x20 c:/program files (x86)/cypress/psoc creator/4.4/psoc creator/import/gnu/arm/5.4.1/bin/../lib/gcc/arm-none-eabi/5.4.1/../../../../arm-none-eabi/lib/armv6-m\libg_nano.a(lib_a-memchr-stub.o)
 .debug_frame   0x00003188       0x28 c:/program files (x86)/cypress/psoc creator/4.4/psoc creator/import/gnu/arm/5.4.1/bin/../lib/gcc/arm-none-eabi/5.4.1/../../../../arm-none-eabi/lib/armv6-m\libg_nano.a(lib_a-memmove.o)
 .debug_frame   0x000031b0       0x2c c:/program files (x86)/cypress/psoc creator/4.4/psoc creator/import/gnu/arm/5.4.1/bin/../lib/gcc/arm-none-eabi/5.4.1/../../../../arm-none-eabi/lib/armv6-m\libg_nano.a(lib_a-nano-freer.o)
 .debug_frame   0x000031dc       0x2c c:/program files (x86)/cypress/psoc creator/4.4/psoc creator/import/gnu/arm/5.4.1/bin/../lib/gcc/arm-none-eabi/5.4.1/../../../../arm-none-eabi/lib/armv6-m\libg_nano.a(lib_a-nano-mallocr.o)
 .debug_frame   0x00003208       0x30 c:/program files (x86)/cypress/psoc creator/4.4/psoc creator/import/gnu/arm/5.4.1/bin/../lib/gcc/arm-none-eabi/5.4.1/../../../../arm-none-eabi/lib/armv6-m\libg_nano.a(lib_a-nano-reallocr.o)
 .debug_frame   0x00003238       0x2c c:/program files (x86)/cypress/psoc creator/4.4/psoc creator/import/gnu/arm/5.4.1/bin/../lib/gcc/arm-none-eabi/5.4.1/../../../../arm-none-eabi/lib/armv6-m\libg_nano.a(lib_a-sbrkr.o)
 .debug_frame   0x00003264       0x30 c:/program files (x86)/cypress/psoc creator/4.4/psoc creator/import/gnu/arm/5.4.1/bin/../lib/gcc/arm-none-eabi/5.4.1/../../../../arm-none-eabi/lib/armv6-m\libg_nano.a(lib_a-mlock.o)
 .debug_frame   0x00003294       0x20 c:/program files (x86)/cypress/psoc creator/4.4/psoc creator/import/gnu/arm/5.4.1/bin/../lib/gcc/arm-none-eabi/5.4.1/../../../../arm-none-eabi/lib/armv6-m\libg_nano.a(lib_a-nano-msizer.o)
 .debug_frame   0x000032b4       0x48 c:/program files (x86)/cypress/psoc creator/4.4/psoc creator/import/gnu/arm/5.4.1/bin/../lib/gcc/arm-none-eabi/5.4.1/../../../../arm-none-eabi/lib/armv6-m\libg_nano.a(lib_a-reent.o)

.debug_str      0x00000000     0x3bcb
 *(.debug_str)
 .debug_str     0x00000000     0x1264 .\CortexM0\ARM_GCC_541\Debug\ugui.o
                               0x131c (size before relaxing)
 .debug_str     0x00001264      0x11d .\CortexM0\ARM_GCC_541\Debug\ugui_SSD1963.o
                                0x566 (size before relaxing)
 .debug_str     0x00001381      0x1f2 .\CortexM0\ARM_GCC_541\Debug\frucd_display.o
                                0x697 (size before relaxing)
 .debug_str     0x00001573      0x3a8 .\CortexM0\ARM_GCC_541\Debug\main.o
                                0x9e6 (size before relaxing)
 .debug_str     0x0000191b      0x232 .\CortexM0\ARM_GCC_541\Debug\can_manga.o
                                0x78c (size before relaxing)
 .debug_str     0x00001b4d      0x138 .\CortexM0\ARM_GCC_541\Debug\cyfitter_cfg.o
                                0x330 (size before relaxing)
 .debug_str     0x00001c85       0x59 .\CortexM0\ARM_GCC_541\Debug\cymetadata.o
                                0x1f5 (size before relaxing)
 .debug_str     0x00001cde      0x13a .\CortexM0\ARM_GCC_541\Debug\Cm0Start.o
                                0x32e (size before relaxing)
 .debug_str     0x00001e18       0xaa .\CortexM0\ARM_GCC_541\Debug\Dashboard.a(RGB1_1.o)
                                0x26a (size before relaxing)
 .debug_str     0x00001ec2       0x81 .\CortexM0\ARM_GCC_541\Debug\Dashboard.a(RGB2_1.o)
                                0x26a (size before relaxing)
 .debug_str     0x00001f43       0x81 .\CortexM0\ARM_GCC_541\Debug\Dashboard.a(RGB3_1.o)
                                0x26a (size before relaxing)
 .debug_str     0x00001fc4      0x5fa .\CortexM0\ARM_GCC_541\Debug\Dashboard.a(CyLib.o)
                                0x82a (size before relaxing)
 .debug_str     0x000025be      0x6e2 .\CortexM0\ARM_GCC_541\Debug\Dashboard.a(CyLFClk.o)
                                0x94a (size before relaxing)
 .debug_str     0x00002ca0       0x81 .\CortexM0\ARM_GCC_541\Debug\Dashboard.a(Buzzer.o)
                                0x26a (size before relaxing)
 .debug_str     0x00002d21       0x7b .\CortexM0\ARM_GCC_541\Debug\Dashboard.a(D_RST.o)
                                0x263 (size before relaxing)
 .debug_str     0x00002d9c       0x75 .\CortexM0\ARM_GCC_541\Debug\Dashboard.a(D_BL.o)
                                0x25c (size before relaxing)
 .debug_str     0x00002e11      0x14d .\CortexM0\ARM_GCC_541\Debug\Dashboard.a(GraphicLCDIntf.o)
                                0x33b (size before relaxing)
 .debug_str     0x00002f5e      0x301 .\CortexM0\ARM_GCC_541\Debug\Dashboard.a(CAN.o)
                                0x563 (size before relaxing)
 .debug_str     0x0000325f       0x61 .\CortexM0\ARM_GCC_541\Debug\Dashboard.a(CAN_INT.o)
                                0x290 (size before relaxing)
 .debug_str     0x000032c0       0x56 .\CortexM0\ARM_GCC_541\Debug\Dashboard.a(CAN_TX_RX_func.o)
                                0x311 (size before relaxing)
 .debug_str     0x00003316       0x87 .\CortexM0\ARM_GCC_541\Debug\Dashboard.a(IMD_LED.o)
                                0x271 (size before relaxing)
 .debug_str     0x0000339d       0x87 .\CortexM0\ARM_GCC_541\Debug\Dashboard.a(BMS_LED.o)
                                0x271 (size before relaxing)
 .debug_str     0x00003424      0x22e .\CortexM0\ARM_GCC_541\Debug\Dashboard.a(ADC_GLV_V.o)
                                0x495 (size before relaxing)
 .debug_str     0x00003652       0x41 .\CortexM0\ARM_GCC_541\Debug\Dashboard.a(ADC_GLV_V_INT.o)
                                0x1f6 (size before relaxing)
 .debug_str     0x00003693       0x6a .\CortexM0\ARM_GCC_541\Debug\Dashboard.a(HV.o)
                                0x24e (size before relaxing)
 .debug_str     0x000036fd       0x7c .\CortexM0\ARM_GCC_541\Debug\Dashboard.a(Drive.o)
                                0x263 (size before relaxing)
 .debug_str     0x00003779      0x233 .\CortexM0\ARM_GCC_541\Debug\Dashboard.a(ReadyToDrive_Timer.o)
                                0x452 (size before relaxing)
 .debug_str     0x000039ac      0x178 .\CortexM0\ARM_GCC_541\Debug\Dashboard.a(ReadyToDrive_Int.o)
                                0x3b1 (size before relaxing)
 .debug_str     0x00003b24       0xa7 .\CortexM0\ARM_GCC_541\Debug\Dashboard.a(CyFlash.o)
                                0x2dd (size before relaxing)

.debug_loc      0x00000000     0xb96f
 *(.debug_loc)
 .debug_loc     0x00000000     0x6ea6 .\CortexM0\ARM_GCC_541\Debug\ugui.o
 .debug_loc     0x00006ea6      0x9c1 .\CortexM0\ARM_GCC_541\Debug\ugui_SSD1963.o
 .debug_loc     0x00007867      0xb4d .\CortexM0\ARM_GCC_541\Debug\frucd_display.o
 .debug_loc     0x000083b4      0x133 .\CortexM0\ARM_GCC_541\Debug\main.o
 .debug_loc     0x000084e7      0x16d .\CortexM0\ARM_GCC_541\Debug\can_manga.o
 .debug_loc     0x00008654      0x13c .\CortexM0\ARM_GCC_541\Debug\cyfitter_cfg.o
 .debug_loc     0x00008790      0x1de .\CortexM0\ARM_GCC_541\Debug\Cm0Start.o
 .debug_loc     0x0000896e       0xa1 .\CortexM0\ARM_GCC_541\Debug\Dashboard.a(RGB1_1.o)
 .debug_loc     0x00008a0f       0xa1 .\CortexM0\ARM_GCC_541\Debug\Dashboard.a(RGB2_1.o)
 .debug_loc     0x00008ab0       0xa1 .\CortexM0\ARM_GCC_541\Debug\Dashboard.a(RGB3_1.o)
 .debug_loc     0x00008b51      0x8b2 .\CortexM0\ARM_GCC_541\Debug\Dashboard.a(CyLib.o)
 .debug_loc     0x00009403      0xe0a .\CortexM0\ARM_GCC_541\Debug\Dashboard.a(CyLFClk.o)
 .debug_loc     0x0000a20d       0xa1 .\CortexM0\ARM_GCC_541\Debug\Dashboard.a(Buzzer.o)
 .debug_loc     0x0000a2ae       0xa1 .\CortexM0\ARM_GCC_541\Debug\Dashboard.a(D_RST.o)
 .debug_loc     0x0000a34f       0xa1 .\CortexM0\ARM_GCC_541\Debug\Dashboard.a(D_BL.o)
 .debug_loc     0x0000a3f0      0x201 .\CortexM0\ARM_GCC_541\Debug\Dashboard.a(GraphicLCDIntf.o)
 .debug_loc     0x0000a5f1      0x8dc .\CortexM0\ARM_GCC_541\Debug\Dashboard.a(CAN.o)
 .debug_loc     0x0000aecd       0x48 .\CortexM0\ARM_GCC_541\Debug\Dashboard.a(CAN_INT.o)
 .debug_loc     0x0000af15      0x1c5 .\CortexM0\ARM_GCC_541\Debug\Dashboard.a(CAN_TX_RX_func.o)
 .debug_loc     0x0000b0da       0xa1 .\CortexM0\ARM_GCC_541\Debug\Dashboard.a(IMD_LED.o)
 .debug_loc     0x0000b17b       0xa1 .\CortexM0\ARM_GCC_541\Debug\Dashboard.a(BMS_LED.o)
 .debug_loc     0x0000b21c      0x3ba .\CortexM0\ARM_GCC_541\Debug\Dashboard.a(ADC_GLV_V.o)
 .debug_loc     0x0000b5d6       0xa1 .\CortexM0\ARM_GCC_541\Debug\Dashboard.a(HV.o)
 .debug_loc     0x0000b677       0xa1 .\CortexM0\ARM_GCC_541\Debug\Dashboard.a(Drive.o)
 .debug_loc     0x0000b718       0x51 .\CortexM0\ARM_GCC_541\Debug\Dashboard.a(ReadyToDrive_Timer.o)
 .debug_loc     0x0000b769       0xa6 .\CortexM0\ARM_GCC_541\Debug\Dashboard.a(ReadyToDrive_Int.o)
 .debug_loc     0x0000b80f      0x160 .\CortexM0\ARM_GCC_541\Debug\Dashboard.a(CyFlash.o)

.debug_macinfo
 *(.debug_macinfo)

.debug_ranges   0x00000000     0x1350
 *(.debug_ranges)
 .debug_ranges  0x00000000      0x588 .\CortexM0\ARM_GCC_541\Debug\ugui.o
 .debug_ranges  0x00000588       0x88 .\CortexM0\ARM_GCC_541\Debug\ugui_SSD1963.o
 .debug_ranges  0x00000610       0x70 .\CortexM0\ARM_GCC_541\Debug\frucd_display.o
 .debug_ranges  0x00000680       0x28 .\CortexM0\ARM_GCC_541\Debug\main.o
 .debug_ranges  0x000006a8       0x68 .\CortexM0\ARM_GCC_541\Debug\can_manga.o
 .debug_ranges  0x00000710       0xe0 .\CortexM0\ARM_GCC_541\Debug\cyfitter_cfg.o
 .debug_ranges  0x000007f0       0x50 .\CortexM0\ARM_GCC_541\Debug\Cm0Start.o
 .debug_ranges  0x00000840       0x38 .\CortexM0\ARM_GCC_541\Debug\Dashboard.a(RGB1_1.o)
 .debug_ranges  0x00000878       0x38 .\CortexM0\ARM_GCC_541\Debug\Dashboard.a(RGB2_1.o)
 .debug_ranges  0x000008b0       0x38 .\CortexM0\ARM_GCC_541\Debug\Dashboard.a(RGB3_1.o)
 .debug_ranges  0x000008e8      0x228 .\CortexM0\ARM_GCC_541\Debug\Dashboard.a(CyLib.o)
 .debug_ranges  0x00000b10      0x1f8 .\CortexM0\ARM_GCC_541\Debug\Dashboard.a(CyLFClk.o)
 .debug_ranges  0x00000d08       0x38 .\CortexM0\ARM_GCC_541\Debug\Dashboard.a(Buzzer.o)
 .debug_ranges  0x00000d40       0x38 .\CortexM0\ARM_GCC_541\Debug\Dashboard.a(D_RST.o)
 .debug_ranges  0x00000d78       0x38 .\CortexM0\ARM_GCC_541\Debug\Dashboard.a(D_BL.o)
 .debug_ranges  0x00000db0       0x70 .\CortexM0\ARM_GCC_541\Debug\Dashboard.a(GraphicLCDIntf.o)
 .debug_ranges  0x00000e20      0x170 .\CortexM0\ARM_GCC_541\Debug\Dashboard.a(CAN.o)
 .debug_ranges  0x00000f90       0x20 .\CortexM0\ARM_GCC_541\Debug\Dashboard.a(CAN_INT.o)
 .debug_ranges  0x00000fb0       0x28 .\CortexM0\ARM_GCC_541\Debug\Dashboard.a(CAN_TX_RX_func.o)
 .debug_ranges  0x00000fd8       0x38 .\CortexM0\ARM_GCC_541\Debug\Dashboard.a(IMD_LED.o)
 .debug_ranges  0x00001010       0x38 .\CortexM0\ARM_GCC_541\Debug\Dashboard.a(BMS_LED.o)
 .debug_ranges  0x00001048       0x98 .\CortexM0\ARM_GCC_541\Debug\Dashboard.a(ADC_GLV_V.o)
 .debug_ranges  0x000010e0       0x10 .\CortexM0\ARM_GCC_541\Debug\Dashboard.a(ADC_GLV_V_INT.o)
 .debug_ranges  0x000010f0       0x38 .\CortexM0\ARM_GCC_541\Debug\Dashboard.a(HV.o)
 .debug_ranges  0x00001128       0x38 .\CortexM0\ARM_GCC_541\Debug\Dashboard.a(Drive.o)
 .debug_ranges  0x00001160       0xe0 .\CortexM0\ARM_GCC_541\Debug\Dashboard.a(ReadyToDrive_Timer.o)
 .debug_ranges  0x00001240       0xf0 .\CortexM0\ARM_GCC_541\Debug\Dashboard.a(ReadyToDrive_Int.o)
 .debug_ranges  0x00001330       0x20 .\CortexM0\ARM_GCC_541\Debug\Dashboard.a(CyFlash.o)

.comment        0x00000000       0x6e
 .comment       0x00000000       0x6e .\CortexM0\ARM_GCC_541\Debug\ugui.o
                                 0x6f (size before relaxing)
 .comment       0x0000006e       0x6f .\CortexM0\ARM_GCC_541\Debug\ugui_SSD1963.o
 .comment       0x0000006e       0x6f .\CortexM0\ARM_GCC_541\Debug\frucd_display.o
 .comment       0x0000006e       0x6f .\CortexM0\ARM_GCC_541\Debug\main.o
 .comment       0x0000006e       0x6f .\CortexM0\ARM_GCC_541\Debug\can_manga.o
 .comment       0x0000006e       0x6f .\CortexM0\ARM_GCC_541\Debug\cyfitter_cfg.o
 .comment       0x0000006e       0x6f .\CortexM0\ARM_GCC_541\Debug\cymetadata.o
 .comment       0x0000006e       0x6f .\CortexM0\ARM_GCC_541\Debug\Cm0Start.o
 .comment       0x0000006e       0x6f .\CortexM0\ARM_GCC_541\Debug\Dashboard.a(RGB1_1.o)
 .comment       0x0000006e       0x6f .\CortexM0\ARM_GCC_541\Debug\Dashboard.a(RGB2_1.o)
 .comment       0x0000006e       0x6f .\CortexM0\ARM_GCC_541\Debug\Dashboard.a(RGB3_1.o)
 .comment       0x0000006e       0x6f .\CortexM0\ARM_GCC_541\Debug\Dashboard.a(CyLib.o)
 .comment       0x0000006e       0x6f .\CortexM0\ARM_GCC_541\Debug\Dashboard.a(CyLFClk.o)
 .comment       0x0000006e       0x6f .\CortexM0\ARM_GCC_541\Debug\Dashboard.a(Buzzer.o)
 .comment       0x0000006e       0x6f .\CortexM0\ARM_GCC_541\Debug\Dashboard.a(D_RST.o)
 .comment       0x0000006e       0x6f .\CortexM0\ARM_GCC_541\Debug\Dashboard.a(D_BL.o)
 .comment       0x0000006e       0x6f .\CortexM0\ARM_GCC_541\Debug\Dashboard.a(GraphicLCDIntf.o)
 .comment       0x0000006e       0x6f .\CortexM0\ARM_GCC_541\Debug\Dashboard.a(CAN.o)
 .comment       0x0000006e       0x6f .\CortexM0\ARM_GCC_541\Debug\Dashboard.a(CAN_INT.o)
 .comment       0x0000006e       0x6f .\CortexM0\ARM_GCC_541\Debug\Dashboard.a(CAN_TX_RX_func.o)
 .comment       0x0000006e       0x6f .\CortexM0\ARM_GCC_541\Debug\Dashboard.a(IMD_LED.o)
 .comment       0x0000006e       0x6f .\CortexM0\ARM_GCC_541\Debug\Dashboard.a(BMS_LED.o)
 .comment       0x0000006e       0x6f .\CortexM0\ARM_GCC_541\Debug\Dashboard.a(ADC_GLV_V.o)
 .comment       0x0000006e       0x6f .\CortexM0\ARM_GCC_541\Debug\Dashboard.a(ADC_GLV_V_INT.o)
 .comment       0x0000006e       0x6f .\CortexM0\ARM_GCC_541\Debug\Dashboard.a(HV.o)
 .comment       0x0000006e       0x6f .\CortexM0\ARM_GCC_541\Debug\Dashboard.a(Drive.o)
 .comment       0x0000006e       0x6f .\CortexM0\ARM_GCC_541\Debug\Dashboard.a(ReadyToDrive_Timer.o)
 .comment       0x0000006e       0x6f .\CortexM0\ARM_GCC_541\Debug\Dashboard.a(ReadyToDrive_Int.o)
 .comment       0x0000006e       0x6f .\CortexM0\ARM_GCC_541\Debug\Dashboard.a(CyFlash.o)

.debug_weaknames
 *(.debug_weaknames)

.debug_funcnames
 *(.debug_funcnames)

.debug_typenames
 *(.debug_typenames)

.debug_varnames
 *(.debug_varnames)

.note.gnu.arm.ident
 *(.note.gnu.arm.ident)

.ARM.attributes
                0x00000000       0x28
 *(.ARM.attributes)
 .ARM.attributes
                0x00000000       0x1e c:/program files (x86)/cypress/psoc creator/4.4/psoc creator/import/gnu/arm/5.4.1/bin/../lib/gcc/arm-none-eabi/5.4.1/armv6-m/crti.o
 .ARM.attributes
                0x0000001e       0x2c c:/program files (x86)/cypress/psoc creator/4.4/psoc creator/import/gnu/arm/5.4.1/bin/../lib/gcc/arm-none-eabi/5.4.1/armv6-m/crtbegin.o
 .ARM.attributes
                0x0000004a       0x1b c:/program files (x86)/cypress/psoc creator/4.4/psoc creator/import/gnu/arm/5.4.1/bin/../lib/gcc/arm-none-eabi/5.4.1/../../../../arm-none-eabi/lib/armv6-m/crt0.o
 .ARM.attributes
                0x00000065       0x31 .\CortexM0\ARM_GCC_541\Debug\ugui.o
 .ARM.attributes
                0x00000096       0x31 .\CortexM0\ARM_GCC_541\Debug\ugui_SSD1963.o
 .ARM.attributes
                0x000000c7       0x31 .\CortexM0\ARM_GCC_541\Debug\frucd_display.o
 .ARM.attributes
                0x000000f8       0x31 .\CortexM0\ARM_GCC_541\Debug\main.o
 .ARM.attributes
                0x00000129       0x31 .\CortexM0\ARM_GCC_541\Debug\can_manga.o
 .ARM.attributes
                0x0000015a       0x31 .\CortexM0\ARM_GCC_541\Debug\cyfitter_cfg.o
 .ARM.attributes
                0x0000018b       0x31 .\CortexM0\ARM_GCC_541\Debug\cymetadata.o
 .ARM.attributes
                0x000001bc       0x31 .\CortexM0\ARM_GCC_541\Debug\Cm0Start.o
 .ARM.attributes
                0x000001ed       0x31 .\CortexM0\ARM_GCC_541\Debug\Dashboard.a(RGB1_1.o)
 .ARM.attributes
                0x0000021e       0x31 .\CortexM0\ARM_GCC_541\Debug\Dashboard.a(RGB2_1.o)
 .ARM.attributes
                0x0000024f       0x31 .\CortexM0\ARM_GCC_541\Debug\Dashboard.a(RGB3_1.o)
 .ARM.attributes
                0x00000280       0x31 .\CortexM0\ARM_GCC_541\Debug\Dashboard.a(CyLib.o)
 .ARM.attributes
                0x000002b1       0x31 .\CortexM0\ARM_GCC_541\Debug\Dashboard.a(CyLFClk.o)
 .ARM.attributes
                0x000002e2       0x31 .\CortexM0\ARM_GCC_541\Debug\Dashboard.a(Buzzer.o)
 .ARM.attributes
                0x00000313       0x31 .\CortexM0\ARM_GCC_541\Debug\Dashboard.a(D_RST.o)
 .ARM.attributes
                0x00000344       0x31 .\CortexM0\ARM_GCC_541\Debug\Dashboard.a(D_BL.o)
 .ARM.attributes
                0x00000375       0x31 .\CortexM0\ARM_GCC_541\Debug\Dashboard.a(GraphicLCDIntf.o)
 .ARM.attributes
                0x000003a6       0x31 .\CortexM0\ARM_GCC_541\Debug\Dashboard.a(CAN.o)
 .ARM.attributes
                0x000003d7       0x31 .\CortexM0\ARM_GCC_541\Debug\Dashboard.a(CAN_INT.o)
 .ARM.attributes
                0x00000408       0x31 .\CortexM0\ARM_GCC_541\Debug\Dashboard.a(CAN_TX_RX_func.o)
 .ARM.attributes
                0x00000439       0x31 .\CortexM0\ARM_GCC_541\Debug\Dashboard.a(IMD_LED.o)
 .ARM.attributes
                0x0000046a       0x31 .\CortexM0\ARM_GCC_541\Debug\Dashboard.a(BMS_LED.o)
 .ARM.attributes
                0x0000049b       0x31 .\CortexM0\ARM_GCC_541\Debug\Dashboard.a(ADC_GLV_V.o)
 .ARM.attributes
                0x000004cc       0x31 .\CortexM0\ARM_GCC_541\Debug\Dashboard.a(ADC_GLV_V_INT.o)
 .ARM.attributes
                0x000004fd       0x31 .\CortexM0\ARM_GCC_541\Debug\Dashboard.a(HV.o)
 .ARM.attributes
                0x0000052e       0x31 .\CortexM0\ARM_GCC_541\Debug\Dashboard.a(Drive.o)
 .ARM.attributes
                0x0000055f       0x31 .\CortexM0\ARM_GCC_541\Debug\Dashboard.a(ReadyToDrive_Timer.o)
 .ARM.attributes
                0x00000590       0x31 .\CortexM0\ARM_GCC_541\Debug\Dashboard.a(ReadyToDrive_Int.o)
 .ARM.attributes
                0x000005c1       0x21 .\CortexM0\ARM_GCC_541\Debug\Dashboard.a(CyBootAsmGnu.o)
 .ARM.attributes
                0x000005e2       0x31 .\CortexM0\ARM_GCC_541\Debug\Dashboard.a(CyFlash.o)
 .ARM.attributes
                0x00000613       0x1e c:/program files (x86)/cypress/psoc creator/4.4/psoc creator/import/gnu/arm/5.4.1/bin/../lib/gcc/arm-none-eabi/5.4.1/armv6-m\libgcc.a(_thumb1_case_uqi.o)
 .ARM.attributes
                0x00000631       0x1e c:/program files (x86)/cypress/psoc creator/4.4/psoc creator/import/gnu/arm/5.4.1/bin/../lib/gcc/arm-none-eabi/5.4.1/armv6-m\libgcc.a(_udivsi3.o)
 .ARM.attributes
                0x0000064f       0x1e c:/program files (x86)/cypress/psoc creator/4.4/psoc creator/import/gnu/arm/5.4.1/bin/../lib/gcc/arm-none-eabi/5.4.1/armv6-m\libgcc.a(_divsi3.o)
 .ARM.attributes
                0x0000066d       0x1e c:/program files (x86)/cypress/psoc creator/4.4/psoc creator/import/gnu/arm/5.4.1/bin/../lib/gcc/arm-none-eabi/5.4.1/armv6-m\libgcc.a(_dvmd_tls.o)
 .ARM.attributes
                0x0000068b       0x1e c:/program files (x86)/cypress/psoc creator/4.4/psoc creator/import/gnu/arm/5.4.1/bin/../lib/gcc/arm-none-eabi/5.4.1/armv6-m\libgcc.a(_aeabi_ldivmod.o)
 .ARM.attributes
                0x000006a9       0x2c c:/program files (x86)/cypress/psoc creator/4.4/psoc creator/import/gnu/arm/5.4.1/bin/../lib/gcc/arm-none-eabi/5.4.1/armv6-m\libgcc.a(_muldi3.o)
 .ARM.attributes
                0x000006d5       0x2c c:/program files (x86)/cypress/psoc creator/4.4/psoc creator/import/gnu/arm/5.4.1/bin/../lib/gcc/arm-none-eabi/5.4.1/armv6-m\libgcc.a(bpabi.o)
 .ARM.attributes
                0x00000701       0x2c c:/program files (x86)/cypress/psoc creator/4.4/psoc creator/import/gnu/arm/5.4.1/bin/../lib/gcc/arm-none-eabi/5.4.1/armv6-m\libgcc.a(divsf3.o)
 .ARM.attributes
                0x0000072d       0x2c c:/program files (x86)/cypress/psoc creator/4.4/psoc creator/import/gnu/arm/5.4.1/bin/../lib/gcc/arm-none-eabi/5.4.1/armv6-m\libgcc.a(mulsf3.o)
 .ARM.attributes
                0x00000759       0x2c c:/program files (x86)/cypress/psoc creator/4.4/psoc creator/import/gnu/arm/5.4.1/bin/../lib/gcc/arm-none-eabi/5.4.1/armv6-m\libgcc.a(floatsisf.o)
 .ARM.attributes
                0x00000785       0x1e c:/program files (x86)/cypress/psoc creator/4.4/psoc creator/import/gnu/arm/5.4.1/bin/../lib/gcc/arm-none-eabi/5.4.1/armv6-m\libgcc.a(_clzsi2.o)
 .ARM.attributes
                0x000007a3       0x2c c:/program files (x86)/cypress/psoc creator/4.4/psoc creator/import/gnu/arm/5.4.1/bin/../lib/gcc/arm-none-eabi/5.4.1/armv6-m\libgcc.a(_divdi3.o)
 .ARM.attributes
                0x000007cf       0x1e c:/program files (x86)/cypress/psoc creator/4.4/psoc creator/import/gnu/arm/5.4.1/bin/../lib/gcc/arm-none-eabi/5.4.1/armv6-m\libgcc.a(_clzdi2.o)
 .ARM.attributes
                0x000007ed       0x2c c:/program files (x86)/cypress/psoc creator/4.4/psoc creator/import/gnu/arm/5.4.1/bin/../lib/gcc/arm-none-eabi/5.4.1/../../../../arm-none-eabi/lib/armv6-m\libg_nano.a(lib_a-errno.o)
 .ARM.attributes
                0x00000819       0x2c c:/program files (x86)/cypress/psoc creator/4.4/psoc creator/import/gnu/arm/5.4.1/bin/../lib/gcc/arm-none-eabi/5.4.1/../../../../arm-none-eabi/lib/armv6-m\libg_nano.a(lib_a-exit.o)
 .ARM.attributes
                0x00000845       0x2c c:/program files (x86)/cypress/psoc creator/4.4/psoc creator/import/gnu/arm/5.4.1/bin/../lib/gcc/arm-none-eabi/5.4.1/../../../../arm-none-eabi/lib/armv6-m\libg_nano.a(lib_a-impure.o)
 .ARM.attributes
                0x00000871       0x2c c:/program files (x86)/cypress/psoc creator/4.4/psoc creator/import/gnu/arm/5.4.1/bin/../lib/gcc/arm-none-eabi/5.4.1/../../../../arm-none-eabi/lib/armv6-m\libg_nano.a(lib_a-init.o)
 .ARM.attributes
                0x0000089d       0x2c c:/program files (x86)/cypress/psoc creator/4.4/psoc creator/import/gnu/arm/5.4.1/bin/../lib/gcc/arm-none-eabi/5.4.1/../../../../arm-none-eabi/lib/armv6-m\libg_nano.a(lib_a-memcpy-stub.o)
 .ARM.attributes
                0x000008c9       0x2c c:/program files (x86)/cypress/psoc creator/4.4/psoc creator/import/gnu/arm/5.4.1/bin/../lib/gcc/arm-none-eabi/5.4.1/../../../../arm-none-eabi/lib/armv6-m\libg_nano.a(lib_a-memset.o)
 .ARM.attributes
                0x000008f5       0x2c c:/program files (x86)/cypress/psoc creator/4.4/psoc creator/import/gnu/arm/5.4.1/bin/../lib/gcc/arm-none-eabi/5.4.1/../../../../arm-none-eabi/lib/armv6-m\libg_nano.a(lib_a-sprintf.o)
 .ARM.attributes
                0x00000921       0x2c c:/program files (x86)/cypress/psoc creator/4.4/psoc creator/import/gnu/arm/5.4.1/bin/../lib/gcc/arm-none-eabi/5.4.1/../../../../arm-none-eabi/lib/armv6-m\libg_nano.a(lib_a-nano-svfprintf.o)
 .ARM.attributes
                0x0000094d       0x2c c:/program files (x86)/cypress/psoc creator/4.4/psoc creator/import/gnu/arm/5.4.1/bin/../lib/gcc/arm-none-eabi/5.4.1/../../../../arm-none-eabi/lib/armv6-m\libg_nano.a(lib_a-nano-vfprintf_i.o)
 .ARM.attributes
                0x00000979       0x2c c:/program files (x86)/cypress/psoc creator/4.4/psoc creator/import/gnu/arm/5.4.1/bin/../lib/gcc/arm-none-eabi/5.4.1/../../../../arm-none-eabi/lib/armv6-m\libg_nano.a(lib_a-memchr-stub.o)
 .ARM.attributes
                0x000009a5       0x2c c:/program files (x86)/cypress/psoc creator/4.4/psoc creator/import/gnu/arm/5.4.1/bin/../lib/gcc/arm-none-eabi/5.4.1/../../../../arm-none-eabi/lib/armv6-m\libg_nano.a(lib_a-memmove.o)
 .ARM.attributes
                0x000009d1       0x2c c:/program files (x86)/cypress/psoc creator/4.4/psoc creator/import/gnu/arm/5.4.1/bin/../lib/gcc/arm-none-eabi/5.4.1/../../../../arm-none-eabi/lib/armv6-m\libg_nano.a(lib_a-nano-freer.o)
 .ARM.attributes
                0x000009fd       0x2c c:/program files (x86)/cypress/psoc creator/4.4/psoc creator/import/gnu/arm/5.4.1/bin/../lib/gcc/arm-none-eabi/5.4.1/../../../../arm-none-eabi/lib/armv6-m\libg_nano.a(lib_a-nano-mallocr.o)
 .ARM.attributes
                0x00000a29       0x2c c:/program files (x86)/cypress/psoc creator/4.4/psoc creator/import/gnu/arm/5.4.1/bin/../lib/gcc/arm-none-eabi/5.4.1/../../../../arm-none-eabi/lib/armv6-m\libg_nano.a(lib_a-nano-reallocr.o)
 .ARM.attributes
                0x00000a55       0x2c c:/program files (x86)/cypress/psoc creator/4.4/psoc creator/import/gnu/arm/5.4.1/bin/../lib/gcc/arm-none-eabi/5.4.1/../../../../arm-none-eabi/lib/armv6-m\libg_nano.a(lib_a-sbrkr.o)
 .ARM.attributes
                0x00000a81       0x2c c:/program files (x86)/cypress/psoc creator/4.4/psoc creator/import/gnu/arm/5.4.1/bin/../lib/gcc/arm-none-eabi/5.4.1/../../../../arm-none-eabi/lib/armv6-m\libg_nano.a(lib_a-mlock.o)
 .ARM.attributes
                0x00000aad       0x2c c:/program files (x86)/cypress/psoc creator/4.4/psoc creator/import/gnu/arm/5.4.1/bin/../lib/gcc/arm-none-eabi/5.4.1/../../../../arm-none-eabi/lib/armv6-m\libg_nano.a(lib_a-nano-msizer.o)
 .ARM.attributes
                0x00000ad9       0x2c c:/program files (x86)/cypress/psoc creator/4.4/psoc creator/import/gnu/arm/5.4.1/bin/../lib/gcc/arm-none-eabi/5.4.1/../../../../arm-none-eabi/lib/armv6-m\libg_nano.a(lib_a-reent.o)
 .ARM.attributes
                0x00000b05       0x2c c:/program files (x86)/cypress/psoc creator/4.4/psoc creator/import/gnu/arm/5.4.1/bin/../lib/gcc/arm-none-eabi/5.4.1/armv6-m/crtend.o
 .ARM.attributes
                0x00000b31       0x1e c:/program files (x86)/cypress/psoc creator/4.4/psoc creator/import/gnu/arm/5.4.1/bin/../lib/gcc/arm-none-eabi/5.4.1/armv6-m/crtn.o

/DISCARD/
 *(.note.GNU-stack)
OUTPUT(C:\Users\Melody\Desktop\Programming_Stuff\FRUCD\Dashboard-Firmware-FE10\Dashboard-Firmware-FE9\Dashboard.cydsn\CortexM0\ARM_GCC_541\Debug\Dashboard.elf elf32-littlearm)
